Archive member included to satisfy reference by file (symbol)

/Users/ateammac/.p2/pool/plugins/fr.ac6.mcu.externaltools.arm-none.macos64_1.15.0.201708311556/tools/compiler/bin/../lib/gcc/arm-none-eabi/6.3.1/thumb/v7e-m/fpv4-sp/hard/libgcc.a(_aeabi_uldivmod.o)
                              Drivers/STM32F4xx_HAL_Drivers/stm32f4xx_hal_rcc.o (__aeabi_uldivmod)
/Users/ateammac/.p2/pool/plugins/fr.ac6.mcu.externaltools.arm-none.macos64_1.15.0.201708311556/tools/compiler/bin/../lib/gcc/arm-none-eabi/6.3.1/thumb/v7e-m/fpv4-sp/hard/libgcc.a(_udivmoddi4.o)
                              /Users/ateammac/.p2/pool/plugins/fr.ac6.mcu.externaltools.arm-none.macos64_1.15.0.201708311556/tools/compiler/bin/../lib/gcc/arm-none-eabi/6.3.1/thumb/v7e-m/fpv4-sp/hard/libgcc.a(_aeabi_uldivmod.o) (__udivmoddi4)
/Users/ateammac/.p2/pool/plugins/fr.ac6.mcu.externaltools.arm-none.macos64_1.15.0.201708311556/tools/compiler/bin/../lib/gcc/arm-none-eabi/6.3.1/thumb/v7e-m/fpv4-sp/hard/libgcc.a(_dvmd_tls.o)
                              /Users/ateammac/.p2/pool/plugins/fr.ac6.mcu.externaltools.arm-none.macos64_1.15.0.201708311556/tools/compiler/bin/../lib/gcc/arm-none-eabi/6.3.1/thumb/v7e-m/fpv4-sp/hard/libgcc.a(_aeabi_uldivmod.o) (__aeabi_ldiv0)
/Users/ateammac/.p2/pool/plugins/fr.ac6.mcu.externaltools.arm-none.macos64_1.15.0.201708311556/tools/compiler/bin/../lib/gcc/arm-none-eabi/6.3.1/../../../../arm-none-eabi/lib/thumb/v7e-m/fpv4-sp/hard/libc_nano.a(lib_a-exit.o)
                              /Users/ateammac/.p2/pool/plugins/fr.ac6.mcu.externaltools.arm-none.macos64_1.15.0.201708311556/tools/compiler/bin/../lib/gcc/arm-none-eabi/6.3.1/../../../../arm-none-eabi/lib/thumb/v7e-m/fpv4-sp/hard/crt0.o (exit)
/Users/ateammac/.p2/pool/plugins/fr.ac6.mcu.externaltools.arm-none.macos64_1.15.0.201708311556/tools/compiler/bin/../lib/gcc/arm-none-eabi/6.3.1/../../../../arm-none-eabi/lib/thumb/v7e-m/fpv4-sp/hard/libc_nano.a(lib_a-impure.o)
                              /Users/ateammac/.p2/pool/plugins/fr.ac6.mcu.externaltools.arm-none.macos64_1.15.0.201708311556/tools/compiler/bin/../lib/gcc/arm-none-eabi/6.3.1/../../../../arm-none-eabi/lib/thumb/v7e-m/fpv4-sp/hard/libc_nano.a(lib_a-exit.o) (_global_impure_ptr)
/Users/ateammac/.p2/pool/plugins/fr.ac6.mcu.externaltools.arm-none.macos64_1.15.0.201708311556/tools/compiler/bin/../lib/gcc/arm-none-eabi/6.3.1/../../../../arm-none-eabi/lib/thumb/v7e-m/fpv4-sp/hard/libc_nano.a(lib_a-init.o)
                              /Users/ateammac/.p2/pool/plugins/fr.ac6.mcu.externaltools.arm-none.macos64_1.15.0.201708311556/tools/compiler/bin/../lib/gcc/arm-none-eabi/6.3.1/../../../../arm-none-eabi/lib/thumb/v7e-m/fpv4-sp/hard/crt0.o (__libc_init_array)
/Users/ateammac/.p2/pool/plugins/fr.ac6.mcu.externaltools.arm-none.macos64_1.15.0.201708311556/tools/compiler/bin/../lib/gcc/arm-none-eabi/6.3.1/../../../../arm-none-eabi/lib/thumb/v7e-m/fpv4-sp/hard/libc_nano.a(lib_a-malloc.o)
                              Middlewares/STM32_USBH_Library/Class/MSC/usbh_msc.o (malloc)
/Users/ateammac/.p2/pool/plugins/fr.ac6.mcu.externaltools.arm-none.macos64_1.15.0.201708311556/tools/compiler/bin/../lib/gcc/arm-none-eabi/6.3.1/../../../../arm-none-eabi/lib/thumb/v7e-m/fpv4-sp/hard/libc_nano.a(lib_a-memcpy-stub.o)
                              Application/User/usbh_diskio_dma.o (memcpy)
/Users/ateammac/.p2/pool/plugins/fr.ac6.mcu.externaltools.arm-none.macos64_1.15.0.201708311556/tools/compiler/bin/../lib/gcc/arm-none-eabi/6.3.1/../../../../arm-none-eabi/lib/thumb/v7e-m/fpv4-sp/hard/libc_nano.a(lib_a-memset.o)
                              /Users/ateammac/.p2/pool/plugins/fr.ac6.mcu.externaltools.arm-none.macos64_1.15.0.201708311556/tools/compiler/bin/../lib/gcc/arm-none-eabi/6.3.1/../../../../arm-none-eabi/lib/thumb/v7e-m/fpv4-sp/hard/crt0.o (memset)
/Users/ateammac/.p2/pool/plugins/fr.ac6.mcu.externaltools.arm-none.macos64_1.15.0.201708311556/tools/compiler/bin/../lib/gcc/arm-none-eabi/6.3.1/../../../../arm-none-eabi/lib/thumb/v7e-m/fpv4-sp/hard/libc_nano.a(lib_a-nano-freer.o)
                              /Users/ateammac/.p2/pool/plugins/fr.ac6.mcu.externaltools.arm-none.macos64_1.15.0.201708311556/tools/compiler/bin/../lib/gcc/arm-none-eabi/6.3.1/../../../../arm-none-eabi/lib/thumb/v7e-m/fpv4-sp/hard/libc_nano.a(lib_a-malloc.o) (_free_r)
/Users/ateammac/.p2/pool/plugins/fr.ac6.mcu.externaltools.arm-none.macos64_1.15.0.201708311556/tools/compiler/bin/../lib/gcc/arm-none-eabi/6.3.1/../../../../arm-none-eabi/lib/thumb/v7e-m/fpv4-sp/hard/libc_nano.a(lib_a-nano-mallocr.o)
                              /Users/ateammac/.p2/pool/plugins/fr.ac6.mcu.externaltools.arm-none.macos64_1.15.0.201708311556/tools/compiler/bin/../lib/gcc/arm-none-eabi/6.3.1/../../../../arm-none-eabi/lib/thumb/v7e-m/fpv4-sp/hard/libc_nano.a(lib_a-malloc.o) (_malloc_r)
[...]
Memory Configuration

Name             Origin             Length             Attributes
RAM              0x0000000020000000 0x0000000000030000 xrw
CCMRAM           0x0000000010000000 0x0000000000010000 rw
FLASH            0x0000000008000000 0x0000000000200000 xr
*default*        0x0000000000000000 0xffffffffffffffff

Linker script and memory map

LOAD /Users/ateammac/.p2/pool/plugins/fr.ac6.mcu.externaltools.arm-none.macos64_1.15.0.201708311556/tools/compiler/bin/../lib/gcc/arm-none-eabi/6.3.1/thumb/v7e-m/fpv4-sp/hard/crti.o
LOAD /Users/ateammac/.p2/pool/plugins/fr.ac6.mcu.externaltools.arm-none.macos64_1.15.0.201708311556/tools/compiler/bin/../lib/gcc/arm-none-eabi/6.3.1/thumb/v7e-m/fpv4-sp/hard/crtbegin.o
LOAD /Users/ateammac/.p2/pool/plugins/fr.ac6.mcu.externaltools.arm-none.macos64_1.15.0.201708311556/tools/compiler/bin/../lib/gcc/arm-none-eabi/6.3.1/../../../../arm-none-eabi/lib/thumb/v7e-m/fpv4-sp/hard/crt0.o
LOAD .metadata/.plugins/org.eclipse.cdt.make.core/specs.o
LOAD Application/SW4STM32/startup_stm32f429xx.o
LOAD Application/User/command.o
LOAD Application/User/flash_if.o
LOAD Application/User/iap_menu.o
LOAD Application/User/main.o
LOAD Application/User/stm32f4xx_it.o
LOAD Application/User/usbh_conf.o
LOAD Application/User/usbh_diskio_dma.o
LOAD Drivers/BSP/Components/ili9341.o
LOAD Drivers/BSP/Components/stmpe811.o
LOAD Drivers/BSP/STM32F429I_DISCO/stm32f429i_discovery.o
LOAD Drivers/CMSIS/system_stm32f4xx.o
LOAD Drivers/STM32F4xx_HAL_Drivers/stm32f4xx_hal.o
LOAD Drivers/STM32F4xx_HAL_Drivers/stm32f4xx_hal_cortex.o
LOAD Drivers/STM32F4xx_HAL_Drivers/stm32f4xx_hal_dma.o
LOAD Drivers/STM32F4xx_HAL_Drivers/stm32f4xx_hal_flash.o
LOAD Drivers/STM32F4xx_HAL_Drivers/stm32f4xx_hal_flash_ex.o
LOAD Drivers/STM32F4xx_HAL_Drivers/stm32f4xx_hal_gpio.o
LOAD Drivers/STM32F4xx_HAL_Drivers/stm32f4xx_hal_hcd.o
LOAD Drivers/STM32F4xx_HAL_Drivers/stm32f4xx_hal_i2c.o
LOAD Drivers/STM32F4xx_HAL_Drivers/stm32f4xx_hal_rcc.o
LOAD Drivers/STM32F4xx_HAL_Drivers/stm32f4xx_hal_rcc_ex.o
LOAD Drivers/STM32F4xx_HAL_Drivers/stm32f4xx_hal_spi.o
LOAD Drivers/STM32F4xx_HAL_Drivers/stm32f4xx_ll_usb.o
LOAD Middlewares/FatFs/Core/diskio.o
LOAD Middlewares/FatFs/Core/ff.o
LOAD Middlewares/FatFs/Core/ff_gen_drv.o
LOAD Middlewares/STM32_USBH_Library/Class/MSC/usbh_msc.o
LOAD Middlewares/STM32_USBH_Library/Class/MSC/usbh_msc_bot.o
LOAD Middlewares/STM32_USBH_Library/Class/MSC/usbh_msc_scsi.o
LOAD Middlewares/STM32_USBH_Library/Core/usbh_core.o
LOAD Middlewares/STM32_USBH_Library/Core/usbh_ctlreq.o
LOAD Middlewares/STM32_USBH_Library/Core/usbh_ioreq.o
LOAD Middlewares/STM32_USBH_Library/Core/usbh_pipes.o
LOAD /Users/ateammac/.p2/pool/plugins/fr.ac6.mcu.externaltools.arm-none.macos64_1.15.0.201708311556/tools/compiler/bin/../lib/gcc/arm-none-eabi/6.3.1/../../../../arm-none-eabi/lib/thumb/v7e-m/fpv4-sp/hard/libm.a
START GROUP
LOAD /Users/ateammac/.p2/pool/plugins/fr.ac6.mcu.externaltools.arm-none.macos64_1.15.0.201708311556/tools/compiler/bin/../lib/gcc/arm-none-eabi/6.3.1/thumb/v7e-m/fpv4-sp/hard/libgcc.a
LOAD /Users/ateammac/.p2/pool/plugins/fr.ac6.mcu.externaltools.arm-none.macos64_1.15.0.201708311556/tools/compiler/bin/../lib/gcc/arm-none-eabi/6.3.1/../../../../arm-none-eabi/lib/thumb/v7e-m/fpv4-sp/hard/libc_nano.a
END GROUP
START GROUP
LOAD /Users/ateammac/.p2/pool/plugins/fr.ac6.mcu.externaltools.arm-none.macos64_1.15.0.201708311556/tools/compiler/bin/../lib/gcc/arm-none-eabi/6.3.1/thumb/v7e-m/fpv4-sp/hard/libgcc.a
LOAD /Users/ateammac/.p2/pool/plugins/fr.ac6.mcu.externaltools.arm-none.macos64_1.15.0.201708311556/tools/compiler/bin/../lib/gcc/arm-none-eabi/6.3.1/../../../../arm-none-eabi/lib/thumb/v7e-m/fpv4-sp/hard/libc_nano.a
LOAD /Users/ateammac/.p2/pool/plugins/fr.ac6.mcu.externaltools.arm-none.macos64_1.15.0.201708311556/tools/compiler/bin/../lib/gcc/arm-none-eabi/6.3.1/../../../../arm-none-eabi/lib/thumb/v7e-m/fpv4-sp/hard/libnosys.a
END GROUP
START GROUP
LOAD /Users/ateammac/.p2/pool/plugins/fr.ac6.mcu.externaltools.arm-none.macos64_1.15.0.201708311556/tools/compiler/bin/../lib/gcc/arm-none-eabi/6.3.1/thumb/v7e-m/fpv4-sp/hard/libgcc.a
LOAD /Users/ateammac/.p2/pool/plugins/fr.ac6.mcu.externaltools.arm-none.macos64_1.15.0.201708311556/tools/compiler/bin/../lib/gcc/arm-none-eabi/6.3.1/../../../../arm-none-eabi/lib/thumb/v7e-m/fpv4-sp/hard/libc_nano.a
LOAD /Users/ateammac/.p2/pool/plugins/fr.ac6.mcu.externaltools.arm-none.macos64_1.15.0.201708311556/tools/compiler/bin/../lib/gcc/arm-none-eabi/6.3.1/../../../../arm-none-eabi/lib/thumb/v7e-m/fpv4-sp/hard/libnosys.a
END GROUP
LOAD /Users/ateammac/.p2/pool/plugins/fr.ac6.mcu.externaltools.arm-none.macos64_1.15.0.201708311556/tools/compiler/bin/../lib/gcc/arm-none-eabi/6.3.1/thumb/v7e-m/fpv4-sp/hard/crtend.o
LOAD /Users/ateammac/.p2/pool/plugins/fr.ac6.mcu.externaltools.arm-none.macos64_1.15.0.201708311556/tools/compiler/bin/../lib/gcc/arm-none-eabi/6.3.1/thumb/v7e-m/fpv4-sp/hard/crtn.o
                0x0000000020030000                _estack = 0x20030000
                0x0000000000004000                _Min_Heap_Size = 0x4000
                0x0000000000002000                _Min_Stack_Size = 0x2000

.isr_vector     0x0000000008000000      0x1ac
                0x0000000008000000                . = ALIGN (0x4)
 *(.isr_vector)
 .isr_vector    0x0000000008000000      0x1ac Application/SW4STM32/startup_stm32f429xx.o
                0x0000000008000000                g_pfnVectors
                0x00000000080001ac                . = ALIGN (0x4)

.text           0x00000000080001ac     0x589c
                0x00000000080001ac                . = ALIGN (0x4)
 *(.text)
 .text          0x00000000080001ac       0x6c /Users/ateammac/.p2/pool/plugins/fr.ac6.mcu.externaltools.arm-none.macos64_1.15.0.201708311556/tools/compiler/bin/../lib/gcc/arm-none-eabi/6.3.1/thumb/v7e-m/fpv4-sp/hard/crtbegin.o
 .text          0x0000000008000218       0x30 /Users/ateammac/.p2/pool/plugins/fr.ac6.mcu.externaltools.arm-none.macos64_1.15.0.201708311556/tools/compiler/bin/../lib/gcc/arm-none-eabi/6.3.1/thumb/v7e-m/fpv4-sp/hard/libgcc.a(_aeabi_uldivmod.o)
                0x0000000008000218                __aeabi_uldivmod
 .text          0x0000000008000248      0x2dc /Users/ateammac/.p2/pool/plugins/fr.ac6.mcu.externaltools.arm-none.macos64_1.15.0.201708311556/tools/compiler/bin/../lib/gcc/arm-none-eabi/6.3.1/thumb/v7e-m/fpv4-sp/hard/libgcc.a(_udivmoddi4.o)
                0x0000000008000248                __udivmoddi4
 .text          0x0000000008000524        0x4 /Users/ateammac/.p2/pool/plugins/fr.ac6.mcu.externaltools.arm-none.macos64_1.15.0.201708311556/tools/compiler/bin/../lib/gcc/arm-none-eabi/6.3.1/thumb/v7e-m/fpv4-sp/hard/libgcc.a(_dvmd_tls.o)
                0x0000000008000524                __aeabi_ldiv0
                0x0000000008000524                __aeabi_idiv0
 *(.text*)
 .text.Reset_Handler
                0x0000000008000528       0x50 Application/SW4STM32/startup_stm32f429xx.o
                0x0000000008000528                Reset_Handler
 .text.Default_Handler
                0x0000000008000578        0x2 Application/SW4STM32/startup_stm32f429xx.o
                0x0000000008000578                DMA1_Stream3_IRQHandler
                0x0000000008000578                HASH_RNG_IRQHandler
                0x0000000008000578                EXTI2_IRQHandler
                0x0000000008000578                TIM8_CC_IRQHandler
                0x0000000008000578                UART8_IRQHandler
                0x0000000008000578                SPI4_IRQHandler
                0x0000000008000578                TIM1_CC_IRQHandler
                0x0000000008000578                DMA2_Stream5_IRQHandler
                0x0000000008000578                DMA1_Stream5_IRQHandler
                0x0000000008000578                PVD_IRQHandler
                0x0000000008000578                SDIO_IRQHandler
                0x0000000008000578                TAMP_STAMP_IRQHandler
                0x0000000008000578                CAN2_RX1_IRQHandler
                0x0000000008000578                EXTI3_IRQHandler
                0x0000000008000578                TIM8_TRG_COM_TIM14_IRQHandler
                0x0000000008000578                TIM1_UP_TIM10_IRQHandler
                0x0000000008000578                TIM8_UP_TIM13_IRQHandler
                0x0000000008000578                I2C3_ER_IRQHandler
                0x0000000008000578                EXTI0_IRQHandler
                0x0000000008000578                I2C2_EV_IRQHandler
                0x0000000008000578                DMA1_Stream2_IRQHandler
                0x0000000008000578                CAN1_RX0_IRQHandler
                0x0000000008000578                FPU_IRQHandler
                0x0000000008000578                OTG_HS_WKUP_IRQHandler
                0x0000000008000578                LTDC_ER_IRQHandler
                0x0000000008000578                CAN2_SCE_IRQHandler
                0x0000000008000578                DMA2_Stream2_IRQHandler
                0x0000000008000578                SPI1_IRQHandler
                0x0000000008000578                TIM6_DAC_IRQHandler
                0x0000000008000578                TIM1_BRK_TIM9_IRQHandler
                0x0000000008000578                DCMI_IRQHandler
                0x0000000008000578                CAN2_RX0_IRQHandler
                0x0000000008000578                DMA2_Stream3_IRQHandler
                0x0000000008000578                USART6_IRQHandler
                0x0000000008000578                USART3_IRQHandler
                0x0000000008000578                CAN1_RX1_IRQHandler
                0x0000000008000578                UART5_IRQHandler
                0x0000000008000578                DMA2_Stream0_IRQHandler
                0x0000000008000578                TIM4_IRQHandler
                0x0000000008000578                I2C1_EV_IRQHandler
                0x0000000008000578                DMA1_Stream6_IRQHandler
                0x0000000008000578                DMA1_Stream1_IRQHandler
                0x0000000008000578                UART4_IRQHandler
                0x0000000008000578                TIM3_IRQHandler
                0x0000000008000578                RCC_IRQHandler
                0x0000000008000578                TIM8_BRK_TIM12_IRQHandler
                0x0000000008000578                Default_Handler
                0x0000000008000578                EXTI15_10_IRQHandler
                0x0000000008000578                ADC_IRQHandler
                0x0000000008000578                DMA1_Stream7_IRQHandler
                0x0000000008000578                SPI5_IRQHandler
                0x0000000008000578                TIM7_IRQHandler
                0x0000000008000578                CAN2_TX_IRQHandler
                0x0000000008000578                TIM5_IRQHandler
                0x0000000008000578                DMA2_Stream7_IRQHandler
                0x0000000008000578                I2C3_EV_IRQHandler
                0x0000000008000578                EXTI9_5_IRQHandler
                0x0000000008000578                RTC_WKUP_IRQHandler
                0x0000000008000578                LTDC_IRQHandler
                0x0000000008000578                ETH_WKUP_IRQHandler
                0x0000000008000578                SPI2_IRQHandler
                0x0000000008000578                OTG_HS_EP1_IN_IRQHandler
                0x0000000008000578                DMA1_Stream0_IRQHandler
                0x0000000008000578                CAN1_TX_IRQHandler
                0x0000000008000578                EXTI4_IRQHandler
                0x0000000008000578                ETH_IRQHandler
                0x0000000008000578                OTG_HS_EP1_OUT_IRQHandler
                0x0000000008000578                WWDG_IRQHandler
                0x0000000008000578                SPI6_IRQHandler
                0x0000000008000578                TIM2_IRQHandler
                0x0000000008000578                OTG_FS_WKUP_IRQHandler
                0x0000000008000578                TIM1_TRG_COM_TIM11_IRQHandler
                0x0000000008000578                DMA2D_IRQHandler
                0x0000000008000578                EXTI1_IRQHandler
                0x0000000008000578                UART7_IRQHandler
                0x0000000008000578                USART2_IRQHandler
                0x0000000008000578                I2C2_ER_IRQHandler
                0x0000000008000578                DMA2_Stream1_IRQHandler
                0x0000000008000578                CAN1_SCE_IRQHandler
                0x0000000008000578                FLASH_IRQHandler
                0x0000000008000578                DMA2_Stream4_IRQHandler
                0x0000000008000578                USART1_IRQHandler
                0x0000000008000578                OTG_FS_IRQHandler
                0x0000000008000578                SPI3_IRQHandler
                0x0000000008000578                DMA1_Stream4_IRQHandler
                0x0000000008000578                I2C1_ER_IRQHandler
                0x0000000008000578                FMC_IRQHandler
                0x0000000008000578                DMA2_Stream6_IRQHandler
                0x0000000008000578                SAI1_IRQHandler
                0x0000000008000578                RTC_Alarm_IRQHandler
 *fill*         0x000000000800057a        0x2 
 .text.COMMAND_Upload
                0x000000000800057c       0xcc Application/User/command.o
                0x000000000800057c                COMMAND_Upload
 .text.COMMAND_Download
                0x0000000008000648       0xd4 Application/User/command.o
                0x0000000008000648                COMMAND_Download
 .text.COMMAND_Jump
                0x000000000800071c       0x24 Application/User/command.o
                0x000000000800071c                COMMAND_Jump
 .text.FLASH_If_FlashUnlock
                0x0000000008000740        0x4 Application/User/flash_if.o
                0x0000000008000740                FLASH_If_FlashUnlock
 .text.FLASH_If_ReadOutProtectionStatus
                0x0000000008000744       0x20 Application/User/flash_if.o
                0x0000000008000744                FLASH_If_ReadOutProtectionStatus
 .text.FLASH_If_EraseSectors
                0x0000000008000764      0x170 Application/User/flash_if.o
                0x0000000008000764                FLASH_If_EraseSectors
 .text.FLASH_If_Write
                0x00000000080008d4       0x24 Application/User/flash_if.o
                0x00000000080008d4                FLASH_If_Write
 .text.FatFs_Fail_Handler
                0x00000000080008f8       0x10 Application/User/iap_menu.o
                0x00000000080008f8                FatFs_Fail_Handler
 .text.FW_UPGRADE_Process
                0x0000000008000908      0x110 Application/User/iap_menu.o
                0x0000000008000908                FW_UPGRADE_Process
 .text.Erase_Fail_Handler
                0x0000000008000a18        0x6 Application/User/iap_menu.o
                0x0000000008000a18                Erase_Fail_Handler
 .text.Fail_Handler
                0x0000000008000a1e        0x6 Application/User/iap_menu.o
                0x0000000008000a1e                Fail_Handler
 .text.USBH_UserProcess
                0x0000000008000a24       0x50 Application/User/main.o
 .text.startup.main
                0x0000000008000a74       0xe8 Application/User/main.o
                0x0000000008000a74                main
 .text.NMI_Handler
                0x0000000008000b5c        0x2 Application/User/stm32f4xx_it.o
                0x0000000008000b5c                NMI_Handler
 .text.HardFault_Handler
                0x0000000008000b5e        0x2 Application/User/stm32f4xx_it.o
                0x0000000008000b5e                HardFault_Handler
 .text.MemManage_Handler
                0x0000000008000b60        0x2 Application/User/stm32f4xx_it.o
                0x0000000008000b60                MemManage_Handler
 .text.BusFault_Handler
                0x0000000008000b62        0x2 Application/User/stm32f4xx_it.o
                0x0000000008000b62                BusFault_Handler
 .text.UsageFault_Handler
                0x0000000008000b64        0x2 Application/User/stm32f4xx_it.o
                0x0000000008000b64                UsageFault_Handler
 .text.SVC_Handler
                0x0000000008000b66        0x2 Application/User/stm32f4xx_it.o
                0x0000000008000b66                SVC_Handler
 .text.DebugMon_Handler
                0x0000000008000b68        0x2 Application/User/stm32f4xx_it.o
                0x0000000008000b68                DebugMon_Handler
 .text.PendSV_Handler
                0x0000000008000b6a        0x2 Application/User/stm32f4xx_it.o
                0x0000000008000b6a                PendSV_Handler
 .text.SysTick_Handler
                0x0000000008000b6c        0x4 Application/User/stm32f4xx_it.o
                0x0000000008000b6c                SysTick_Handler
 .text.OTG_HS_IRQHandler
                0x0000000008000b70        0xc Application/User/stm32f4xx_it.o
                0x0000000008000b70                OTG_HS_IRQHandler
 .text.HAL_HCD_MspInit
                0x0000000008000b7c       0xbc Application/User/usbh_conf.o
                0x0000000008000b7c                HAL_HCD_MspInit
 .text.HAL_HCD_SOF_Callback
                0x0000000008000c38        0x8 Application/User/usbh_conf.o
                0x0000000008000c38                HAL_HCD_SOF_Callback
 .text.HAL_HCD_Connect_Callback
                0x0000000008000c40        0x8 Application/User/usbh_conf.o
                0x0000000008000c40                HAL_HCD_Connect_Callback
 .text.HAL_HCD_Disconnect_Callback
                0x0000000008000c48        0x8 Application/User/usbh_conf.o
                0x0000000008000c48                HAL_HCD_Disconnect_Callback
 .text.HAL_HCD_HC_NotifyURBChange_Callback
                0x0000000008000c50        0x2 Application/User/usbh_conf.o
                0x0000000008000c50                HAL_HCD_HC_NotifyURBChange_Callback
 *fill*         0x0000000008000c52        0x2 
 .text.USBH_LL_Init
                0x0000000008000c54       0x50 Application/User/usbh_conf.o
                0x0000000008000c54                USBH_LL_Init
 .text.USBH_LL_Start
                0x0000000008000ca4        0xe Application/User/usbh_conf.o
                0x0000000008000ca4                USBH_LL_Start
 .text.USBH_LL_Stop
                0x0000000008000cb2        0xe Application/User/usbh_conf.o
                0x0000000008000cb2                USBH_LL_Stop
 .text.USBH_LL_GetSpeed
                0x0000000008000cc0       0x18 Application/User/usbh_conf.o
                0x0000000008000cc0                USBH_LL_GetSpeed
 .text.USBH_LL_ResetPort
                0x0000000008000cd8        0xe Application/User/usbh_conf.o
                0x0000000008000cd8                USBH_LL_ResetPort
 .text.USBH_LL_GetLastXferSize
                0x0000000008000ce6        0x8 Application/User/usbh_conf.o
                0x0000000008000ce6                USBH_LL_GetLastXferSize
 .text.USBH_LL_OpenPipe
                0x0000000008000cee       0x22 Application/User/usbh_conf.o
                0x0000000008000cee                USBH_LL_OpenPipe
 .text.USBH_LL_ClosePipe
                0x0000000008000d10        0xe Application/User/usbh_conf.o
                0x0000000008000d10                USBH_LL_ClosePipe
 .text.USBH_LL_SubmitURB
                0x0000000008000d1e       0x26 Application/User/usbh_conf.o
                0x0000000008000d1e                USBH_LL_SubmitURB
 .text.USBH_LL_GetURBState
                0x0000000008000d44        0x8 Application/User/usbh_conf.o
                0x0000000008000d44                USBH_LL_GetURBState
 .text.USBH_LL_DriverVBUS
                0x0000000008000d4c       0x20 Application/User/usbh_conf.o
                0x0000000008000d4c                USBH_LL_DriverVBUS
 .text.USBH_LL_SetToggle
                0x0000000008000d6c       0x20 Application/User/usbh_conf.o
                0x0000000008000d6c                USBH_LL_SetToggle
 .text.USBH_LL_GetToggle
                0x0000000008000d8c       0x20 Application/User/usbh_conf.o
                0x0000000008000d8c                USBH_LL_GetToggle
 .text.USBH_Delay
                0x0000000008000dac        0x4 Application/User/usbh_conf.o
                0x0000000008000dac                USBH_Delay
 .text.USBH_initialize
                0x0000000008000db0        0x4 Application/User/usbh_diskio_dma.o
                0x0000000008000db0                USBH_initialize
 .text.USBH_status
                0x0000000008000db4       0x18 Application/User/usbh_diskio_dma.o
                0x0000000008000db4                USBH_status
 .text.USBH_read
                0x0000000008000dcc       0xa0 Application/User/usbh_diskio_dma.o
                0x0000000008000dcc                USBH_read
 .text.USBH_ioctl
                0x0000000008000e6c       0x60 Application/User/usbh_diskio_dma.o
                0x0000000008000e6c                USBH_ioctl
 .text.USBH_write
                0x0000000008000ecc       0xa8 Application/User/usbh_diskio_dma.o
                0x0000000008000ecc                USBH_write
 .text.BSP_LED_Init
                0x0000000008000f74       0x74 Drivers/BSP/STM32F429I_DISCO/stm32f429i_discovery.o
                0x0000000008000f74                BSP_LED_Init
 .text.BSP_LED_On
                0x0000000008000fe8       0x1c Drivers/BSP/STM32F429I_DISCO/stm32f429i_discovery.o
                0x0000000008000fe8                BSP_LED_On
 .text.BSP_LED_Off
                0x0000000008001004       0x1c Drivers/BSP/STM32F429I_DISCO/stm32f429i_discovery.o
                0x0000000008001004                BSP_LED_Off
 .text.BSP_LED_Toggle
                0x0000000008001020       0x1c Drivers/BSP/STM32F429I_DISCO/stm32f429i_discovery.o
                0x0000000008001020                BSP_LED_Toggle
 .text.BSP_PB_Init
                0x000000000800103c       0x78 Drivers/BSP/STM32F429I_DISCO/stm32f429i_discovery.o
                0x000000000800103c                BSP_PB_Init
 .text.BSP_PB_GetState
                0x00000000080010b4       0x18 Drivers/BSP/STM32F429I_DISCO/stm32f429i_discovery.o
                0x00000000080010b4                BSP_PB_GetState
 .text.SystemInit
                0x00000000080010cc       0x4c Drivers/CMSIS/system_stm32f4xx.o
                0x00000000080010cc                SystemInit
 .text.HAL_MspInit
                0x0000000008001118        0x2 Drivers/STM32F4xx_HAL_Drivers/stm32f4xx_hal.o
                0x0000000008001118                HAL_MspInit
 *fill*         0x000000000800111a        0x2 
 .text.HAL_InitTick
                0x000000000800111c       0x44 Drivers/STM32F4xx_HAL_Drivers/stm32f4xx_hal.o
                0x000000000800111c                HAL_InitTick
 .text.HAL_Init
                0x0000000008001160       0x34 Drivers/STM32F4xx_HAL_Drivers/stm32f4xx_hal.o
                0x0000000008001160                HAL_Init
 .text.HAL_IncTick
                0x0000000008001194       0x18 Drivers/STM32F4xx_HAL_Drivers/stm32f4xx_hal.o
                0x0000000008001194                HAL_IncTick
 .text.HAL_GetTick
                0x00000000080011ac        0xc Drivers/STM32F4xx_HAL_Drivers/stm32f4xx_hal.o
                0x00000000080011ac                HAL_GetTick
 .text.HAL_Delay
                0x00000000080011b8       0x28 Drivers/STM32F4xx_HAL_Drivers/stm32f4xx_hal.o
                0x00000000080011b8                HAL_Delay
 .text.HAL_NVIC_SetPriorityGrouping
                0x00000000080011e0       0x24 Drivers/STM32F4xx_HAL_Drivers/stm32f4xx_hal_cortex.o
                0x00000000080011e0                HAL_NVIC_SetPriorityGrouping
 .text.HAL_NVIC_SetPriority
                0x0000000008001204       0x68 Drivers/STM32F4xx_HAL_Drivers/stm32f4xx_hal_cortex.o
                0x0000000008001204                HAL_NVIC_SetPriority
 .text.HAL_NVIC_EnableIRQ
                0x000000000800126c       0x18 Drivers/STM32F4xx_HAL_Drivers/stm32f4xx_hal_cortex.o
                0x000000000800126c                HAL_NVIC_EnableIRQ
 .text.HAL_SYSTICK_Config
                0x0000000008001284       0x2c Drivers/STM32F4xx_HAL_Drivers/stm32f4xx_hal_cortex.o
                0x0000000008001284                HAL_SYSTICK_Config
 .text.FLASH_Program_DoubleWord
                0x00000000080012b0       0x28 Drivers/STM32F4xx_HAL_Drivers/stm32f4xx_hal_flash.o
 .text.FLASH_Program_Word
                0x00000000080012d8       0x24 Drivers/STM32F4xx_HAL_Drivers/stm32f4xx_hal_flash.o
 .text.FLASH_Program_HalfWord
                0x00000000080012fc       0x24 Drivers/STM32F4xx_HAL_Drivers/stm32f4xx_hal_flash.o
 .text.FLASH_SetErrorCode
                0x0000000008001320       0x8c Drivers/STM32F4xx_HAL_Drivers/stm32f4xx_hal_flash.o
 .text.HAL_FLASH_Unlock
                0x00000000080013ac       0x24 Drivers/STM32F4xx_HAL_Drivers/stm32f4xx_hal_flash.o
                0x00000000080013ac                HAL_FLASH_Unlock
 .text.FLASH_WaitForLastOperation
                0x00000000080013d0       0x54 Drivers/STM32F4xx_HAL_Drivers/stm32f4xx_hal_flash.o
                0x00000000080013d0                FLASH_WaitForLastOperation
 .text.HAL_FLASH_Program
                0x0000000008001424       0x90 Drivers/STM32F4xx_HAL_Drivers/stm32f4xx_hal_flash.o
                0x0000000008001424                HAL_FLASH_Program
 .text.FLASH_MassErase
                0x00000000080014b4       0x38 Drivers/STM32F4xx_HAL_Drivers/stm32f4xx_hal_flash_ex.o
 .text.HAL_FLASHEx_OBGetConfig
                0x00000000080014ec       0x48 Drivers/STM32F4xx_HAL_Drivers/stm32f4xx_hal_flash_ex.o
                0x00000000080014ec                HAL_FLASHEx_OBGetConfig
 .text.FLASH_Erase_Sector
                0x0000000008001534       0x50 Drivers/STM32F4xx_HAL_Drivers/stm32f4xx_hal_flash_ex.o
                0x0000000008001534                FLASH_Erase_Sector
 .text.FLASH_FlushCaches
                0x0000000008001584       0x58 Drivers/STM32F4xx_HAL_Drivers/stm32f4xx_hal_flash_ex.o
                0x0000000008001584                FLASH_FlushCaches
 .text.HAL_FLASHEx_Erase
                0x00000000080015dc       0xa4 Drivers/STM32F4xx_HAL_Drivers/stm32f4xx_hal_flash_ex.o
                0x00000000080015dc                HAL_FLASHEx_Erase
 .text.HAL_GPIO_Init
                0x0000000008001680      0x1d8 Drivers/STM32F4xx_HAL_Drivers/stm32f4xx_hal_gpio.o
                0x0000000008001680                HAL_GPIO_Init
 .text.HAL_GPIO_ReadPin
                0x0000000008001858        0xc Drivers/STM32F4xx_HAL_Drivers/stm32f4xx_hal_gpio.o
                0x0000000008001858                HAL_GPIO_ReadPin
 .text.HAL_GPIO_WritePin
                0x0000000008001864        0xa Drivers/STM32F4xx_HAL_Drivers/stm32f4xx_hal_gpio.o
                0x0000000008001864                HAL_GPIO_WritePin
 .text.HAL_GPIO_TogglePin
                0x000000000800186e        0x8 Drivers/STM32F4xx_HAL_Drivers/stm32f4xx_hal_gpio.o
                0x000000000800186e                HAL_GPIO_TogglePin
 .text.HAL_HCD_HC_Init
                0x0000000008001876       0x62 Drivers/STM32F4xx_HAL_Drivers/stm32f4xx_hal_hcd.o
                0x0000000008001876                HAL_HCD_HC_Init
 .text.HAL_HCD_HC_Halt
                0x00000000080018d8       0x24 Drivers/STM32F4xx_HAL_Drivers/stm32f4xx_hal_hcd.o
                0x00000000080018d8                HAL_HCD_HC_Halt
 .text.HAL_HCD_Init
                0x00000000080018fc       0x78 Drivers/STM32F4xx_HAL_Drivers/stm32f4xx_hal_hcd.o
                0x00000000080018fc                HAL_HCD_Init
 .text.HAL_HCD_HC_SubmitRequest
                0x0000000008001974      0x100 Drivers/STM32F4xx_HAL_Drivers/stm32f4xx_hal_hcd.o
                0x0000000008001974                HAL_HCD_HC_SubmitRequest
 .text.HAL_HCD_IRQHandler
                0x0000000008001a74      0x61c Drivers/STM32F4xx_HAL_Drivers/stm32f4xx_hal_hcd.o
                0x0000000008001a74                HAL_HCD_IRQHandler
 .text.HAL_HCD_Start
                0x0000000008002090       0x2c Drivers/STM32F4xx_HAL_Drivers/stm32f4xx_hal_hcd.o
                0x0000000008002090                HAL_HCD_Start
 .text.HAL_HCD_Stop
                0x00000000080020bc       0x24 Drivers/STM32F4xx_HAL_Drivers/stm32f4xx_hal_hcd.o
                0x00000000080020bc                HAL_HCD_Stop
 .text.HAL_HCD_ResetPort
                0x00000000080020e0        0x6 Drivers/STM32F4xx_HAL_Drivers/stm32f4xx_hal_hcd.o
                0x00000000080020e0                HAL_HCD_ResetPort
 .text.HAL_HCD_HC_GetURBState
                0x00000000080020e6        0xc Drivers/STM32F4xx_HAL_Drivers/stm32f4xx_hal_hcd.o
                0x00000000080020e6                HAL_HCD_HC_GetURBState
 .text.HAL_HCD_HC_GetXferCount
                0x00000000080020f2        0xa Drivers/STM32F4xx_HAL_Drivers/stm32f4xx_hal_hcd.o
                0x00000000080020f2                HAL_HCD_HC_GetXferCount
 .text.HAL_HCD_GetCurrentFrame
                0x00000000080020fc        0x6 Drivers/STM32F4xx_HAL_Drivers/stm32f4xx_hal_hcd.o
                0x00000000080020fc                HAL_HCD_GetCurrentFrame
 .text.HAL_HCD_GetCurrentSpeed
                0x0000000008002102        0x6 Drivers/STM32F4xx_HAL_Drivers/stm32f4xx_hal_hcd.o
                0x0000000008002102                HAL_HCD_GetCurrentSpeed
 .text.HAL_RCC_OscConfig
                0x0000000008002108      0x304 Drivers/STM32F4xx_HAL_Drivers/stm32f4xx_hal_rcc.o
                0x0000000008002108                HAL_RCC_OscConfig
 .text.HAL_RCC_GetSysClockFreq
                0x000000000800240c       0x5c Drivers/STM32F4xx_HAL_Drivers/stm32f4xx_hal_rcc.o
                0x000000000800240c                HAL_RCC_GetSysClockFreq
 .text.HAL_RCC_ClockConfig
                0x0000000008002468      0x134 Drivers/STM32F4xx_HAL_Drivers/stm32f4xx_hal_rcc.o
                0x0000000008002468                HAL_RCC_ClockConfig
 .text.USB_CoreInit
                0x000000000800259c       0x74 Drivers/STM32F4xx_HAL_Drivers/stm32f4xx_ll_usb.o
                0x000000000800259c                USB_CoreInit
 .text.USB_EnableGlobalInt
                0x0000000008002610        0xc Drivers/STM32F4xx_HAL_Drivers/stm32f4xx_ll_usb.o
                0x0000000008002610                USB_EnableGlobalInt
 .text.USB_DisableGlobalInt
                0x000000000800261c        0xc Drivers/STM32F4xx_HAL_Drivers/stm32f4xx_ll_usb.o
                0x000000000800261c                USB_DisableGlobalInt
 .text.USB_SetCurrentMode
                0x0000000008002628       0x2e Drivers/STM32F4xx_HAL_Drivers/stm32f4xx_ll_usb.o
                0x0000000008002628                USB_SetCurrentMode
 *fill*         0x0000000008002656        0x2 
 .text.USB_FlushTxFifo
                0x0000000008002658       0x24 Drivers/STM32F4xx_HAL_Drivers/stm32f4xx_ll_usb.o
                0x0000000008002658                USB_FlushTxFifo
 .text.USB_FlushRxFifo
                0x000000000800267c       0x20 Drivers/STM32F4xx_HAL_Drivers/stm32f4xx_ll_usb.o
                0x000000000800267c                USB_FlushRxFifo
 .text.USB_WritePacket
                0x000000000800269c       0x28 Drivers/STM32F4xx_HAL_Drivers/stm32f4xx_ll_usb.o
                0x000000000800269c                USB_WritePacket
 .text.USB_ReadPacket
                0x00000000080026c4       0x1c Drivers/STM32F4xx_HAL_Drivers/stm32f4xx_ll_usb.o
                0x00000000080026c4                USB_ReadPacket
 .text.USB_ReadInterrupts
                0x00000000080026e0        0x8 Drivers/STM32F4xx_HAL_Drivers/stm32f4xx_ll_usb.o
                0x00000000080026e0                USB_ReadInterrupts
 .text.USB_GetMode
                0x00000000080026e8        0x8 Drivers/STM32F4xx_HAL_Drivers/stm32f4xx_ll_usb.o
                0x00000000080026e8                USB_GetMode
 .text.USB_CoreReset
                0x00000000080026f0       0x30 Drivers/STM32F4xx_HAL_Drivers/stm32f4xx_ll_usb.o
 .text.USB_HostInit
                0x0000000008002720       0xe4 Drivers/STM32F4xx_HAL_Drivers/stm32f4xx_ll_usb.o
                0x0000000008002720                USB_HostInit
 .text.USB_InitFSLSPClkSel
                0x0000000008002804       0x3a Drivers/STM32F4xx_HAL_Drivers/stm32f4xx_ll_usb.o
                0x0000000008002804                USB_InitFSLSPClkSel
 .text.USB_ResetPort
                0x000000000800283e       0x32 Drivers/STM32F4xx_HAL_Drivers/stm32f4xx_ll_usb.o
                0x000000000800283e                USB_ResetPort
 .text.USB_DriveVbus
                0x0000000008002870       0x3c Drivers/STM32F4xx_HAL_Drivers/stm32f4xx_ll_usb.o
                0x0000000008002870                USB_DriveVbus
 .text.USB_GetHostSpeed
                0x00000000080028ac       0x12 Drivers/STM32F4xx_HAL_Drivers/stm32f4xx_ll_usb.o
                0x00000000080028ac                USB_GetHostSpeed
 .text.USB_GetCurrentFrame
                0x00000000080028be        0xa Drivers/STM32F4xx_HAL_Drivers/stm32f4xx_ll_usb.o
                0x00000000080028be                USB_GetCurrentFrame
 .text.USB_HC_Init
                0x00000000080028c8       0xd8 Drivers/STM32F4xx_HAL_Drivers/stm32f4xx_ll_usb.o
                0x00000000080028c8                USB_HC_Init
 .text.USB_HC_StartXfer
                0x00000000080029a0      0x27c Drivers/STM32F4xx_HAL_Drivers/stm32f4xx_ll_usb.o
                0x00000000080029a0                USB_HC_StartXfer
 .text.USB_HC_ReadInterrupt
                0x0000000008002c1c       0x1e Drivers/STM32F4xx_HAL_Drivers/stm32f4xx_ll_usb.o
                0x0000000008002c1c                USB_HC_ReadInterrupt
 .text.USB_HC_Halt
                0x0000000008002c3a      0x1d2 Drivers/STM32F4xx_HAL_Drivers/stm32f4xx_ll_usb.o
                0x0000000008002c3a                USB_HC_Halt
 .text.USB_DoPing
                0x0000000008002e0c       0x78 Drivers/STM32F4xx_HAL_Drivers/stm32f4xx_ll_usb.o
                0x0000000008002e0c                USB_DoPing
 .text.USB_StopHost
                0x0000000008002e84      0x108 Drivers/STM32F4xx_HAL_Drivers/stm32f4xx_ll_usb.o
                0x0000000008002e84                USB_StopHost
 .text.disk_status
                0x0000000008002f8c       0x14 Middlewares/FatFs/Core/diskio.o
                0x0000000008002f8c                disk_status
 .text.disk_initialize
                0x0000000008002fa0       0x20 Middlewares/FatFs/Core/diskio.o
                0x0000000008002fa0                disk_initialize
 .text.disk_read
                0x0000000008002fc0       0x1c Middlewares/FatFs/Core/diskio.o
                0x0000000008002fc0                disk_read
 .text.disk_write
                0x0000000008002fdc       0x1c Middlewares/FatFs/Core/diskio.o
                0x0000000008002fdc                disk_write
 .text.disk_ioctl
                0x0000000008002ff8       0x1c Middlewares/FatFs/Core/diskio.o
                0x0000000008002ff8                disk_ioctl
 .text.get_fattime
                0x0000000008003014        0x4 Middlewares/FatFs/Core/diskio.o
                0x0000000008003014                get_fattime
 .text.ld_dword
                0x0000000008003018       0x10 Middlewares/FatFs/Core/ff.o
 .text.st_dword
                0x0000000008003028       0x10 Middlewares/FatFs/Core/ff.o
 .text.mem_set  0x0000000008003038        0xc Middlewares/FatFs/Core/ff.o
 .text.chk_lock
                0x0000000008003044       0x5c Middlewares/FatFs/Core/ff.o
 .text.inc_lock
                0x00000000080030a0       0x78 Middlewares/FatFs/Core/ff.o
 .text.dec_lock
                0x0000000008003118       0x30 Middlewares/FatFs/Core/ff.o
 .text.clust2sect
                0x0000000008003148       0x16 Middlewares/FatFs/Core/ff.o
 .text.clmt_clust
                0x000000000800315e       0x22 Middlewares/FatFs/Core/ff.o
 .text.get_ldnumber
                0x0000000008003180       0x3a Middlewares/FatFs/Core/ff.o
 .text.validate
                0x00000000080031ba       0x36 Middlewares/FatFs/Core/ff.o
 .text.mem_cpy.part.0
                0x00000000080031f0       0x12 Middlewares/FatFs/Core/ff.o
 .text.ld_clust.isra.1
                0x0000000008003202       0x1c Middlewares/FatFs/Core/ff.o
 .text.st_clust.isra.2
                0x000000000800321e       0x18 Middlewares/FatFs/Core/ff.o
 .text.sync_window.part.4
                0x0000000008003236       0x46 Middlewares/FatFs/Core/ff.o
 .text.sync_window
                0x000000000800327c        0xc Middlewares/FatFs/Core/ff.o
 .text.sync_fs  0x0000000008003288       0x96 Middlewares/FatFs/Core/ff.o
 .text.move_window
                0x000000000800331e       0x36 Middlewares/FatFs/Core/ff.o
 .text.check_fs
                0x0000000008003354       0x80 Middlewares/FatFs/Core/ff.o
 .text.find_volume
                0x00000000080033d4      0x2c8 Middlewares/FatFs/Core/ff.o
 .text.put_fat  0x000000000800369c       0xf8 Middlewares/FatFs/Core/ff.o
 .text.get_fat.isra.8
                0x0000000008003794       0xb4 Middlewares/FatFs/Core/ff.o
 .text.create_chain
                0x0000000008003848       0xb0 Middlewares/FatFs/Core/ff.o
 .text.remove_chain
                0x00000000080038f8       0x6c Middlewares/FatFs/Core/ff.o
 .text.dir_sdi.constprop.11
                0x0000000008003964       0x66 Middlewares/FatFs/Core/ff.o
 .text.dir_next
                0x00000000080039ca       0xf2 Middlewares/FatFs/Core/ff.o
 .text.follow_path
                0x0000000008003abc      0x188 Middlewares/FatFs/Core/ff.o
 .text.dir_read.constprop.9
                0x0000000008003c44       0x54 Middlewares/FatFs/Core/ff.o
 .text.dir_register
                0x0000000008003c98       0x62 Middlewares/FatFs/Core/ff.o
 *fill*         0x0000000008003cfa        0x2 
 .text.f_mount  0x0000000008003cfc       0x64 Middlewares/FatFs/Core/ff.o
                0x0000000008003cfc                f_mount
 .text.f_open   0x0000000008003d60      0x224 Middlewares/FatFs/Core/ff.o
                0x0000000008003d60                f_open
 .text.f_read   0x0000000008003f84      0x15a Middlewares/FatFs/Core/ff.o
                0x0000000008003f84                f_read
 .text.f_write  0x00000000080040de      0x18a Middlewares/FatFs/Core/ff.o
                0x00000000080040de                f_write
 .text.f_sync   0x0000000008004268       0x90 Middlewares/FatFs/Core/ff.o
                0x0000000008004268                f_sync
 .text.f_close  0x00000000080042f8       0x22 Middlewares/FatFs/Core/ff.o
                0x00000000080042f8                f_close
 .text.f_unlink
                0x000000000800431a       0xa4 Middlewares/FatFs/Core/ff.o
                0x000000000800431a                f_unlink
 *fill*         0x00000000080043be        0x2 
 .text.FATFS_LinkDriverEx
                0x00000000080043c0       0x44 Middlewares/FatFs/Core/ff_gen_drv.o
                0x00000000080043c0                FATFS_LinkDriverEx
 .text.FATFS_LinkDriver
                0x0000000008004404        0x6 Middlewares/FatFs/Core/ff_gen_drv.o
                0x0000000008004404                FATFS_LinkDriver
 *fill*         0x000000000800440a        0x2 
 .text.FATFS_UnLinkDriverEx
                0x000000000800440c       0x30 Middlewares/FatFs/Core/ff_gen_drv.o
                0x000000000800440c                FATFS_UnLinkDriverEx
 .text.FATFS_UnLinkDriver
                0x000000000800443c        0x6 Middlewares/FatFs/Core/ff_gen_drv.o
                0x000000000800443c                FATFS_UnLinkDriver
 .text.USBH_MSC_SOFProcess
                0x0000000008004442        0x4 Middlewares/STM32_USBH_Library/Class/MSC/usbh_msc.o
 .text.USBH_MSC_Process
                0x0000000008004446      0x1c4 Middlewares/STM32_USBH_Library/Class/MSC/usbh_msc.o
 .text.USBH_MSC_ClassRequest
                0x000000000800460a       0x66 Middlewares/STM32_USBH_Library/Class/MSC/usbh_msc.o
 .text.USBH_MSC_InterfaceDeInit
                0x0000000008004670       0x4c Middlewares/STM32_USBH_Library/Class/MSC/usbh_msc.o
 .text.USBH_MSC_InterfaceInit
                0x00000000080046bc       0xfa Middlewares/STM32_USBH_Library/Class/MSC/usbh_msc.o
 .text.USBH_MSC_RdWrProcess
                0x00000000080047b6       0x76 Middlewares/STM32_USBH_Library/Class/MSC/usbh_msc.o
 .text.USBH_MSC_IsReady
                0x000000000800482c       0x1a Middlewares/STM32_USBH_Library/Class/MSC/usbh_msc.o
                0x000000000800482c                USBH_MSC_IsReady
 .text.USBH_MSC_UnitIsReady
                0x0000000008004846       0x22 Middlewares/STM32_USBH_Library/Class/MSC/usbh_msc.o
                0x0000000008004846                USBH_MSC_UnitIsReady
 .text.USBH_MSC_GetLUNInfo
                0x0000000008004868       0x30 Middlewares/STM32_USBH_Library/Class/MSC/usbh_msc.o
                0x0000000008004868                USBH_MSC_GetLUNInfo
 .text.USBH_MSC_Read
                0x0000000008004898       0x86 Middlewares/STM32_USBH_Library/Class/MSC/usbh_msc.o
                0x0000000008004898                USBH_MSC_Read
 .text.USBH_MSC_Write
                0x000000000800491e       0x86 Middlewares/STM32_USBH_Library/Class/MSC/usbh_msc.o
                0x000000000800491e                USBH_MSC_Write
 .text.USBH_MSC_BOT_REQ_Reset
                0x00000000080049a4       0x16 Middlewares/STM32_USBH_Library/Class/MSC/usbh_msc_bot.o
                0x00000000080049a4                USBH_MSC_BOT_REQ_Reset
 .text.USBH_MSC_BOT_REQ_GetMaxLUN
                0x00000000080049ba       0x16 Middlewares/STM32_USBH_Library/Class/MSC/usbh_msc_bot.o
                0x00000000080049ba                USBH_MSC_BOT_REQ_GetMaxLUN
 .text.USBH_MSC_BOT_Init
                0x00000000080049d0       0x24 Middlewares/STM32_USBH_Library/Class/MSC/usbh_msc_bot.o
                0x00000000080049d0                USBH_MSC_BOT_Init
 .text.USBH_MSC_BOT_Process
                0x00000000080049f4      0x1dc Middlewares/STM32_USBH_Library/Class/MSC/usbh_msc_bot.o
                0x00000000080049f4                USBH_MSC_BOT_Process
 .text.USBH_MSC_SCSI_TestUnitReady
                0x0000000008004bd0       0x4c Middlewares/STM32_USBH_Library/Class/MSC/usbh_msc_scsi.o
                0x0000000008004bd0                USBH_MSC_SCSI_TestUnitReady
 .text.USBH_MSC_SCSI_ReadCapacity
                0x0000000008004c1c       0x7e Middlewares/STM32_USBH_Library/Class/MSC/usbh_msc_scsi.o
                0x0000000008004c1c                USBH_MSC_SCSI_ReadCapacity
 .text.USBH_MSC_SCSI_Inquiry
                0x0000000008004c9a       0xd4 Middlewares/STM32_USBH_Library/Class/MSC/usbh_msc_scsi.o
                0x0000000008004c9a                USBH_MSC_SCSI_Inquiry
 .text.USBH_MSC_SCSI_RequestSense
                0x0000000008004d6e       0x92 Middlewares/STM32_USBH_Library/Class/MSC/usbh_msc_scsi.o
                0x0000000008004d6e                USBH_MSC_SCSI_RequestSense
 .text.USBH_MSC_SCSI_Write
                0x0000000008004e00       0x88 Middlewares/STM32_USBH_Library/Class/MSC/usbh_msc_scsi.o
                0x0000000008004e00                USBH_MSC_SCSI_Write
 .text.USBH_MSC_SCSI_Read
                0x0000000008004e88       0x8a Middlewares/STM32_USBH_Library/Class/MSC/usbh_msc_scsi.o
                0x0000000008004e88                USBH_MSC_SCSI_Read
 .text.DeInitStateMachine
                0x0000000008004f12       0x44 Middlewares/STM32_USBH_Library/Core/usbh_core.o
 .text.USBH_Init
                0x0000000008004f56       0x2e Middlewares/STM32_USBH_Library/Core/usbh_core.o
                0x0000000008004f56                USBH_Init
 .text.USBH_RegisterClass
                0x0000000008004f84       0x1a Middlewares/STM32_USBH_Library/Core/usbh_core.o
                0x0000000008004f84                USBH_RegisterClass
 .text.USBH_SelectInterface
                0x0000000008004f9e       0x12 Middlewares/STM32_USBH_Library/Core/usbh_core.o
                0x0000000008004f9e                USBH_SelectInterface
 .text.USBH_FindInterface
                0x0000000008004fb0       0x3a Middlewares/STM32_USBH_Library/Core/usbh_core.o
                0x0000000008004fb0                USBH_FindInterface
 .text.USBH_Start
                0x0000000008004fea       0x14 Middlewares/STM32_USBH_Library/Core/usbh_core.o
                0x0000000008004fea                USBH_Start
 .text.USBH_Process
                0x0000000008004ffe      0x234 Middlewares/STM32_USBH_Library/Core/usbh_core.o
                0x0000000008004ffe                USBH_Process
 .text.USBH_LL_SetTimer
                0x0000000008005232        0x6 Middlewares/STM32_USBH_Library/Core/usbh_core.o
                0x0000000008005232                USBH_LL_SetTimer
 .text.USBH_LL_IncTimer
                0x0000000008005238       0x1c Middlewares/STM32_USBH_Library/Core/usbh_core.o
                0x0000000008005238                USBH_LL_IncTimer
 .text.USBH_LL_Connect
                0x0000000008005254       0x26 Middlewares/STM32_USBH_Library/Core/usbh_core.o
                0x0000000008005254                USBH_LL_Connect
 .text.USBH_LL_Disconnect
                0x000000000800527a       0x38 Middlewares/STM32_USBH_Library/Core/usbh_core.o
                0x000000000800527a                USBH_LL_Disconnect
 .text.USBH_CtlReq
                0x00000000080052b2      0x17a Middlewares/STM32_USBH_Library/Core/usbh_ctlreq.o
                0x00000000080052b2                USBH_CtlReq
 .text.USBH_GetDescriptor
                0x000000000800542c       0x38 Middlewares/STM32_USBH_Library/Core/usbh_ctlreq.o
                0x000000000800542c                USBH_GetDescriptor
 .text.USBH_Get_DevDesc
                0x0000000008005464       0xaa Middlewares/STM32_USBH_Library/Core/usbh_ctlreq.o
                0x0000000008005464                USBH_Get_DevDesc
 .text.USBH_Get_CfgDesc
                0x000000000800550e      0x12e Middlewares/STM32_USBH_Library/Core/usbh_ctlreq.o
                0x000000000800550e                USBH_Get_CfgDesc
 .text.USBH_Get_StringDesc
                0x000000000800563c       0x4a Middlewares/STM32_USBH_Library/Core/usbh_ctlreq.o
                0x000000000800563c                USBH_Get_StringDesc
 .text.USBH_SetAddress
                0x0000000008005686       0x1c Middlewares/STM32_USBH_Library/Core/usbh_ctlreq.o
                0x0000000008005686                USBH_SetAddress
 .text.USBH_SetCfg
                0x00000000080056a2       0x1c Middlewares/STM32_USBH_Library/Core/usbh_ctlreq.o
                0x00000000080056a2                USBH_SetCfg
 .text.USBH_ClrFeature
                0x00000000080056be       0x1c Middlewares/STM32_USBH_Library/Core/usbh_ctlreq.o
                0x00000000080056be                USBH_ClrFeature
 .text.USBH_CtlSendSetup
                0x00000000080056da       0x22 Middlewares/STM32_USBH_Library/Core/usbh_ioreq.o
                0x00000000080056da                USBH_CtlSendSetup
 .text.USBH_CtlSendData
                0x00000000080056fc       0x2e Middlewares/STM32_USBH_Library/Core/usbh_ioreq.o
                0x00000000080056fc                USBH_CtlSendData
 .text.USBH_CtlReceiveData
                0x000000000800572a       0x20 Middlewares/STM32_USBH_Library/Core/usbh_ioreq.o
                0x000000000800572a                USBH_CtlReceiveData
 .text.USBH_BulkSendData
                0x000000000800574a       0x2e Middlewares/STM32_USBH_Library/Core/usbh_ioreq.o
                0x000000000800574a                USBH_BulkSendData
 .text.USBH_BulkReceiveData
                0x0000000008005778       0x20 Middlewares/STM32_USBH_Library/Core/usbh_ioreq.o
                0x0000000008005778                USBH_BulkReceiveData
 .text.USBH_OpenPipe
                0x0000000008005798       0x1e Middlewares/STM32_USBH_Library/Core/usbh_pipes.o
                0x0000000008005798                USBH_OpenPipe
 .text.USBH_ClosePipe
                0x00000000080057b6        0xa Middlewares/STM32_USBH_Library/Core/usbh_pipes.o
                0x00000000080057b6                USBH_ClosePipe
 .text.USBH_AllocPipe
                0x00000000080057c0       0x30 Middlewares/STM32_USBH_Library/Core/usbh_pipes.o
                0x00000000080057c0                USBH_AllocPipe
 .text.USBH_FreePipe
                0x00000000080057f0       0x18 Middlewares/STM32_USBH_Library/Core/usbh_pipes.o
                0x00000000080057f0                USBH_FreePipe
 .text.__libc_init_array
                0x0000000008005808       0x48 /Users/ateammac/.p2/pool/plugins/fr.ac6.mcu.externaltools.arm-none.macos64_1.15.0.201708311556/tools/compiler/bin/../lib/gcc/arm-none-eabi/6.3.1/../../../../arm-none-eabi/lib/thumb/v7e-m/fpv4-sp/hard/libc_nano.a(lib_a-init.o)
                0x0000000008005808                __libc_init_array
 .text.malloc   0x0000000008005850       0x10 /Users/ateammac/.p2/pool/plugins/fr.ac6.mcu.externaltools.arm-none.macos64_1.15.0.201708311556/tools/compiler/bin/../lib/gcc/arm-none-eabi/6.3.1/../../../../arm-none-eabi/lib/thumb/v7e-m/fpv4-sp/hard/libc_nano.a(lib_a-malloc.o)
                0x0000000008005850                malloc
 .text.free     0x0000000008005860       0x10 /Users/ateammac/.p2/pool/plugins/fr.ac6.mcu.externaltools.arm-none.macos64_1.15.0.201708311556/tools/compiler/bin/../lib/gcc/arm-none-eabi/6.3.1/../../../../arm-none-eabi/lib/thumb/v7e-m/fpv4-sp/hard/libc_nano.a(lib_a-malloc.o)
                0x0000000008005860                free
 .text.memcpy   0x0000000008005870       0x16 /Users/ateammac/.p2/pool/plugins/fr.ac6.mcu.externaltools.arm-none.macos64_1.15.0.201708311556/tools/compiler/bin/../lib/gcc/arm-none-eabi/6.3.1/../../../../arm-none-eabi/lib/thumb/v7e-m/fpv4-sp/hard/libc_nano.a(lib_a-memcpy-stub.o)
                0x0000000008005870                memcpy
 .text.memset   0x0000000008005886       0x10 /Users/ateammac/.p2/pool/plugins/fr.ac6.mcu.externaltools.arm-none.macos64_1.15.0.201708311556/tools/compiler/bin/../lib/gcc/arm-none-eabi/6.3.1/../../../../arm-none-eabi/lib/thumb/v7e-m/fpv4-sp/hard/libc_nano.a(lib_a-memset.o)
                0x0000000008005886                memset
 *fill*         0x0000000008005896        0x2 
 .text._free_r  0x0000000008005898       0x9c /Users/ateammac/.p2/pool/plugins/fr.ac6.mcu.externaltools.arm-none.macos64_1.15.0.201708311556/tools/compiler/bin/../lib/gcc/arm-none-eabi/6.3.1/../../../../arm-none-eabi/lib/thumb/v7e-m/fpv4-sp/hard/libc_nano.a(lib_a-nano-freer.o)
                0x0000000008005898                _free_r
 .text._malloc_r
                0x0000000008005934       0xbc /Users/ateammac/.p2/pool/plugins/fr.ac6.mcu.externaltools.arm-none.macos64_1.15.0.201708311556/tools/compiler/bin/../lib/gcc/arm-none-eabi/6.3.1/../../../../arm-none-eabi/lib/thumb/v7e-m/fpv4-sp/hard/libc_nano.a(lib_a-nano-mallocr.o)
                0x0000000008005934                _malloc_r
 .text._sbrk_r  0x00000000080059f0       0x20 /Users/ateammac/.p2/pool/plugins/fr.ac6.mcu.externaltools.arm-none.macos64_1.15.0.201708311556/tools/compiler/bin/../lib/gcc/arm-none-eabi/6.3.1/../../../../arm-none-eabi/lib/thumb/v7e-m/fpv4-sp/hard/libc_nano.a(lib_a-sbrkr.o)
                0x00000000080059f0                _sbrk_r
 .text.__malloc_lock
                0x0000000008005a10        0x2 /Users/ateammac/.p2/pool/plugins/fr.ac6.mcu.externaltools.arm-none.macos64_1.15.0.201708311556/tools/compiler/bin/../lib/gcc/arm-none-eabi/6.3.1/../../../../arm-none-eabi/lib/thumb/v7e-m/fpv4-sp/hard/libc_nano.a(lib_a-mlock.o)
                0x0000000008005a10                __malloc_lock
 .text.__malloc_unlock
                0x0000000008005a12        0x2 /Users/ateammac/.p2/pool/plugins/fr.ac6.mcu.externaltools.arm-none.macos64_1.15.0.201708311556/tools/compiler/bin/../lib/gcc/arm-none-eabi/6.3.1/../../../../arm-none-eabi/lib/thumb/v7e-m/fpv4-sp/hard/libc_nano.a(lib_a-mlock.o)
                0x0000000008005a12                __malloc_unlock
 .text._sbrk    0x0000000008005a14       0x1c /Users/ateammac/.p2/pool/plugins/fr.ac6.mcu.externaltools.arm-none.macos64_1.15.0.201708311556/tools/compiler/bin/../lib/gcc/arm-none-eabi/6.3.1/../../../../arm-none-eabi/lib/thumb/v7e-m/fpv4-sp/hard/libnosys.a(sbrk.o)
                0x0000000008005a14                _sbrk
 *(.glue_7)
 .glue_7        0x0000000008005a30        0x0 linker stubs
 *(.glue_7t)
 .glue_7t       0x0000000008005a30        0x0 linker stubs
 *(.eh_frame)
 .eh_frame      0x0000000008005a30        0x0 /Users/ateammac/.p2/pool/plugins/fr.ac6.mcu.externaltools.arm-none.macos64_1.15.0.201708311556/tools/compiler/bin/../lib/gcc/arm-none-eabi/6.3.1/thumb/v7e-m/fpv4-sp/hard/crtbegin.o
 *(.init)
 .init          0x0000000008005a30        0x4 /Users/ateammac/.p2/pool/plugins/fr.ac6.mcu.externaltools.arm-none.macos64_1.15.0.201708311556/tools/compiler/bin/../lib/gcc/arm-none-eabi/6.3.1/thumb/v7e-m/fpv4-sp/hard/crti.o
                0x0000000008005a30                _init
 .init          0x0000000008005a34        0x8 /Users/ateammac/.p2/pool/plugins/fr.ac6.mcu.externaltools.arm-none.macos64_1.15.0.201708311556/tools/compiler/bin/../lib/gcc/arm-none-eabi/6.3.1/thumb/v7e-m/fpv4-sp/hard/crtn.o
 *(.fini)
 .fini          0x0000000008005a3c        0x4 /Users/ateammac/.p2/pool/plugins/fr.ac6.mcu.externaltools.arm-none.macos64_1.15.0.201708311556/tools/compiler/bin/../lib/gcc/arm-none-eabi/6.3.1/thumb/v7e-m/fpv4-sp/hard/crti.o
                0x0000000008005a3c                _fini
 .fini          0x0000000008005a40        0x8 /Users/ateammac/.p2/pool/plugins/fr.ac6.mcu.externaltools.arm-none.macos64_1.15.0.201708311556/tools/compiler/bin/../lib/gcc/arm-none-eabi/6.3.1/thumb/v7e-m/fpv4-sp/hard/crtn.o
                0x0000000008005a48                . = ALIGN (0x4)
                0x0000000008005a48                _etext = .

.vfp11_veneer   0x0000000008005a48        0x0
 .vfp11_veneer  0x0000000008005a48        0x0 linker stubs

.v4_bx          0x0000000008005a48        0x0
 .v4_bx         0x0000000008005a48        0x0 linker stubs

.iplt           0x0000000008005a48        0x0
 .iplt          0x0000000008005a48        0x0 /Users/ateammac/.p2/pool/plugins/fr.ac6.mcu.externaltools.arm-none.macos64_1.15.0.201708311556/tools/compiler/bin/../lib/gcc/arm-none-eabi/6.3.1/thumb/v7e-m/fpv4-sp/hard/crtbegin.o

.rodata         0x0000000008005a48      0x130
                0x0000000008005a48                . = ALIGN (0x4)
 *(.rodata)
 .rodata        0x0000000008005a48       0x14 Application/User/usbh_diskio_dma.o
                0x0000000008005a48                USBH_Driver
 .rodata        0x0000000008005a5c        0x8 Drivers/BSP/STM32F429I_DISCO/stm32f429i_discovery.o
                0x0000000008005a5c                GPIO_PIN
                0x0000000008005a60                BUTTON_IRQn
                0x0000000008005a62                BUTTON_PIN
 .rodata        0x0000000008005a64       0x18 Drivers/CMSIS/system_stm32f4xx.o
                0x0000000008005a64                AHBPrescTable
                0x0000000008005a74                APBPrescTable
 .rodata        0x0000000008005a7c       0x9c Middlewares/FatFs/Core/ff.o
 *(.rodata*)
 .rodata.str1.1
                0x0000000008005b18       0x19 Application/User/command.o
 .rodata.str1.1
                0x0000000008005b31       0x19 Application/User/iap_menu.o
                                          0x1 (size before relaxing)
 .rodata.str1.1
                0x0000000008005b31        0x1 Application/User/main.o
 .rodata.str1.1
                0x0000000008005b31       0x43 Middlewares/FatFs/Core/ff.o
 .rodata.str1.1
                0x0000000008005b74        0x4 Middlewares/STM32_USBH_Library/Class/MSC/usbh_msc.o
                0x0000000008005b78                . = ALIGN (0x4)

.ARM.extab
 *(.ARM.extab* .gnu.linkonce.armextab.*)

.ARM            0x0000000008005b78        0x8
                0x0000000008005b78                __exidx_start = .
 *(.ARM.exidx*)
 .ARM.exidx     0x0000000008005b78        0x8 /Users/ateammac/.p2/pool/plugins/fr.ac6.mcu.externaltools.arm-none.macos64_1.15.0.201708311556/tools/compiler/bin/../lib/gcc/arm-none-eabi/6.3.1/thumb/v7e-m/fpv4-sp/hard/libgcc.a(_udivmoddi4.o)
                0x0000000008005b80                __exidx_end = .

.rel.dyn        0x0000000008005b80        0x0
 .rel.iplt      0x0000000008005b80        0x0 /Users/ateammac/.p2/pool/plugins/fr.ac6.mcu.externaltools.arm-none.macos64_1.15.0.201708311556/tools/compiler/bin/../lib/gcc/arm-none-eabi/6.3.1/thumb/v7e-m/fpv4-sp/hard/crtbegin.o

.preinit_array  0x0000000008005b80        0x0
                0x0000000008005b80                PROVIDE (__preinit_array_start, .)
 *(.preinit_array*)
                0x0000000008005b80                PROVIDE (__preinit_array_end, .)

.init_array     0x0000000008005b80        0x4
                0x0000000008005b80                PROVIDE (__init_array_start, .)
 *(SORT(.init_array.*))
 *(.init_array*)
 .init_array    0x0000000008005b80        0x4 /Users/ateammac/.p2/pool/plugins/fr.ac6.mcu.externaltools.arm-none.macos64_1.15.0.201708311556/tools/compiler/bin/../lib/gcc/arm-none-eabi/6.3.1/thumb/v7e-m/fpv4-sp/hard/crtbegin.o
                0x0000000008005b84                PROVIDE (__init_array_end, .)

.fini_array     0x0000000008005b84        0x4
                [!provide]                        PROVIDE (__fini_array_start, .)
 *(SORT(.fini_array.*))
 *(.fini_array*)
 .fini_array    0x0000000008005b84        0x4 /Users/ateammac/.p2/pool/plugins/fr.ac6.mcu.externaltools.arm-none.macos64_1.15.0.201708311556/tools/compiler/bin/../lib/gcc/arm-none-eabi/6.3.1/thumb/v7e-m/fpv4-sp/hard/crtbegin.o
                [!provide]                        PROVIDE (__fini_array_end, .)
                0x0000000008005b88                _sidata = LOADADDR (.data)

.data           0x0000000020000000       0xac load address 0x0000000008005b88
                0x0000000020000000                . = ALIGN (0x4)
                0x0000000020000000                _sdata = .
 *(.data)
 .data          0x0000000020000000        0x4 Application/User/command.o
 .data          0x0000000020000004        0x1 Application/User/main.o
                0x0000000020000004                Appli_state
 *fill*         0x0000000020000005        0x3 
 .data          0x0000000020000008       0x14 Drivers/BSP/STM32F429I_DISCO/stm32f429i_discovery.o
                0x0000000020000008                SpixTimeout
                0x000000002000000c                GPIO_PORT
                0x0000000020000014                BUTTON_PORT
                0x0000000020000018                I2cxTimeout
 .data          0x000000002000001c        0x4 Drivers/CMSIS/system_stm32f4xx.o
                0x000000002000001c                SystemCoreClock
 .data          0x0000000020000020        0x8 Drivers/STM32F4xx_HAL_Drivers/stm32f4xx_hal.o
                0x0000000020000020                uwTickFreq
                0x0000000020000024                uwTickPrio
 .data          0x0000000020000028       0x20 Middlewares/STM32_USBH_Library/Class/MSC/usbh_msc.o
                0x0000000020000028                USBH_msc
 *(.data*)
 .data._impure_ptr
                0x0000000020000048        0x4 /Users/ateammac/.p2/pool/plugins/fr.ac6.mcu.externaltools.arm-none.macos64_1.15.0.201708311556/tools/compiler/bin/../lib/gcc/arm-none-eabi/6.3.1/../../../../arm-none-eabi/lib/thumb/v7e-m/fpv4-sp/hard/libc_nano.a(lib_a-impure.o)
                0x0000000020000048                _impure_ptr
 .data.impure_data
                0x000000002000004c       0x60 /Users/ateammac/.p2/pool/plugins/fr.ac6.mcu.externaltools.arm-none.macos64_1.15.0.201708311556/tools/compiler/bin/../lib/gcc/arm-none-eabi/6.3.1/../../../../arm-none-eabi/lib/thumb/v7e-m/fpv4-sp/hard/libc_nano.a(lib_a-impure.o)
                0x00000000200000ac                . = ALIGN (0x4)
                0x00000000200000ac                _edata = .
                0x0000000008005c34                _siccmram = LOADADDR (.ccmram)

.jcr            0x00000000200000ac        0x0 load address 0x0000000008005c34
 .jcr           0x00000000200000ac        0x0 /Users/ateammac/.p2/pool/plugins/fr.ac6.mcu.externaltools.arm-none.macos64_1.15.0.201708311556/tools/compiler/bin/../lib/gcc/arm-none-eabi/6.3.1/thumb/v7e-m/fpv4-sp/hard/crtbegin.o

.igot.plt       0x00000000200000ac        0x0 load address 0x0000000008005c34
 .igot.plt      0x00000000200000ac        0x0 /Users/ateammac/.p2/pool/plugins/fr.ac6.mcu.externaltools.arm-none.macos64_1.15.0.201708311556/tools/compiler/bin/../lib/gcc/arm-none-eabi/6.3.1/thumb/v7e-m/fpv4-sp/hard/crtbegin.o

.ccmram         0x0000000010000000        0x0 load address 0x0000000008005c34
                0x0000000010000000                . = ALIGN (0x4)
                0x0000000010000000                _sccmram = .
 *(.ccmram)
 *(.ccmram*)
                0x0000000010000000                . = ALIGN (0x4)
                0x0000000010000000                _eccmram = .
                0x0000000010000000                . = ALIGN (0x4)

.bss            0x00000000200000ac     0x8ed8
                0x00000000200000ac                _sbss = .
                0x00000000200000ac                __bss_start__ = _sbss
 *(.bss)
 .bss           0x00000000200000ac       0x1c /Users/ateammac/.p2/pool/plugins/fr.ac6.mcu.externaltools.arm-none.macos64_1.15.0.201708311556/tools/compiler/bin/../lib/gcc/arm-none-eabi/6.3.1/thumb/v7e-m/fpv4-sp/hard/crtbegin.o
 .bss           0x00000000200000c8     0x8008 Application/User/command.o
 .bss           0x00000000200080d0       0x3c Application/User/flash_if.o
                0x00000000200080ec                FirstSector
                0x00000000200080f0                NbOfSectors
                0x0000000020008108                SectorError
 .bss           0x000000002000810c        0x8 Application/User/iap_menu.o
                0x0000000020008110                UploadCondition
 .bss           0x0000000020008114      0x200 Application/User/usbh_diskio_dma.o
 .bss           0x0000000020008314       0x2a Middlewares/FatFs/Core/ff.o
 *fill*         0x000000002000833e        0x2 
 .bss           0x0000000020008340       0x10 Middlewares/FatFs/Core/ff_gen_drv.o
                0x0000000020008340                disk
 *(.bss*)
 .bss.__malloc_free_list
                0x0000000020008350        0x4 /Users/ateammac/.p2/pool/plugins/fr.ac6.mcu.externaltools.arm-none.macos64_1.15.0.201708311556/tools/compiler/bin/../lib/gcc/arm-none-eabi/6.3.1/../../../../arm-none-eabi/lib/thumb/v7e-m/fpv4-sp/hard/libc_nano.a(lib_a-nano-mallocr.o)
                0x0000000020008350                __malloc_free_list
 .bss.__malloc_sbrk_start
                0x0000000020008354        0x4 /Users/ateammac/.p2/pool/plugins/fr.ac6.mcu.externaltools.arm-none.macos64_1.15.0.201708311556/tools/compiler/bin/../lib/gcc/arm-none-eabi/6.3.1/../../../../arm-none-eabi/lib/thumb/v7e-m/fpv4-sp/hard/libc_nano.a(lib_a-nano-mallocr.o)
                0x0000000020008354                __malloc_sbrk_start
 .bss.heap_end.5239
                0x0000000020008358        0x4 /Users/ateammac/.p2/pool/plugins/fr.ac6.mcu.externaltools.arm-none.macos64_1.15.0.201708311556/tools/compiler/bin/../lib/gcc/arm-none-eabi/6.3.1/../../../../arm-none-eabi/lib/thumb/v7e-m/fpv4-sp/hard/libnosys.a(sbrk.o)
 *(COMMON)
 COMMON         0x000000002000835c      0x690 Application/User/command.o
                0x000000002000835c                USBH_fatfs
                0x000000002000858c                MyFileR
                0x00000000200087bc                MyFile
 COMMON         0x00000000200089ec        0x4 Application/User/flash_if.o
                0x00000000200089ec                OB_RDP_LEVEL
 COMMON         0x00000000200089f0      0x2d4 Application/User/main.o
                0x00000000200089f0                hUSBHost
                0x0000000020008cb8                JumpAddress
                0x0000000020008cbc                Jump_To_Application
                0x0000000020008cc0                USBDISKPath
 COMMON         0x0000000020008cc4      0x298 Application/User/usbh_conf.o
                0x0000000020008cc4                hhcd
 COMMON         0x0000000020008f5c        0x4 Drivers/STM32F4xx_HAL_Drivers/stm32f4xx_hal.o
                0x0000000020008f5c                uwTick
 COMMON         0x0000000020008f60       0x20 Drivers/STM32F4xx_HAL_Drivers/stm32f4xx_hal_flash.o
                0x0000000020008f60                pFlash
 COMMON         0x0000000020008f80        0x4 /Users/ateammac/.p2/pool/plugins/fr.ac6.mcu.externaltools.arm-none.macos64_1.15.0.201708311556/tools/compiler/bin/../lib/gcc/arm-none-eabi/6.3.1/../../../../arm-none-eabi/lib/thumb/v7e-m/fpv4-sp/hard/libc_nano.a(lib_a-reent.o)
                0x0000000020008f80                errno
                0x0000000020008f84                . = ALIGN (0x4)
                0x0000000020008f84                _ebss = .
                0x0000000020008f84                __bss_end__ = _ebss

._user_heap_stack
                0x0000000020008f84     0x6004
                0x0000000020008f88                . = ALIGN (0x8)
 *fill*         0x0000000020008f84        0x4 
                0x0000000020008f88                PROVIDE (end, .)
                [!provide]                        PROVIDE (_end, .)
                0x000000002000cf88                . = (. + _Min_Heap_Size)
 *fill*         0x0000000020008f88     0x4000 
                0x000000002000ef88                . = (. + _Min_Stack_Size)
 *fill*         0x000000002000cf88     0x2000 
                0x000000002000ef88                . = ALIGN (0x8)

/DISCARD/
 libc.a(*)
 libm.a(*)
 libgcc.a(*)

.ARM.attributes
                0x0000000000000000       0x30
 *(.ARM.attributes)
 .ARM.attributes
                0x0000000000000000       0x22 /Users/ateammac/.p2/pool/plugins/fr.ac6.mcu.externaltools.arm-none.macos64_1.15.0.201708311556/tools/compiler/bin/../lib/gcc/arm-none-eabi/6.3.1/thumb/v7e-m/fpv4-sp/hard/crti.o
 .ARM.attributes
                0x0000000000000022       0x34 /Users/ateammac/.p2/pool/plugins/fr.ac6.mcu.externaltools.arm-none.macos64_1.15.0.201708311556/tools/compiler/bin/../lib/gcc/arm-none-eabi/6.3.1/thumb/v7e-m/fpv4-sp/hard/crtbegin.o
 .ARM.attributes
                0x0000000000000056       0x21 Application/SW4STM32/startup_stm32f429xx.o
 .ARM.attributes
                0x0000000000000077       0x39 Application/User/command.o
 .ARM.attributes
                0x00000000000000b0       0x39 Application/User/flash_if.o
 .ARM.attributes
                0x00000000000000e9       0x39 Application/User/iap_menu.o
 .ARM.attributes
                0x0000000000000122       0x39 Application/User/main.o
 .ARM.attributes
                0x000000000000015b       0x39 Application/User/stm32f4xx_it.o
 .ARM.attributes
                0x0000000000000194       0x39 Application/User/usbh_conf.o
 .ARM.attributes
                0x00000000000001cd       0x39 Application/User/usbh_diskio_dma.o
 .ARM.attributes
                0x0000000000000206       0x39 Drivers/BSP/STM32F429I_DISCO/stm32f429i_discovery.o
 .ARM.attributes
                0x000000000000023f       0x39 Drivers/CMSIS/system_stm32f4xx.o
 .ARM.attributes
                0x0000000000000278       0x39 Drivers/STM32F4xx_HAL_Drivers/stm32f4xx_hal.o
 .ARM.attributes
                0x00000000000002b1       0x39 Drivers/STM32F4xx_HAL_Drivers/stm32f4xx_hal_cortex.o
 .ARM.attributes
                0x00000000000002ea       0x39 Drivers/STM32F4xx_HAL_Drivers/stm32f4xx_hal_flash.o
 .ARM.attributes
                0x0000000000000323       0x39 Drivers/STM32F4xx_HAL_Drivers/stm32f4xx_hal_flash_ex.o
 .ARM.attributes
                0x000000000000035c       0x39 Drivers/STM32F4xx_HAL_Drivers/stm32f4xx_hal_gpio.o
 .ARM.attributes
                0x0000000000000395       0x39 Drivers/STM32F4xx_HAL_Drivers/stm32f4xx_hal_hcd.o
 .ARM.attributes
                0x00000000000003ce       0x39 Drivers/STM32F4xx_HAL_Drivers/stm32f4xx_hal_rcc.o
 .ARM.attributes
                0x0000000000000407       0x39 Drivers/STM32F4xx_HAL_Drivers/stm32f4xx_ll_usb.o
 .ARM.attributes
                0x0000000000000440       0x39 Middlewares/FatFs/Core/diskio.o
 .ARM.attributes
                0x0000000000000479       0x39 Middlewares/FatFs/Core/ff.o
 .ARM.attributes
                0x00000000000004b2       0x39 Middlewares/FatFs/Core/ff_gen_drv.o
 .ARM.attributes
                0x00000000000004eb       0x39 Middlewares/STM32_USBH_Library/Class/MSC/usbh_msc.o
 .ARM.attributes
                0x0000000000000524       0x39 Middlewares/STM32_USBH_Library/Class/MSC/usbh_msc_bot.o
 .ARM.attributes
                0x000000000000055d       0x39 Middlewares/STM32_USBH_Library/Class/MSC/usbh_msc_scsi.o
 .ARM.attributes
                0x0000000000000596       0x39 Middlewares/STM32_USBH_Library/Core/usbh_core.o
 .ARM.attributes
                0x00000000000005cf       0x39 Middlewares/STM32_USBH_Library/Core/usbh_ctlreq.o
 .ARM.attributes
                0x0000000000000608       0x39 Middlewares/STM32_USBH_Library/Core/usbh_ioreq.o
 .ARM.attributes
                0x0000000000000641       0x39 Middlewares/STM32_USBH_Library/Core/usbh_pipes.o
 .ARM.attributes
                0x000000000000067a       0x22 /Users/ateammac/.p2/pool/plugins/fr.ac6.mcu.externaltools.arm-none.macos64_1.15.0.201708311556/tools/compiler/bin/../lib/gcc/arm-none-eabi/6.3.1/thumb/v7e-m/fpv4-sp/hard/libgcc.a(_aeabi_uldivmod.o)
 .ARM.attributes
                0x000000000000069c       0x34 /Users/ateammac/.p2/pool/plugins/fr.ac6.mcu.externaltools.arm-none.macos64_1.15.0.201708311556/tools/compiler/bin/../lib/gcc/arm-none-eabi/6.3.1/thumb/v7e-m/fpv4-sp/hard/libgcc.a(_udivmoddi4.o)
 .ARM.attributes
                0x00000000000006d0       0x22 /Users/ateammac/.p2/pool/plugins/fr.ac6.mcu.externaltools.arm-none.macos64_1.15.0.201708311556/tools/compiler/bin/../lib/gcc/arm-none-eabi/6.3.1/thumb/v7e-m/fpv4-sp/hard/libgcc.a(_dvmd_tls.o)
 .ARM.attributes
                0x00000000000006f2       0x34 /Users/ateammac/.p2/pool/plugins/fr.ac6.mcu.externaltools.arm-none.macos64_1.15.0.201708311556/tools/compiler/bin/../lib/gcc/arm-none-eabi/6.3.1/../../../../arm-none-eabi/lib/thumb/v7e-m/fpv4-sp/hard/libc_nano.a(lib_a-impure.o)
 .ARM.attributes
                0x0000000000000726       0x34 /Users/ateammac/.p2/pool/plugins/fr.ac6.mcu.externaltools.arm-none.macos64_1.15.0.201708311556/tools/compiler/bin/../lib/gcc/arm-none-eabi/6.3.1/../../../../arm-none-eabi/lib/thumb/v7e-m/fpv4-sp/hard/libc_nano.a(lib_a-init.o)
 .ARM.attributes
                0x000000000000075a       0x34 /Users/ateammac/.p2/pool/plugins/fr.ac6.mcu.externaltools.arm-none.macos64_1.15.0.201708311556/tools/compiler/bin/../lib/gcc/arm-none-eabi/6.3.1/../../../../arm-none-eabi/lib/thumb/v7e-m/fpv4-sp/hard/libc_nano.a(lib_a-malloc.o)
 .ARM.attributes
                0x000000000000078e       0x34 /Users/ateammac/.p2/pool/plugins/fr.ac6.mcu.externaltools.arm-none.macos64_1.15.0.201708311556/tools/compiler/bin/../lib/gcc/arm-none-eabi/6.3.1/../../../../arm-none-eabi/lib/thumb/v7e-m/fpv4-sp/hard/libc_nano.a(lib_a-memcpy-stub.o)
 .ARM.attributes
                0x00000000000007c2       0x34 /Users/ateammac/.p2/pool/plugins/fr.ac6.mcu.externaltools.arm-none.macos64_1.15.0.201708311556/tools/compiler/bin/../lib/gcc/arm-none-eabi/6.3.1/../../../../arm-none-eabi/lib/thumb/v7e-m/fpv4-sp/hard/libc_nano.a(lib_a-memset.o)
 .ARM.attributes
                0x00000000000007f6       0x34 /Users/ateammac/.p2/pool/plugins/fr.ac6.mcu.externaltools.arm-none.macos64_1.15.0.201708311556/tools/compiler/bin/../lib/gcc/arm-none-eabi/6.3.1/../../../../arm-none-eabi/lib/thumb/v7e-m/fpv4-sp/hard/libc_nano.a(lib_a-nano-freer.o)
 .ARM.attributes
                0x000000000000082a       0x34 /Users/ateammac/.p2/pool/plugins/fr.ac6.mcu.externaltools.arm-none.macos64_1.15.0.201708311556/tools/compiler/bin/../lib/gcc/arm-none-eabi/6.3.1/../../../../arm-none-eabi/lib/thumb/v7e-m/fpv4-sp/hard/libc_nano.a(lib_a-nano-mallocr.o)
 .ARM.attributes
                0x000000000000085e       0x34 /Users/ateammac/.p2/pool/plugins/fr.ac6.mcu.externaltools.arm-none.macos64_1.15.0.201708311556/tools/compiler/bin/../lib/gcc/arm-none-eabi/6.3.1/../../../../arm-none-eabi/lib/thumb/v7e-m/fpv4-sp/hard/libc_nano.a(lib_a-sbrkr.o)
 .ARM.attributes
                0x0000000000000892       0x34 /Users/ateammac/.p2/pool/plugins/fr.ac6.mcu.externaltools.arm-none.macos64_1.15.0.201708311556/tools/compiler/bin/../lib/gcc/arm-none-eabi/6.3.1/../../../../arm-none-eabi/lib/thumb/v7e-m/fpv4-sp/hard/libc_nano.a(lib_a-mlock.o)
 .ARM.attributes
                0x00000000000008c6       0x34 /Users/ateammac/.p2/pool/plugins/fr.ac6.mcu.externaltools.arm-none.macos64_1.15.0.201708311556/tools/compiler/bin/../lib/gcc/arm-none-eabi/6.3.1/../../../../arm-none-eabi/lib/thumb/v7e-m/fpv4-sp/hard/libc_nano.a(lib_a-reent.o)
 .ARM.attributes
                0x00000000000008fa       0x34 /Users/ateammac/.p2/pool/plugins/fr.ac6.mcu.externaltools.arm-none.macos64_1.15.0.201708311556/tools/compiler/bin/../lib/gcc/arm-none-eabi/6.3.1/../../../../arm-none-eabi/lib/thumb/v7e-m/fpv4-sp/hard/libnosys.a(sbrk.o)
 .ARM.attributes
                0x000000000000092e       0x22 /Users/ateammac/.p2/pool/plugins/fr.ac6.mcu.externaltools.arm-none.macos64_1.15.0.201708311556/tools/compiler/bin/../lib/gcc/arm-none-eabi/6.3.1/thumb/v7e-m/fpv4-sp/hard/crtn.o
OUTPUT(STM32F429I-DISCO.elf elf32-littlearm)

.debug_line     0x0000000000000000    0x12f95
 .debug_line    0x0000000000000000       0xfd Application/SW4STM32/startup_stm32f429xx.o
 .debug_line    0x00000000000000fd      0xc8e Application/User/command.o
 .debug_line    0x0000000000000d8b      0xc51 Application/User/flash_if.o
 .debug_line    0x00000000000019dc      0xc3a Application/User/iap_menu.o
 .debug_line    0x0000000000002616      0xc41 Application/User/main.o
 .debug_line    0x0000000000003257      0xc43 Application/User/stm32f4xx_it.o
 .debug_line    0x0000000000003e9a      0xba1 Application/User/usbh_conf.o
 .debug_line    0x0000000000004a3b      0xbef Application/User/usbh_diskio_dma.o
 .debug_line    0x000000000000562a      0xc1a Drivers/BSP/STM32F429I_DISCO/stm32f429i_discovery.o
 .debug_line    0x0000000000006244      0x902 Drivers/CMSIS/system_stm32f4xx.o
 .debug_line    0x0000000000006b46      0xa9b Drivers/STM32F4xx_HAL_Drivers/stm32f4xx_hal.o
 .debug_line    0x00000000000075e1      0xade Drivers/STM32F4xx_HAL_Drivers/stm32f4xx_hal_cortex.o
 .debug_line    0x00000000000080bf      0xaad Drivers/STM32F4xx_HAL_Drivers/stm32f4xx_hal_flash.o
 .debug_line    0x0000000000008b6c      0xb69 Drivers/STM32F4xx_HAL_Drivers/stm32f4xx_hal_flash_ex.o
 .debug_line    0x00000000000096d5      0xa8a Drivers/STM32F4xx_HAL_Drivers/stm32f4xx_hal_gpio.o
 .debug_line    0x000000000000a15f      0xc3e Drivers/STM32F4xx_HAL_Drivers/stm32f4xx_hal_hcd.o
 .debug_line    0x000000000000ad9d      0xb43 Drivers/STM32F4xx_HAL_Drivers/stm32f4xx_hal_rcc.o
 .debug_line    0x000000000000b8e0      0xed6 Drivers/STM32F4xx_HAL_Drivers/stm32f4xx_ll_usb.o
 .debug_line    0x000000000000c7b6      0x447 Middlewares/FatFs/Core/diskio.o
 .debug_line    0x000000000000cbfd      0xf97 Middlewares/FatFs/Core/ff.o
 .debug_line    0x000000000000db94      0x44f Middlewares/FatFs/Core/ff_gen_drv.o
 .debug_line    0x000000000000dfe3      0xc9b Middlewares/STM32_USBH_Library/Class/MSC/usbh_msc.o
 .debug_line    0x000000000000ec7e      0xb53 Middlewares/STM32_USBH_Library/Class/MSC/usbh_msc_bot.o
 .debug_line    0x000000000000f7d1      0xb92 Middlewares/STM32_USBH_Library/Class/MSC/usbh_msc_scsi.o
 .debug_line    0x0000000000010363      0xbe6 Middlewares/STM32_USBH_Library/Core/usbh_core.o
 .debug_line    0x0000000000010f49      0xba6 Middlewares/STM32_USBH_Library/Core/usbh_ctlreq.o
 .debug_line    0x0000000000011aef      0xa8b Middlewares/STM32_USBH_Library/Core/usbh_ioreq.o
 .debug_line    0x000000000001257a      0xa1b Middlewares/STM32_USBH_Library/Core/usbh_pipes.o

.debug_info     0x0000000000000000    0x29a18
 .debug_info    0x0000000000000000      0x163 Application/SW4STM32/startup_stm32f429xx.o
 .debug_info    0x0000000000000163     0x1c9b Application/User/command.o
 .debug_info    0x0000000000001dfe     0x16b5 Application/User/flash_if.o
 .debug_info    0x00000000000034b3     0x18a7 Application/User/iap_menu.o
 .debug_info    0x0000000000004d5a     0x192b Application/User/main.o
 .debug_info    0x0000000000006685     0x18e1 Application/User/stm32f4xx_it.o
 .debug_info    0x0000000000007f66     0x2322 Application/User/usbh_conf.o
 .debug_info    0x000000000000a288     0x1cdf Application/User/usbh_diskio_dma.o
 .debug_info    0x000000000000bf67     0x29b6 Drivers/BSP/STM32F429I_DISCO/stm32f429i_discovery.o
 .debug_info    0x000000000000e91d      0xd4a Drivers/CMSIS/system_stm32f4xx.o
 .debug_info    0x000000000000f667     0x1274 Drivers/STM32F4xx_HAL_Drivers/stm32f4xx_hal.o
 .debug_info    0x00000000000108db     0x178e Drivers/STM32F4xx_HAL_Drivers/stm32f4xx_hal_cortex.o
 .debug_info    0x0000000000012069      0xf69 Drivers/STM32F4xx_HAL_Drivers/stm32f4xx_hal_flash.o
 .debug_info    0x0000000000012fd2     0x13a0 Drivers/STM32F4xx_HAL_Drivers/stm32f4xx_hal_flash_ex.o
 .debug_info    0x0000000000014372      0xfb6 Drivers/STM32F4xx_HAL_Drivers/stm32f4xx_hal_gpio.o
 .debug_info    0x0000000000015328     0x1996 Drivers/STM32F4xx_HAL_Drivers/stm32f4xx_hal_hcd.o
 .debug_info    0x0000000000016cbe     0x1297 Drivers/STM32F4xx_HAL_Drivers/stm32f4xx_hal_rcc.o
 .debug_info    0x0000000000017f55     0x1f6d Drivers/STM32F4xx_HAL_Drivers/stm32f4xx_ll_usb.o
 .debug_info    0x0000000000019ec2      0x421 Middlewares/FatFs/Core/diskio.o
 .debug_info    0x000000000001a2e3     0x4231 Middlewares/FatFs/Core/ff.o
 .debug_info    0x000000000001e514      0x45d Middlewares/FatFs/Core/ff_gen_drv.o
 .debug_info    0x000000000001e971     0x1e06 Middlewares/STM32_USBH_Library/Class/MSC/usbh_msc.o
 .debug_info    0x0000000000020777     0x1abf Middlewares/STM32_USBH_Library/Class/MSC/usbh_msc_bot.o
 .debug_info    0x0000000000022236     0x19fb Middlewares/STM32_USBH_Library/Class/MSC/usbh_msc_scsi.o
 .debug_info    0x0000000000023c31     0x1a12 Middlewares/STM32_USBH_Library/Core/usbh_core.o
 .debug_info    0x0000000000025643     0x1a7f Middlewares/STM32_USBH_Library/Core/usbh_ctlreq.o
 .debug_info    0x00000000000270c2     0x167a Middlewares/STM32_USBH_Library/Core/usbh_ioreq.o
 .debug_info    0x000000000002873c     0x12dc Middlewares/STM32_USBH_Library/Core/usbh_pipes.o

.debug_abbrev   0x0000000000000000     0x56a8
 .debug_abbrev  0x0000000000000000       0x12 Application/SW4STM32/startup_stm32f429xx.o
 .debug_abbrev  0x0000000000000012      0x36f Application/User/command.o
 .debug_abbrev  0x0000000000000381      0x32e Application/User/flash_if.o
 .debug_abbrev  0x00000000000006af      0x301 Application/User/iap_menu.o
 .debug_abbrev  0x00000000000009b0      0x342 Application/User/main.o
 .debug_abbrev  0x0000000000000cf2      0x2ad Application/User/stm32f4xx_it.o
 .debug_abbrev  0x0000000000000f9f      0x3d2 Application/User/usbh_conf.o
 .debug_abbrev  0x0000000000001371      0x39b Application/User/usbh_diskio_dma.o
 .debug_abbrev  0x000000000000170c      0x477 Drivers/BSP/STM32F429I_DISCO/stm32f429i_discovery.o
 .debug_abbrev  0x0000000000001b83      0x205 Drivers/CMSIS/system_stm32f4xx.o
 .debug_abbrev  0x0000000000001d88      0x343 Drivers/STM32F4xx_HAL_Drivers/stm32f4xx_hal.o
 .debug_abbrev  0x00000000000020cb      0x3c5 Drivers/STM32F4xx_HAL_Drivers/stm32f4xx_hal_cortex.o
 .debug_abbrev  0x0000000000002490      0x3a4 Drivers/STM32F4xx_HAL_Drivers/stm32f4xx_hal_flash.o
 .debug_abbrev  0x0000000000002834      0x3b5 Drivers/STM32F4xx_HAL_Drivers/stm32f4xx_hal_flash_ex.o
 .debug_abbrev  0x0000000000002be9      0x2a3 Drivers/STM32F4xx_HAL_Drivers/stm32f4xx_hal_gpio.o
 .debug_abbrev  0x0000000000002e8c      0x3b7 Drivers/STM32F4xx_HAL_Drivers/stm32f4xx_hal_hcd.o
 .debug_abbrev  0x0000000000003243      0x38e Drivers/STM32F4xx_HAL_Drivers/stm32f4xx_hal_rcc.o
 .debug_abbrev  0x00000000000035d1      0x3ac Drivers/STM32F4xx_HAL_Drivers/stm32f4xx_ll_usb.o
 .debug_abbrev  0x000000000000397d      0x193 Middlewares/FatFs/Core/diskio.o
 .debug_abbrev  0x0000000000003b10      0x323 Middlewares/FatFs/Core/ff.o
 .debug_abbrev  0x0000000000003e33      0x1ea Middlewares/FatFs/Core/ff_gen_drv.o
 .debug_abbrev  0x000000000000401d      0x33b Middlewares/STM32_USBH_Library/Class/MSC/usbh_msc.o
 .debug_abbrev  0x0000000000004358      0x343 Middlewares/STM32_USBH_Library/Class/MSC/usbh_msc_bot.o
 .debug_abbrev  0x000000000000469b      0x31b Middlewares/STM32_USBH_Library/Class/MSC/usbh_msc_scsi.o
 .debug_abbrev  0x00000000000049b6      0x3dc Middlewares/STM32_USBH_Library/Core/usbh_core.o
 .debug_abbrev  0x0000000000004d92      0x3c3 Middlewares/STM32_USBH_Library/Core/usbh_ctlreq.o
 .debug_abbrev  0x0000000000005155      0x27f Middlewares/STM32_USBH_Library/Core/usbh_ioreq.o
 .debug_abbrev  0x00000000000053d4      0x2d4 Middlewares/STM32_USBH_Library/Core/usbh_pipes.o

.debug_aranges  0x0000000000000000      0xd70
 .debug_aranges
                0x0000000000000000       0x28 Application/SW4STM32/startup_stm32f429xx.o
 .debug_aranges
                0x0000000000000028       0x30 Application/User/command.o
 .debug_aranges
                0x0000000000000058       0x38 Application/User/flash_if.o
 .debug_aranges
                0x0000000000000090       0x28 Application/User/iap_menu.o
 .debug_aranges
                0x00000000000000b8       0x28 Application/User/main.o
 .debug_aranges
                0x00000000000000e0       0x50 Application/User/stm32f4xx_it.o
 .debug_aranges
                0x0000000000000130       0xc0 Application/User/usbh_conf.o
 .debug_aranges
                0x00000000000001f0       0x40 Application/User/usbh_diskio_dma.o
 .debug_aranges
                0x0000000000000230       0xe8 Drivers/BSP/STM32F429I_DISCO/stm32f429i_discovery.o
 .debug_aranges
                0x0000000000000318       0x28 Drivers/CMSIS/system_stm32f4xx.o
 .debug_aranges
                0x0000000000000340       0xe8 Drivers/STM32F4xx_HAL_Drivers/stm32f4xx_hal.o
 .debug_aranges
                0x0000000000000428       0xa8 Drivers/STM32F4xx_HAL_Drivers/stm32f4xx_hal_cortex.o
 .debug_aranges
                0x00000000000004d0       0x90 Drivers/STM32F4xx_HAL_Drivers/stm32f4xx_hal_flash.o
 .debug_aranges
                0x0000000000000560       0x78 Drivers/STM32F4xx_HAL_Drivers/stm32f4xx_hal_flash_ex.o
 .debug_aranges
                0x00000000000005d8       0x58 Drivers/STM32F4xx_HAL_Drivers/stm32f4xx_hal_gpio.o
 .debug_aranges
                0x0000000000000630       0xa0 Drivers/STM32F4xx_HAL_Drivers/stm32f4xx_hal_hcd.o
 .debug_aranges
                0x00000000000006d0       0x88 Drivers/STM32F4xx_HAL_Drivers/stm32f4xx_hal_rcc.o
 .debug_aranges
                0x0000000000000758      0x178 Drivers/STM32F4xx_HAL_Drivers/stm32f4xx_ll_usb.o
 .debug_aranges
                0x00000000000008d0       0x48 Middlewares/FatFs/Core/diskio.o
 .debug_aranges
                0x0000000000000918      0x188 Middlewares/FatFs/Core/ff.o
 .debug_aranges
                0x0000000000000aa0       0x40 Middlewares/FatFs/Core/ff_gen_drv.o
 .debug_aranges
                0x0000000000000ae0       0x78 Middlewares/STM32_USBH_Library/Class/MSC/usbh_msc.o
 .debug_aranges
                0x0000000000000b58       0x38 Middlewares/STM32_USBH_Library/Class/MSC/usbh_msc_bot.o
 .debug_aranges
                0x0000000000000b90       0x48 Middlewares/STM32_USBH_Library/Class/MSC/usbh_msc_scsi.o
 .debug_aranges
                0x0000000000000bd8       0x98 Middlewares/STM32_USBH_Library/Core/usbh_core.o
 .debug_aranges
                0x0000000000000c70       0x68 Middlewares/STM32_USBH_Library/Core/usbh_ctlreq.o
 .debug_aranges
                0x0000000000000cd8       0x60 Middlewares/STM32_USBH_Library/Core/usbh_ioreq.o
 .debug_aranges
                0x0000000000000d38       0x38 Middlewares/STM32_USBH_Library/Core/usbh_pipes.o

.debug_ranges   0x0000000000000000     0x1470
 .debug_ranges  0x0000000000000000       0x20 Application/SW4STM32/startup_stm32f429xx.o
 .debug_ranges  0x0000000000000020       0x38 Application/User/command.o
 .debug_ranges  0x0000000000000058       0x58 Application/User/flash_if.o
 .debug_ranges  0x00000000000000b0       0x30 Application/User/iap_menu.o
 .debug_ranges  0x00000000000000e0       0x30 Application/User/main.o
 .debug_ranges  0x0000000000000110       0x40 Application/User/stm32f4xx_it.o
 .debug_ranges  0x0000000000000150      0x100 Application/User/usbh_conf.o
 .debug_ranges  0x0000000000000250       0x68 Application/User/usbh_diskio_dma.o
 .debug_ranges  0x00000000000002b8      0x288 Drivers/BSP/STM32F429I_DISCO/stm32f429i_discovery.o
 .debug_ranges  0x0000000000000540       0x18 Drivers/CMSIS/system_stm32f4xx.o
 .debug_ranges  0x0000000000000558       0xd8 Drivers/STM32F4xx_HAL_Drivers/stm32f4xx_hal.o
 .debug_ranges  0x0000000000000630      0x138 Drivers/STM32F4xx_HAL_Drivers/stm32f4xx_hal_cortex.o
 .debug_ranges  0x0000000000000768       0xb0 Drivers/STM32F4xx_HAL_Drivers/stm32f4xx_hal_flash.o
 .debug_ranges  0x0000000000000818      0x160 Drivers/STM32F4xx_HAL_Drivers/stm32f4xx_hal_flash_ex.o
 .debug_ranges  0x0000000000000978       0x68 Drivers/STM32F4xx_HAL_Drivers/stm32f4xx_hal_gpio.o
 .debug_ranges  0x00000000000009e0      0x108 Drivers/STM32F4xx_HAL_Drivers/stm32f4xx_hal_hcd.o
 .debug_ranges  0x0000000000000ae8       0xb0 Drivers/STM32F4xx_HAL_Drivers/stm32f4xx_hal_rcc.o
 .debug_ranges  0x0000000000000b98      0x180 Drivers/STM32F4xx_HAL_Drivers/stm32f4xx_ll_usb.o
 .debug_ranges  0x0000000000000d18       0x38 Middlewares/FatFs/Core/diskio.o
 .debug_ranges  0x0000000000000d50      0x3d0 Middlewares/FatFs/Core/ff.o
 .debug_ranges  0x0000000000001120       0x30 Middlewares/FatFs/Core/ff_gen_drv.o
 .debug_ranges  0x0000000000001150       0x68 Middlewares/STM32_USBH_Library/Class/MSC/usbh_msc.o
 .debug_ranges  0x00000000000011b8       0x40 Middlewares/STM32_USBH_Library/Class/MSC/usbh_msc_bot.o
 .debug_ranges  0x00000000000011f8       0x38 Middlewares/STM32_USBH_Library/Class/MSC/usbh_msc_scsi.o
 .debug_ranges  0x0000000000001230       0x88 Middlewares/STM32_USBH_Library/Core/usbh_core.o
 .debug_ranges  0x00000000000012b8      0x120 Middlewares/STM32_USBH_Library/Core/usbh_ctlreq.o
 .debug_ranges  0x00000000000013d8       0x50 Middlewares/STM32_USBH_Library/Core/usbh_ioreq.o
 .debug_ranges  0x0000000000001428       0x48 Middlewares/STM32_USBH_Library/Core/usbh_pipes.o

.debug_loc      0x0000000000000000     0xc88e
 .debug_loc     0x0000000000000000      0x111 Application/User/command.o
 .debug_loc     0x0000000000000111      0x223 Application/User/flash_if.o
 .debug_loc     0x0000000000000334       0xd2 Application/User/main.o
 .debug_loc     0x0000000000000406      0x4a3 Application/User/usbh_conf.o
 .debug_loc     0x00000000000008a9      0x5b9 Application/User/usbh_diskio_dma.o
 .debug_loc     0x0000000000000e62      0x804 Drivers/BSP/STM32F429I_DISCO/stm32f429i_discovery.o
 .debug_loc     0x0000000000001666      0x11c Drivers/CMSIS/system_stm32f4xx.o
 .debug_loc     0x0000000000001782      0x11b Drivers/STM32F4xx_HAL_Drivers/stm32f4xx_hal.o
 .debug_loc     0x000000000000189d      0x4fb Drivers/STM32F4xx_HAL_Drivers/stm32f4xx_hal_cortex.o
 .debug_loc     0x0000000000001d98      0x2d9 Drivers/STM32F4xx_HAL_Drivers/stm32f4xx_hal_flash.o
 .debug_loc     0x0000000000002071      0x653 Drivers/STM32F4xx_HAL_Drivers/stm32f4xx_hal_flash_ex.o
 .debug_loc     0x00000000000026c4      0x3cd Drivers/STM32F4xx_HAL_Drivers/stm32f4xx_hal_gpio.o
 .debug_loc     0x0000000000002a91      0xa2e Drivers/STM32F4xx_HAL_Drivers/stm32f4xx_hal_hcd.o
 .debug_loc     0x00000000000034bf      0x336 Drivers/STM32F4xx_HAL_Drivers/stm32f4xx_hal_rcc.o
 .debug_loc     0x00000000000037f5     0x1632 Drivers/STM32F4xx_HAL_Drivers/stm32f4xx_ll_usb.o
 .debug_loc     0x0000000000004e27      0x1c6 Middlewares/FatFs/Core/diskio.o
 .debug_loc     0x0000000000004fed     0x48f9 Middlewares/FatFs/Core/ff.o
 .debug_loc     0x00000000000098e6      0x216 Middlewares/FatFs/Core/ff_gen_drv.o
 .debug_loc     0x0000000000009afc      0x86a Middlewares/STM32_USBH_Library/Class/MSC/usbh_msc.o
 .debug_loc     0x000000000000a366      0x5a5 Middlewares/STM32_USBH_Library/Class/MSC/usbh_msc_bot.o
 .debug_loc     0x000000000000a90b      0x6a2 Middlewares/STM32_USBH_Library/Class/MSC/usbh_msc_scsi.o
 .debug_loc     0x000000000000afad      0x71c Middlewares/STM32_USBH_Library/Core/usbh_core.o
 .debug_loc     0x000000000000b6c9      0xaa4 Middlewares/STM32_USBH_Library/Core/usbh_ctlreq.o
 .debug_loc     0x000000000000c16d      0x57d Middlewares/STM32_USBH_Library/Core/usbh_ioreq.o
 .debug_loc     0x000000000000c6ea      0x1a4 Middlewares/STM32_USBH_Library/Core/usbh_pipes.o

.debug_macro    0x0000000000000000    0x2709c
 .debug_macro   0x0000000000000000      0x46f Application/User/command.o
 .debug_macro   0x000000000000046f       0x32 Application/User/command.o
 .debug_macro   0x00000000000004a1       0x28 Application/User/command.o
 .debug_macro   0x00000000000004c9       0x22 Application/User/command.o
 .debug_macro   0x00000000000004eb       0x87 Application/User/command.o
 .debug_macro   0x0000000000000572       0x51 Application/User/command.o
 .debug_macro   0x00000000000005c3       0xef Application/User/command.o
 .debug_macro   0x00000000000006b2       0x6a Application/User/command.o
 .debug_macro   0x000000000000071c      0x1df Application/User/command.o
 .debug_macro   0x00000000000008fb       0x35 Application/User/command.o
 .debug_macro   0x0000000000000930       0x50 Application/User/command.o
 .debug_macro   0x0000000000000980      0xe66 Application/User/command.o
 .debug_macro   0x00000000000017e6    0x17e1c Application/User/command.o
 .debug_macro   0x0000000000019602       0x43 Application/User/command.o
 .debug_macro   0x0000000000019645       0xa3 Application/User/command.o
 .debug_macro   0x00000000000196e8     0x35a5 Application/User/command.o
 .debug_macro   0x000000000001cc8d       0x58 Application/User/command.o
 .debug_macro   0x000000000001cce5       0x35 Application/User/command.o
 .debug_macro   0x000000000001cd1a       0x9c Application/User/command.o
 .debug_macro   0x000000000001cdb6       0x16 Application/User/command.o
 .debug_macro   0x000000000001cdcc       0x97 Application/User/command.o
 .debug_macro   0x000000000001ce63      0x330 Application/User/command.o
 .debug_macro   0x000000000001d193       0xfd Application/User/command.o
 .debug_macro   0x000000000001d290       0x10 Application/User/command.o
 .debug_macro   0x000000000001d2a0       0x58 Application/User/command.o
 .debug_macro   0x000000000001d2f8       0x1f Application/User/command.o
 .debug_macro   0x000000000001d317       0x43 Application/User/command.o
 .debug_macro   0x000000000001d35a       0x20 Application/User/command.o
 .debug_macro   0x000000000001d37a      0x187 Application/User/command.o
 .debug_macro   0x000000000001d501       0x10 Application/User/command.o
 .debug_macro   0x000000000001d511       0x1c Application/User/command.o
 .debug_macro   0x000000000001d52d       0x52 Application/User/command.o
 .debug_macro   0x000000000001d57f       0x40 Application/User/command.o
 .debug_macro   0x000000000001d5bf       0x10 Application/User/command.o
 .debug_macro   0x000000000001d5cf       0x40 Application/User/command.o
 .debug_macro   0x000000000001d60f       0xd7 Application/User/command.o
 .debug_macro   0x000000000001d6e6       0x16 Application/User/command.o
 .debug_macro   0x000000000001d6fc      0x18b Application/User/command.o
 .debug_macro   0x000000000001d887       0x57 Application/User/command.o
 .debug_macro   0x000000000001d8de      0xca5 Application/User/command.o
 .debug_macro   0x000000000001e583      0xa02 Application/User/command.o
 .debug_macro   0x000000000001ef85      0x11e Application/User/command.o
 .debug_macro   0x000000000001f0a3      0x15f Application/User/command.o
 .debug_macro   0x000000000001f202       0x27 Application/User/command.o
 .debug_macro   0x000000000001f229      0x287 Application/User/command.o
 .debug_macro   0x000000000001f4b0       0x5f Application/User/command.o
 .debug_macro   0x000000000001f50f      0x23a Application/User/command.o
 .debug_macro   0x000000000001f749      0x13a Application/User/command.o
 .debug_macro   0x000000000001f883      0x41d Application/User/command.o
 .debug_macro   0x000000000001fca0       0x2e Application/User/command.o
 .debug_macro   0x000000000001fcce      0x1a7 Application/User/command.o
 .debug_macro   0x000000000001fe75       0x22 Application/User/command.o
 .debug_macro   0x000000000001fe97       0xa5 Application/User/command.o
 .debug_macro   0x000000000001ff3c      0x11e Application/User/command.o
 .debug_macro   0x000000000002005a       0xe2 Application/User/command.o
 .debug_macro   0x000000000002013c       0x89 Application/User/command.o
 .debug_macro   0x00000000000201c5      0x202 Application/User/command.o
 .debug_macro   0x00000000000203c7      0x1df Application/User/command.o
 .debug_macro   0x00000000000205a6       0x68 Application/User/command.o
 .debug_macro   0x000000000002060e      0x13b Application/User/command.o
 .debug_macro   0x0000000000020749       0x16 Application/User/command.o
 .debug_macro   0x000000000002075f       0x35 Application/User/command.o
 .debug_macro   0x0000000000020794       0x16 Application/User/command.o
 .debug_macro   0x00000000000207aa       0x29 Application/User/command.o
 .debug_macro   0x00000000000207d3       0x16 Application/User/command.o
 .debug_macro   0x00000000000207e9       0x64 Application/User/command.o
 .debug_macro   0x000000000002084d      0x20c Application/User/command.o
 .debug_macro   0x0000000000020a59       0x2e Application/User/command.o
 .debug_macro   0x0000000000020a87       0x28 Application/User/command.o
 .debug_macro   0x0000000000020aaf       0x28 Application/User/command.o
 .debug_macro   0x0000000000020ad7       0x6d Application/User/command.o
 .debug_macro   0x0000000000020b44       0xf3 Application/User/command.o
 .debug_macro   0x0000000000020c37       0x34 Application/User/command.o
 .debug_macro   0x0000000000020c6b       0xdf Application/User/command.o
 .debug_macro   0x0000000000020d4a       0xdb Application/User/command.o
 .debug_macro   0x0000000000020e25       0x8e Application/User/command.o
 .debug_macro   0x0000000000020eb3      0x25f Application/User/command.o
 .debug_macro   0x0000000000021112       0xb2 Application/User/command.o
 .debug_macro   0x00000000000211c4      0x463 Application/User/flash_if.o
 .debug_macro   0x0000000000021627      0x46f Application/User/iap_menu.o
 .debug_macro   0x0000000000021a96      0x463 Application/User/main.o
 .debug_macro   0x0000000000021ef9      0x46d Application/User/stm32f4xx_it.o
 .debug_macro   0x0000000000022366      0x3d1 Application/User/usbh_conf.o
 .debug_macro   0x0000000000022737      0x434 Application/User/usbh_diskio_dma.o