Component: ARM Compiler 5.06 update 6 (build 750) Tool: armlink [4d35ed]

==============================================================================

Section Cross References

    stm32f4xx_hal_cortex.o(i.HAL_NVIC_SetPriority) refers to stm32f4xx_hal_cortex.o(i.__NVIC_SetPriority) for __NVIC_SetPriority
    stm32f4xx_hal_cortex.o(i.HAL_SYSTICK_Config) refers to stm32f4xx_hal_cortex.o(i.__NVIC_SetPriority) for __NVIC_SetPriority
    stm32f4xx_hal_cortex.o(i.HAL_SYSTICK_IRQHandler) refers to stm32f4xx_hal_cortex.o(i.HAL_SYSTICK_Callback) for HAL_SYSTICK_Callback
    stm32f4xx_hal_flash.o(i.FLASH_SetErrorCode) refers to stm32f4xx_hal_flash.o(.bss) for .bss
    stm32f4xx_hal_flash.o(i.FLASH_WaitForLastOperation) refers to stm32f4xx_hal.o(i.HAL_GetTick) for HAL_GetTick
    stm32f4xx_hal_flash.o(i.FLASH_WaitForLastOperation) refers to stm32f4xx_hal_flash.o(i.FLASH_SetErrorCode) for FLASH_SetErrorCode
    stm32f4xx_hal_flash.o(i.FLASH_WaitForLastOperation) refers to stm32f4xx_hal_flash.o(.bss) for .bss
    stm32f4xx_hal_flash.o(i.HAL_FLASH_GetError) refers to stm32f4xx_hal_flash.o(.bss) for .bss
    stm32f4xx_hal_flash.o(i.HAL_FLASH_IRQHandler) refers to stm32f4xx_hal_flash.o(i.FLASH_SetErrorCode) for FLASH_SetErrorCode
    stm32f4xx_hal_flash.o(i.HAL_FLASH_IRQHandler) refers to stm32f4xx_hal_flash.o(i.HAL_FLASH_OperationErrorCallback) for HAL_FLASH_OperationErrorCallback
    stm32f4xx_hal_flash.o(i.HAL_FLASH_IRQHandler) refers to stm32f4xx_hal_flash.o(i.HAL_FLASH_EndOfOperationCallback) for HAL_FLASH_EndOfOperationCallback
    stm32f4xx_hal_flash.o(i.HAL_FLASH_IRQHandler) refers to stm32f4xx_hal_flash_ex.o(i.FLASH_Erase_Sector) for FLASH_Erase_Sector
    stm32f4xx_hal_flash.o(i.HAL_FLASH_IRQHandler) refers to stm32f4xx_hal_flash_ex.o(i.FLASH_FlushCaches) for FLASH_FlushCaches
    stm32f4xx_hal_flash.o(i.HAL_FLASH_IRQHandler) refers to stm32f4xx_hal_flash.o(.bss) for .bss
    stm32f4xx_hal_flash.o(i.HAL_FLASH_OB_Launch) refers to stm32f4xx_hal_flash.o(i.FLASH_WaitForLastOperation) for FLASH_WaitForLastOperation
    stm32f4xx_hal_flash.o(i.HAL_FLASH_Program) refers to stm32f4xx_hal_flash.o(i.FLASH_WaitForLastOperation) for FLASH_WaitForLastOperation
    stm32f4xx_hal_flash.o(i.HAL_FLASH_Program) refers to stm32f4xx_hal_flash.o(i.FLASH_Program_DoubleWord) for FLASH_Program_DoubleWord
    stm32f4xx_hal_flash.o(i.HAL_FLASH_Program) refers to stm32f4xx_hal_flash.o(i.FLASH_Program_Byte) for FLASH_Program_Byte
    stm32f4xx_hal_flash.o(i.HAL_FLASH_Program) refers to stm32f4xx_hal_flash.o(i.FLASH_Program_HalfWord) for FLASH_Program_HalfWord
    stm32f4xx_hal_flash.o(i.HAL_FLASH_Program) refers to stm32f4xx_hal_flash.o(i.FLASH_Program_Word) for FLASH_Program_Word
    stm32f4xx_hal_flash.o(i.HAL_FLASH_Program) refers to stm32f4xx_hal_flash.o(.bss) for .bss
    stm32f4xx_hal_flash.o(i.HAL_FLASH_Program_IT) refers to stm32f4xx_hal_flash.o(i.FLASH_Program_DoubleWord) for FLASH_Program_DoubleWord
    stm32f4xx_hal_flash.o(i.HAL_FLASH_Program_IT) refers to stm32f4xx_hal_flash.o(i.FLASH_Program_Byte) for FLASH_Program_Byte
    stm32f4xx_hal_flash.o(i.HAL_FLASH_Program_IT) refers to stm32f4xx_hal_flash.o(i.FLASH_Program_HalfWord) for FLASH_Program_HalfWord
    stm32f4xx_hal_flash.o(i.HAL_FLASH_Program_IT) refers to stm32f4xx_hal_flash.o(i.FLASH_Program_Word) for FLASH_Program_Word
    stm32f4xx_hal_flash.o(i.HAL_FLASH_Program_IT) refers to stm32f4xx_hal_flash.o(.bss) for .bss
    stm32f4xx_ll_usb.o(i.USB_ActivateDedicatedEndpoint) refers to stm32f4xx_ll_usb.o(.data) for .data
    stm32f4xx_ll_usb.o(i.USB_CoreInit) refers to stm32f4xx_ll_usb.o(i.USB_CoreReset) for USB_CoreReset
    stm32f4xx_ll_usb.o(i.USB_DeactivateDedicatedEndpoint) refers to stm32f4xx_ll_usb.o(i.USB_FlushTxFifo) for USB_FlushTxFifo
    stm32f4xx_ll_usb.o(i.USB_DeactivateEndpoint) refers to stm32f4xx_ll_usb.o(i.USB_FlushTxFifo) for USB_FlushTxFifo
    stm32f4xx_ll_usb.o(i.USB_DevConnect) refers to stm32f4xx_hal.o(i.HAL_Delay) for HAL_Delay
    stm32f4xx_ll_usb.o(i.USB_DevDisconnect) refers to stm32f4xx_hal.o(i.HAL_Delay) for HAL_Delay
    stm32f4xx_ll_usb.o(i.USB_DevInit) refers to stm32f4xx_ll_usb.o(i.USB_FlushTxFifo) for USB_FlushTxFifo
    stm32f4xx_ll_usb.o(i.USB_DevInit) refers to stm32f4xx_ll_usb.o(i.USB_FlushRxFifo) for USB_FlushRxFifo
    stm32f4xx_ll_usb.o(i.USB_EPStartXfer) refers to stm32f4xx_ll_usb.o(i.USB_WritePacket) for USB_WritePacket
    stm32f4xx_ll_usb.o(i.USB_HC_StartXfer) refers to stm32f4xx_ll_usb.o(i.USB_DoPing) for USB_DoPing
    stm32f4xx_ll_usb.o(i.USB_HC_StartXfer) refers to stm32f4xx_ll_usb.o(i.USB_WritePacket) for USB_WritePacket
    stm32f4xx_ll_usb.o(i.USB_HostInit) refers to stm32f4xx_ll_usb.o(i.USB_FlushTxFifo) for USB_FlushTxFifo
    stm32f4xx_ll_usb.o(i.USB_HostInit) refers to stm32f4xx_ll_usb.o(i.USB_FlushRxFifo) for USB_FlushRxFifo
    stm32f4xx_ll_usb.o(i.USB_HostInit) refers to stm32f4xx_ll_usb.o(i.USB_DriveVbus) for USB_DriveVbus
[...]
    i.USBH_LL_Init                           0x0800261c   Section        0  usbh_conf.o(i.USBH_LL_Init)
    i.USBH_LL_OpenPipe                       0x08002668   Section        0  usbh_conf.o(i.USBH_LL_OpenPipe)
    i.USBH_LL_ResetPort                      0x08002680   Section        0  usbh_conf.o(i.USBH_LL_ResetPort)
    i.USBH_LL_SetTimer                       0x0800268e   Section        0  usbh_core.o(i.USBH_LL_SetTimer)
    i.USBH_LL_SetToggle                      0x08002694   Section        0  usbh_conf.o(i.USBH_LL_SetToggle)
    i.USBH_LL_Start                          0x080026b8   Section        0  usbh_conf.o(i.USBH_LL_Start)
    i.USBH_LL_Stop                           0x080026c6   Section        0  usbh_conf.o(i.USBH_LL_Stop)
    i.USBH_LL_SubmitURB                      0x080026d4   Section        0  usbh_conf.o(i.USBH_LL_SubmitURB)
    i.USBH_MSC_BOT_Abort                     0x080026f4   Section        0  usbh_msc_bot.o(i.USBH_MSC_BOT_Abort)
    USBH_MSC_BOT_Abort                       0x080026f5   Thumb Code    30  usbh_msc_bot.o(i.USBH_MSC_BOT_Abort)
    i.USBH_MSC_BOT_Init                      0x08002714   Section        0  usbh_msc_bot.o(i.USBH_MSC_BOT_Init)
    i.USBH_MSC_BOT_Process                   0x08002738   Section        0  usbh_msc_bot.o(i.USBH_MSC_BOT_Process)
    i.USBH_MSC_BOT_REQ_GetMaxLUN             0x08002914   Section        0  usbh_msc_bot.o(i.USBH_MSC_BOT_REQ_GetMaxLUN)
    i.USBH_MSC_BOT_REQ_Reset                 0x0800292a   Section        0  usbh_msc_bot.o(i.USBH_MSC_BOT_REQ_Reset)
    i.USBH_MSC_ClassRequest                  0x08002940   Section        0  usbh_msc.o(i.USBH_MSC_ClassRequest)
    USBH_MSC_ClassRequest                    0x08002941   Thumb Code   108  usbh_msc.o(i.USBH_MSC_ClassRequest)
    i.USBH_MSC_GetLUNInfo                    0x080029ac   Section        0  usbh_msc.o(i.USBH_MSC_GetLUNInfo)
    i.USBH_MSC_InterfaceDeInit               0x080029da   Section        0  usbh_msc.o(i.USBH_MSC_InterfaceDeInit)
    USBH_MSC_InterfaceDeInit                 0x080029db   Thumb Code    74  usbh_msc.o(i.USBH_MSC_InterfaceDeInit)
    i.USBH_MSC_InterfaceInit                 0x08002a24   Section        0  usbh_msc.o(i.USBH_MSC_InterfaceInit)
    USBH_MSC_InterfaceInit                   0x08002a25   Thumb Code   332  usbh_msc.o(i.USBH_MSC_InterfaceInit)
    i.USBH_MSC_IsReady                       0x08002b70   Section        0  usbh_msc.o(i.USBH_MSC_IsReady)
    i.USBH_MSC_Process                       0x08002b86   Section        0  usbh_msc.o(i.USBH_MSC_Process)
    USBH_MSC_Process                         0x08002b87   Thumb Code   656  usbh_msc.o(i.USBH_MSC_Process)
    i.USBH_MSC_RdWrProcess                   0x08002e18   Section        0  usbh_msc.o(i.USBH_MSC_RdWrProcess)
    USBH_MSC_RdWrProcess                     0x08002e19   Thumb Code   142  usbh_msc.o(i.USBH_MSC_RdWrProcess)
    i.USBH_MSC_Read                          0x08002ea6   Section        0  usbh_msc.o(i.USBH_MSC_Read)
    i.USBH_MSC_SCSI_Inquiry                  0x08002f30   Section        0  usbh_msc_scsi.o(i.USBH_MSC_SCSI_Inquiry)
    i.USBH_MSC_SCSI_Read                     0x08002ff0   Section        0  usbh_msc_scsi.o(i.USBH_MSC_SCSI_Read)
    i.USBH_MSC_SCSI_ReadCapacity             0x0800306c   Section        0  usbh_msc_scsi.o(i.USBH_MSC_SCSI_ReadCapacity)
    i.USBH_MSC_SCSI_RequestSense             0x080030e6   Section        0  usbh_msc_scsi.o(i.USBH_MSC_SCSI_RequestSense)
    i.USBH_MSC_SCSI_TestUnitReady            0x08003178   Section        0  usbh_msc_scsi.o(i.USBH_MSC_SCSI_TestUnitReady)
    i.USBH_MSC_SCSI_Write                    0x080031c4   Section        0  usbh_msc_scsi.o(i.USBH_MSC_SCSI_Write)
    i.USBH_MSC_SOFProcess                    0x08003240   Section        0  usbh_msc.o(i.USBH_MSC_SOFProcess)
    USBH_MSC_SOFProcess                      0x08003241   Thumb Code     4  usbh_msc.o(i.USBH_MSC_SOFProcess)
    i.USBH_MSC_UnitIsReady                   0x08003244   Section        0  usbh_msc.o(i.USBH_MSC_UnitIsReady)
    i.USBH_MSC_Write                         0x0800326a   Section        0  usbh_msc.o(i.USBH_MSC_Write)
    i.USBH_OpenPipe                          0x080032f4   Section        0  usbh_pipes.o(i.USBH_OpenPipe)
    i.USBH_ParseCfgDesc                      0x08003308   Section        0  usbh_ctlreq.o(i.USBH_ParseCfgDesc)
    USBH_ParseCfgDesc                        0x08003309   Thumb Code   232  usbh_ctlreq.o(i.USBH_ParseCfgDesc)
    i.USBH_Process                           0x080033f0   Section        0  usbh_core.o(i.USBH_Process)
    i.USBH_RegisterClass                     0x08003558   Section        0  usbh_core.o(i.USBH_RegisterClass)
    i.USBH_SelectInterface                   0x08003574   Section        0  usbh_core.o(i.USBH_SelectInterface)
    i.USBH_SetAddress                        0x0800358a   Section        0  usbh_ctlreq.o(i.USBH_SetAddress)
    i.USBH_SetCfg                            0x080035a6   Section        0  usbh_ctlreq.o(i.USBH_SetCfg)
    i.USBH_Start                             0x080035c2   Section        0  usbh_core.o(i.USBH_Start)
    i.USBH_UserProcess                       0x080035d8   Section        0  main.o(i.USBH_UserProcess)
    USBH_UserProcess                         0x080035d9   Thumb Code    70  main.o(i.USBH_UserProcess)
    i.USBH_initialize                        0x08003628   Section        0  usbh_diskio_dma.o(i.USBH_initialize)
    i.USBH_ioctl                             0x0800362c   Section        0  usbh_diskio_dma.o(i.USBH_ioctl)
    i.USBH_read                              0x08003690   Section        0  usbh_diskio_dma.o(i.USBH_read)
    i.USBH_status                            0x08003714   Section        0  usbh_diskio_dma.o(i.USBH_status)
    i.USBH_write                             0x0800372c   Section        0  usbh_diskio_dma.o(i.USBH_write)
    i.USB_CoreInit                           0x080037bc   Section        0  stm32f4xx_ll_usb.o(i.USB_CoreInit)
    i.USB_CoreReset                          0x08003828   Section        0  stm32f4xx_ll_usb.o(i.USB_CoreReset)
    USB_CoreReset                            0x08003829   Thumb Code    50  stm32f4xx_ll_usb.o(i.USB_CoreReset)
    i.USB_DisableGlobalInt                   0x08003860   Section        0  stm32f4xx_ll_usb.o(i.USB_DisableGlobalInt)
    i.USB_DoPing                             0x0800386c   Section        0  stm32f4xx_ll_usb.o(i.USB_DoPing)
    i.USB_DriveVbus                          0x080038ac   Section        0  stm32f4xx_ll_usb.o(i.USB_DriveVbus)
    i.USB_EnableGlobalInt                    0x080038d8   Section        0  stm32f4xx_ll_usb.o(i.USB_EnableGlobalInt)
    i.USB_FlushRxFifo                        0x080038e4   Section        0  stm32f4xx_ll_usb.o(i.USB_FlushRxFifo)
    i.USB_FlushTxFifo                        0x08003904   Section        0  stm32f4xx_ll_usb.o(i.USB_FlushTxFifo)
    i.USB_GetCurrentFrame                    0x08003928   Section        0  stm32f4xx_ll_usb.o(i.USB_GetCurrentFrame)
    i.USB_GetHostSpeed                       0x08003930   Section        0  stm32f4xx_ll_usb.o(i.USB_GetHostSpeed)
    i.USB_GetMode                            0x0800393e   Section        0  stm32f4xx_ll_usb.o(i.USB_GetMode)
    i.USB_HC_Halt                            0x08003946   Section        0  stm32f4xx_ll_usb.o(i.USB_HC_Halt)
    i.USB_HC_Init                            0x08003a90   Section        0  stm32f4xx_ll_usb.o(i.USB_HC_Init)
    i.USB_HC_ReadInterrupt                   0x08003b7a   Section        0  stm32f4xx_ll_usb.o(i.USB_HC_ReadInterrupt)
    i.USB_HC_StartXfer                       0x08003b88   Section        0  stm32f4xx_ll_usb.o(i.USB_HC_StartXfer)
    i.USB_HostInit                           0x08003d10   Section        0  stm32f4xx_ll_usb.o(i.USB_HostInit)
    i.USB_InitFSLSPClkSel                    0x08003de4   Section        0  stm32f4xx_ll_usb.o(i.USB_InitFSLSPClkSel)
    i.USB_ReadInterrupts                     0x08003e1a   Section        0  stm32f4xx_ll_usb.o(i.USB_ReadInterrupts)
    i.USB_ReadPacket                         0x08003e22   Section        0  stm32f4xx_ll_usb.o(i.USB_ReadPacket)
    i.USB_ResetPort                          0x08003e42   Section        0  stm32f4xx_ll_usb.o(i.USB_ResetPort)
    i.USB_SetCurrentMode                     0x08003e6e   Section        0  stm32f4xx_ll_usb.o(i.USB_SetCurrentMode)
    i.USB_StopHost                           0x08003e9a   Section        0  stm32f4xx_ll_usb.o(i.USB_StopHost)
    i.USB_WritePacket                        0x08003f4c   Section        0  stm32f4xx_ll_usb.o(i.USB_WritePacket)
    i.UsageFault_Handler                     0x08003f74   Section        0  stm32f4xx_it.o(i.UsageFault_Handler)
    i.__NVIC_SetPriority                     0x08003f76   Section        0  stm32f4xx_hal_cortex.o(i.__NVIC_SetPriority)
    __NVIC_SetPriority                       0x08003f77   Thumb Code    32  stm32f4xx_hal_cortex.o(i.__NVIC_SetPriority)
    i.__scatterload_copy                     0x08003f96   Section       14  handlers.o(i.__scatterload_copy)
    i.__scatterload_null                     0x08003fa4   Section        2  handlers.o(i.__scatterload_null)
    i.__scatterload_zeroinit                 0x08003fa6   Section       14  handlers.o(i.__scatterload_zeroinit)
    i.check_fs                               0x08003fb4   Section        0  ff.o(i.check_fs)
    check_fs                                 0x08003fb5   Thumb Code   102  ff.o(i.check_fs)
    i.chk_lock                               0x08004024   Section        0  ff.o(i.chk_lock)
    chk_lock                                 0x08004025   Thumb Code    86  ff.o(i.chk_lock)
    i.clear_lock                             0x08004080   Section        0  ff.o(i.clear_lock)
    clear_lock                               0x08004081   Thumb Code    28  ff.o(i.clear_lock)
    i.clmt_clust                             0x080040a0   Section        0  ff.o(i.clmt_clust)
    clmt_clust                               0x080040a1   Thumb Code    36  ff.o(i.clmt_clust)
    i.clust2sect                             0x080040c4   Section        0  ff.o(i.clust2sect)
    clust2sect                               0x080040c5   Thumb Code    24  ff.o(i.clust2sect)
    i.create_chain                           0x080040dc   Section        0  ff.o(i.create_chain)
    create_chain                             0x080040dd   Thumb Code   164  ff.o(i.create_chain)
    i.create_name                            0x08004180   Section        0  ff.o(i.create_name)
    create_name                              0x08004181   Thumb Code   168  ff.o(i.create_name)
    i.dec_lock                               0x0800423c   Section        0  ff.o(i.dec_lock)
    dec_lock                                 0x0800423d   Thumb Code    48  ff.o(i.dec_lock)
    i.dir_find                               0x08004270   Section        0  ff.o(i.dir_find)
    dir_find                                 0x08004271   Thumb Code   100  ff.o(i.dir_find)
    i.dir_next                               0x080042d4   Section        0  ff.o(i.dir_next)
    dir_next                                 0x080042d5   Thumb Code   244  ff.o(i.dir_next)
    i.dir_read                               0x080043c8   Section        0  ff.o(i.dir_read)
    dir_read                                 0x080043c9   Thumb Code    96  ff.o(i.dir_read)
    i.dir_register                           0x08004428   Section        0  ff.o(i.dir_register)
    dir_register                             0x08004429   Thumb Code   102  ff.o(i.dir_register)
    i.dir_remove                             0x0800448e   Section        0  ff.o(i.dir_remove)
    dir_remove                               0x0800448f   Thumb Code    30  ff.o(i.dir_remove)
    i.dir_sdi                                0x080044ac   Section        0  ff.o(i.dir_sdi)
    dir_sdi                                  0x080044ad   Thumb Code   130  ff.o(i.dir_sdi)
    i.disk_initialize                        0x08004530   Section        0  diskio.o(i.disk_initialize)
    i.disk_ioctl                             0x08004558   Section        0  diskio.o(i.disk_ioctl)
    i.disk_read                              0x08004574   Section        0  diskio.o(i.disk_read)
    i.disk_status                            0x08004590   Section        0  diskio.o(i.disk_status)
    i.disk_write                             0x080045a8   Section        0  diskio.o(i.disk_write)
    i.f_close                                0x080045c4   Section        0  ff.o(i.f_close)
    i.f_mount                                0x080045ec   Section        0  ff.o(i.f_mount)
    i.f_open                                 0x08004644   Section        0  ff.o(i.f_open)
    i.f_read                                 0x08004850   Section        0  ff.o(i.f_read)
    i.f_sync                                 0x080049a2   Section        0  ff.o(i.f_sync)
    i.f_unlink                               0x08004a30   Section        0  ff.o(i.f_unlink)
    i.f_write                                0x08004ace   Section        0  ff.o(i.f_write)
    i.find_volume                            0x08004c5c   Section        0  ff.o(i.find_volume)
    find_volume                              0x08004c5d   Thumb Code   582  ff.o(i.find_volume)
    i.follow_path                            0x08004eb0   Section        0  ff.o(i.follow_path)
    follow_path                              0x08004eb1   Thumb Code   116  ff.o(i.follow_path)
    i.free                                   0x08004f24   Section        0  malloc.o(i.free)
    i.get_fat                                0x08004f74   Section        0  ff.o(i.get_fat)
    get_fat                                  0x08004f75   Thumb Code   190  ff.o(i.get_fat)
    i.get_fattime                            0x08005032   Section        0  diskio.o(i.get_fattime)
    i.get_ldnumber                           0x08005036   Section        0  ff.o(i.get_ldnumber)
    get_ldnumber                             0x08005037   Thumb Code    60  ff.o(i.get_ldnumber)
    i.inc_lock                               0x08005074   Section        0  ff.o(i.inc_lock)
    inc_lock                                 0x08005075   Thumb Code   124  ff.o(i.inc_lock)
    i.ld_clust                               0x080050f4   Section        0  ff.o(i.ld_clust)
    ld_clust                                 0x080050f5   Thumb Code    38  ff.o(i.ld_clust)
    i.ld_dword                               0x0800511a   Section        0  ff.o(i.ld_dword)
    ld_dword                                 0x0800511b   Thumb Code    22  ff.o(i.ld_dword)
    i.ld_word                                0x08005130   Section        0  ff.o(i.ld_word)
    ld_word                                  0x08005131   Thumb Code    10  ff.o(i.ld_word)
    i.main                                   0x0800513c   Section        0  main.o(i.main)
    i.malloc                                 0x08005204   Section        0  malloc.o(i.malloc)
    i.mem_cpy                                0x08005270   Section        0  ff.o(i.mem_cpy)
    mem_cpy                                  0x08005271   Thumb Code    18  ff.o(i.mem_cpy)
    i.mem_set                                0x08005284   Section        0  ff.o(i.mem_set)
    mem_set                                  0x08005285   Thumb Code    14  ff.o(i.mem_set)
    i.move_window                            0x08005292   Section        0  ff.o(i.move_window)
    move_window                              0x08005293   Thumb Code    50  ff.o(i.move_window)
    i.put_fat                                0x080052c4   Section        0  ff.o(i.put_fat)
    put_fat                                  0x080052c5   Thumb Code   234  ff.o(i.put_fat)
    i.remove_chain                           0x080053ae   Section        0  ff.o(i.remove_chain)
    remove_chain                             0x080053af   Thumb Code   116  ff.o(i.remove_chain)
    i.st_clust                               0x08005422   Section        0  ff.o(i.st_clust)
    st_clust                                 0x08005423   Thumb Code    40  ff.o(i.st_clust)
    i.st_dword                               0x0800544a   Section        0  ff.o(i.st_dword)
    st_dword                                 0x0800544b   Thumb Code    16  ff.o(i.st_dword)
    i.st_word                                0x0800545a   Section        0  ff.o(i.st_word)
    st_word                                  0x0800545b   Thumb Code     8  ff.o(i.st_word)
    i.sync_fs                                0x08005464   Section        0  ff.o(i.sync_fs)
    sync_fs                                  0x08005465   Thumb Code   126  ff.o(i.sync_fs)
    i.sync_window                            0x080054ec   Section        0  ff.o(i.sync_window)
    sync_window                              0x080054ed   Thumb Code    82  ff.o(i.sync_window)
    i.validate                               0x0800553e   Section        0  ff.o(i.validate)
    validate                                 0x0800553f   Thumb Code    50  ff.o(i.validate)
    .constdata                               0x08005570   Section      156  ff.o(.constdata)
    ExCvt                                    0x08005570   Data         128  ff.o(.constdata)
    cst                                      0x080055f0   Data          14  ff.o(.constdata)
    cst32                                    0x080055fe   Data          14  ff.o(.constdata)
    .constdata                               0x0800560c   Section        8  stm32f429i_discovery.o(.constdata)
    .constdata                               0x08005614   Section       16  system_stm32f4xx.o(.constdata)
    .constdata                               0x08005624   Section       20  usbh_diskio_dma.o(.constdata)
    .conststring                             0x08005638   Section        4  usbh_msc.o(.conststring)
    .data                                    0x20000000   Section       12  stm32f4xx_hal.o(.data)
    .data                                    0x2000000c   Section       12  ff.o(.data)
    Fsid                                     0x2000000c   Data           2  ff.o(.data)
    FatFs                                    0x20000010   Data           8  ff.o(.data)
    .data                                    0x20000018   Section       24  stm32f429i_discovery.o(.data)
    Is_LCD_IO_Initialized                    0x20000018   Data           1  stm32f429i_discovery.o(.data)
    .data                                    0x20000030   Section        4  system_stm32f4xx.o(.data)
    .data                                    0x20000034   Section       12  command.o(.data)
    TmpReadSize                              0x20000034   Data           4  command.o(.data)
    RamAddress                               0x20000038   Data           4  command.o(.data)
    LastPGAddress                            0x2000003c   Data           4  command.o(.data)
    .data                                    0x20000040   Section       16  flash_if.o(.data)
    .data                                    0x20000050   Section       16  main.o(.data)
    .data                                    0x20000060   Section        8  iap_menu.o(.data)
    Demo_State                               0x20000060   Data           1  iap_menu.o(.data)
    .data                                    0x20000068   Section       32  usbh_msc.o(.data)
    .data                                    0x20000088   Section        4  mvars.o(.data)
    .data                                    0x2000008c   Section        4  mvars.o(.data)
    .bss                                     0x20000090   Section       32  stm32f4xx_hal_flash.o(.bss)
    .bss                                     0x200000b0   Section       16  ff_gen_drv.o(.bss)
    .bss                                     0x200000c0   Section       32  ff.o(.bss)
    Files                                    0x200000c0   Data          32  ff.o(.bss)
    .bss                                     0x200000e0   Section    33888  command.o(.bss)
    RAM_Buf                                  0x200000e0   Data       32768  command.o(.bss)
    .bss                                     0x20008540   Section      560  command.o(.bss)
    .bss                                     0x20008770   Section       48  flash_if.o(.bss)
    FLASH_OBProgramInitStruct                0x20008770   Data          28  flash_if.o(.bss)
    FLASH_EraseInitStruct                    0x2000878c   Data          20  flash_if.o(.bss)
    .bss                                     0x200087a0   Section      712  main.o(.bss)
    .bss                                     0x20008a68   Section      664  usbh_conf.o(.bss)
    .bss                                     0x20008d00   Section      512  usbh_diskio_dma.o(.bss)
    scratch                                  0x20008d00   Data         512  usbh_diskio_dma.o(.bss)
    HEAP                                     0x20008f00   Section    16384  startup_stm32f429xx.o(HEAP)
    STACK                                    0x2000cf00   Section     8192  startup_stm32f429xx.o(STACK)

    Global Symbols

    Symbol Name                              Value     Ov Type        Size  Object(Section)

    BuildAttributes$$THM_ISAv4$E$P$D$K$B$S$7EM$VFPi3$EXTD16$VFPS$VFMA$PE$A:L22UL41UL21$X:L11$S22US41US21$IEEE1$IW$USESV6$~STKCKD$USESV7$~SHL$OSPACE$EBA8$MICROLIB$REQ8$PRES8$EABIv2 0x00000000   Number         0  anon$$obj.o ABSOLUTE
    __ARM_use_no_argv                        0x00000000   Number         0  main.o ABSOLUTE
    __cpp_initialize__aeabi_                  - Undefined Weak Reference
    __cxa_finalize                            - Undefined Weak Reference
    __decompress                              - Undefined Weak Reference
    _clock_init                               - Undefined Weak Reference
    _microlib_exit                            - Undefined Weak Reference
    __Vectors_Size                           0x000001ac   Number         0  startup_stm32f429xx.o ABSOLUTE
    __Vectors                                0x08000000   Data           4  startup_stm32f429xx.o(RESET)
    __Vectors_End                            0x080001ac   Data           0  startup_stm32f429xx.o(RESET)
    __main                                   0x080001ad   Thumb Code     0  entry.o(.ARM.Collect$$$$00000000)
    _main_stk                                0x080001ad   Thumb Code     0  entry2.o(.ARM.Collect$$$$00000001)
    _main_scatterload                        0x080001b1   Thumb Code     0  entry5.o(.ARM.Collect$$$$00000004)
    __main_after_scatterload                 0x080001b5   Thumb Code     0  entry5.o(.ARM.Collect$$$$00000004)
    _main_clock                              0x080001b5   Thumb Code     0  entry7b.o(.ARM.Collect$$$$00000008)
    _main_cpp_init                           0x080001b5   Thumb Code     0  entry8b.o(.ARM.Collect$$$$0000000A)
    _main_init                               0x080001b5   Thumb Code     0  entry9a.o(.ARM.Collect$$$$0000000B)
    __rt_final_cpp                           0x080001bd   Thumb Code     0  entry10a.o(.ARM.Collect$$$$0000000D)
    __rt_final_exit                          0x080001bd   Thumb Code     0  entry11a.o(.ARM.Collect$$$$0000000F)
    Reset_Handler                            0x080001c1   Thumb Code     8  startup_stm32f429xx.o(.text)
    ADC_IRQHandler                           0x080001db   Thumb Code     0  startup_stm32f429xx.o(.text)
    CAN1_RX0_IRQHandler                      0x080001db   Thumb Code     0  startup_stm32f429xx.o(.text)
    CAN1_RX1_IRQHandler                      0x080001db   Thumb Code     0  startup_stm32f429xx.o(.text)
    CAN1_SCE_IRQHandler                      0x080001db   Thumb Code     0  startup_stm32f429xx.o(.text)
    CAN1_TX_IRQHandler                       0x080001db   Thumb Code     0  startup_stm32f429xx.o(.text)
    CAN2_RX0_IRQHandler                      0x080001db   Thumb Code     0  startup_stm32f429xx.o(.text)
    CAN2_RX1_IRQHandler                      0x080001db   Thumb Code     0  startup_stm32f429xx.o(.text)
    CAN2_SCE_IRQHandler                      0x080001db   Thumb Code     0  startup_stm32f429xx.o(.text)
    CAN2_TX_IRQHandler                       0x080001db   Thumb Code     0  startup_stm32f429xx.o(.text)
    DCMI_IRQHandler                          0x080001db   Thumb Code     0  startup_stm32f429xx.o(.text)
    DMA1_Stream0_IRQHandler                  0x080001db   Thumb Code     0  startup_stm32f429xx.o(.text)
    DMA1_Stream1_IRQHandler                  0x080001db   Thumb Code     0  startup_stm32f429xx.o(.text)
    DMA1_Stream2_IRQHandler                  0x080001db   Thumb Code     0  startup_stm32f429xx.o(.text)
    DMA1_Stream3_IRQHandler                  0x080001db   Thumb Code     0  startup_stm32f429xx.o(.text)
    DMA1_Stream4_IRQHandler                  0x080001db   Thumb Code     0  startup_stm32f429xx.o(.text)
    DMA1_Stream5_IRQHandler                  0x080001db   Thumb Code     0  startup_stm32f429xx.o(.text)
    DMA1_Stream6_IRQHandler                  0x080001db   Thumb Code     0  startup_stm32f429xx.o(.text)
    DMA1_Stream7_IRQHandler                  0x080001db   Thumb Code     0  startup_stm32f429xx.o(.text)
    DMA2D_IRQHandler                         0x080001db   Thumb Code     0  startup_stm32f429xx.o(.text)
    DMA2_Stream0_IRQHandler                  0x080001db   Thumb Code     0  startup_stm32f429xx.o(.text)
    DMA2_Stream1_IRQHandler                  0x080001db   Thumb Code     0  startup_stm32f429xx.o(.text)
    DMA2_Stream2_IRQHandler                  0x080001db   Thumb Code     0  startup_stm32f429xx.o(.text)
    DMA2_Stream3_IRQHandler                  0x080001db   Thumb Code     0  startup_stm32f429xx.o(.text)
    DMA2_Stream4_IRQHandler                  0x080001db   Thumb Code     0  startup_stm32f429xx.o(.text)
    DMA2_Stream5_IRQHandler                  0x080001db   Thumb Code     0  startup_stm32f429xx.o(.text)
    DMA2_Stream6_IRQHandler                  0x080001db   Thumb Code     0  startup_stm32f429xx.o(.text)
    DMA2_Stream7_IRQHandler                  0x080001db   Thumb Code     0  startup_stm32f429xx.o(.text)
    ETH_IRQHandler                           0x080001db   Thumb Code     0  startup_stm32f429xx.o(.text)
    ETH_WKUP_IRQHandler                      0x080001db   Thumb Code     0  startup_stm32f429xx.o(.text)
    EXTI0_IRQHandler                         0x080001db   Thumb Code     0  startup_stm32f429xx.o(.text)
    EXTI15_10_IRQHandler                     0x080001db   Thumb Code     0  startup_stm32f429xx.o(.text)
    EXTI1_IRQHandler                         0x080001db   Thumb Code     0  startup_stm32f429xx.o(.text)
    EXTI2_IRQHandler                         0x080001db   Thumb Code     0  startup_stm32f429xx.o(.text)
    EXTI3_IRQHandler                         0x080001db   Thumb Code     0  startup_stm32f429xx.o(.text)
    EXTI4_IRQHandler                         0x080001db   Thumb Code     0  startup_stm32f429xx.o(.text)
    EXTI9_5_IRQHandler                       0x080001db   Thumb Code     0  startup_stm32f429xx.o(.text)
    FLASH_IRQHandler                         0x080001db   Thumb Code     0  startup_stm32f429xx.o(.text)
    FMC_IRQHandler                           0x080001db   Thumb Code     0  startup_stm32f429xx.o(.text)
    FPU_IRQHandler                           0x080001db   Thumb Code     0  startup_stm32f429xx.o(.text)
    HASH_RNG_IRQHandler                      0x080001db   Thumb Code     0  startup_stm32f429xx.o(.text)
    I2C1_ER_IRQHandler                       0x080001db   Thumb Code     0  startup_stm32f429xx.o(.text)
    I2C1_EV_IRQHandler                       0x080001db   Thumb Code     0  startup_stm32f429xx.o(.text)
    I2C2_ER_IRQHandler                       0x080001db   Thumb Code     0  startup_stm32f429xx.o(.text)
    I2C2_EV_IRQHandler                       0x080001db   Thumb Code     0  startup_stm32f429xx.o(.text)
    I2C3_ER_IRQHandler                       0x080001db   Thumb Code     0  startup_stm32f429xx.o(.text)
    I2C3_EV_IRQHandler                       0x080001db   Thumb Code     0  startup_stm32f429xx.o(.text)
    LTDC_ER_IRQHandler                       0x080001db   Thumb Code     0  startup_stm32f429xx.o(.text)
    LTDC_IRQHandler                          0x080001db   Thumb Code     0  startup_stm32f429xx.o(.text)
    OTG_FS_IRQHandler                        0x080001db   Thumb Code     0  startup_stm32f429xx.o(.text)
    OTG_FS_WKUP_IRQHandler                   0x080001db   Thumb Code     0  startup_stm32f429xx.o(.text)
    OTG_HS_EP1_IN_IRQHandler                 0x080001db   Thumb Code     0  startup_stm32f429xx.o(.text)
    OTG_HS_EP1_OUT_IRQHandler                0x080001db   Thumb Code     0  startup_stm32f429xx.o(.text)
    OTG_HS_WKUP_IRQHandler                   0x080001db   Thumb Code     0  startup_stm32f429xx.o(.text)
    PVD_IRQHandler                           0x080001db   Thumb Code     0  startup_stm32f429xx.o(.text)
    RCC_IRQHandler                           0x080001db   Thumb Code     0  startup_stm32f429xx.o(.text)
    RTC_Alarm_IRQHandler                     0x080001db   Thumb Code     0  startup_stm32f429xx.o(.text)
    RTC_WKUP_IRQHandler                      0x080001db   Thumb Code     0  startup_stm32f429xx.o(.text)
    SAI1_IRQHandler                          0x080001db   Thumb Code     0  startup_stm32f429xx.o(.text)
    SDIO_IRQHandler                          0x080001db   Thumb Code     0  startup_stm32f429xx.o(.text)
    SPI1_IRQHandler                          0x080001db   Thumb Code     0  startup_stm32f429xx.o(.text)
    SPI2_IRQHandler                          0x080001db   Thumb Code     0  startup_stm32f429xx.o(.text)
    SPI3_IRQHandler                          0x080001db   Thumb Code     0  startup_stm32f429xx.o(.text)
    SPI4_IRQHandler                          0x080001db   Thumb Code     0  startup_stm32f429xx.o(.text)
    SPI5_IRQHandler                          0x080001db   Thumb Code     0  startup_stm32f429xx.o(.text)
    SPI6_IRQHandler                          0x080001db   Thumb Code     0  startup_stm32f429xx.o(.text)
    TAMP_STAMP_IRQHandler                    0x080001db   Thumb Code     0  startup_stm32f429xx.o(.text)
    TIM1_BRK_TIM9_IRQHandler                 0x080001db   Thumb Code     0  startup_stm32f429xx.o(.text)
    TIM1_CC_IRQHandler                       0x080001db   Thumb Code     0  startup_stm32f429xx.o(.text)
    TIM1_TRG_COM_TIM11_IRQHandler            0x080001db   Thumb Code     0  startup_stm32f429xx.o(.text)
    TIM1_UP_TIM10_IRQHandler                 0x080001db   Thumb Code     0  startup_stm32f429xx.o(.text)
    TIM2_IRQHandler                          0x080001db   Thumb Code     0  startup_stm32f429xx.o(.text)
    TIM3_IRQHandler                          0x080001db   Thumb Code     0  startup_stm32f429xx.o(.text)
    TIM4_IRQHandler                          0x080001db   Thumb Code     0  startup_stm32f429xx.o(.text)
    TIM5_IRQHandler                          0x080001db   Thumb Code     0  startup_stm32f429xx.o(.text)
    TIM6_DAC_IRQHandler                      0x080001db   Thumb Code     0  startup_stm32f429xx.o(.text)
    TIM7_IRQHandler                          0x080001db   Thumb Code     0  startup_stm32f429xx.o(.text)
    TIM8_BRK_TIM12_IRQHandler                0x080001db   Thumb Code     0  startup_stm32f429xx.o(.text)
    TIM8_CC_IRQHandler                       0x080001db   Thumb Code     0  startup_stm32f429xx.o(.text)
    TIM8_TRG_COM_TIM14_IRQHandler            0x080001db   Thumb Code     0  startup_stm32f429xx.o(.text)
    TIM8_UP_TIM13_IRQHandler                 0x080001db   Thumb Code     0  startup_stm32f429xx.o(.text)
    UART4_IRQHandler                         0x080001db   Thumb Code     0  startup_stm32f429xx.o(.text)
    UART5_IRQHandler                         0x080001db   Thumb Code     0  startup_stm32f429xx.o(.text)
    UART7_IRQHandler                         0x080001db   Thumb Code     0  startup_stm32f429xx.o(.text)
    UART8_IRQHandler                         0x080001db   Thumb Code     0  startup_stm32f429xx.o(.text)
    USART1_IRQHandler                        0x080001db   Thumb Code     0  startup_stm32f429xx.o(.text)
    USART2_IRQHandler                        0x080001db   Thumb Code     0  startup_stm32f429xx.o(.text)
    USART3_IRQHandler                        0x080001db   Thumb Code     0  startup_stm32f429xx.o(.text)
    USART6_IRQHandler                        0x080001db   Thumb Code     0  startup_stm32f429xx.o(.text)
    WWDG_IRQHandler                          0x080001db   Thumb Code     0  startup_stm32f429xx.o(.text)
    __aeabi_uldivmod                         0x080001e5   Thumb Code    98  uldiv.o(.text)
    __aeabi_memcpy                           0x08000247   Thumb Code    36  memcpya.o(.text)
    __aeabi_memcpy4                          0x08000247   Thumb Code     0  memcpya.o(.text)
    __aeabi_memcpy8                          0x08000247   Thumb Code     0  memcpya.o(.text)
    __aeabi_memset                           0x0800026b   Thumb Code    14  memseta.o(.text)
    __aeabi_memset4                          0x0800026b   Thumb Code     0  memseta.o(.text)
    __aeabi_memset8                          0x0800026b   Thumb Code     0  memseta.o(.text)
    __aeabi_memclr                           0x08000279   Thumb Code     4  memseta.o(.text)
    __aeabi_memclr4                          0x08000279   Thumb Code     0  memseta.o(.text)
    __aeabi_memclr8                          0x08000279   Thumb Code     0  memseta.o(.text)
    _memset$wrapper                          0x0800027d   Thumb Code    18  memseta.o(.text)
    __aeabi_llsl                             0x0800028f   Thumb Code    30  llshl.o(.text)
    _ll_shift_l                              0x0800028f   Thumb Code     0  llshl.o(.text)
    __aeabi_llsr                             0x080002ad   Thumb Code    32  llushr.o(.text)
    _ll_ushift_r                             0x080002ad   Thumb Code     0  llushr.o(.text)
    __scatterload                            0x080002cd   Thumb Code    28  init.o(.text)
    __scatterload_rt2                        0x080002cd   Thumb Code     0  init.o(.text)
    BSP_LED_Init                             0x080002f1   Thumb Code    78  stm32f429i_discovery.o(i.BSP_LED_Init)
    BSP_LED_Off                              0x0800034d   Thumb Code    18  stm32f429i_discovery.o(i.BSP_LED_Off)
    BSP_LED_On                               0x08000369   Thumb Code    18  stm32f429i_discovery.o(i.BSP_LED_On)
    BSP_LED_Toggle                           0x08000385   Thumb Code    16  stm32f429i_discovery.o(i.BSP_LED_Toggle)
    BSP_PB_GetState                          0x0800039d   Thumb Code    16  stm32f429i_discovery.o(i.BSP_PB_GetState)
    BSP_PB_Init                              0x080003b5   Thumb Code   112  stm32f429i_discovery.o(i.BSP_PB_Init)
    BusFault_Handler                         0x08000435   Thumb Code     2  stm32f4xx_it.o(i.BusFault_Handler)
    COMMAND_Download                         0x08000439   Thumb Code    88  command.o(i.COMMAND_Download)
    COMMAND_Jump                             0x080004a9   Thumb Code    26  command.o(i.COMMAND_Jump)
    COMMAND_Upload                           0x08000539   Thumb Code   180  command.o(i.COMMAND_Upload)
    DebugMon_Handler                         0x08000657   Thumb Code     2  stm32f4xx_it.o(i.DebugMon_Handler)
    Erase_Fail_Handler                       0x08000659   Thumb Code    14  iap_menu.o(i.Erase_Fail_Handler)
    FATFS_LinkDriver                         0x08000667   Thumb Code     6  ff_gen_drv.o(i.FATFS_LinkDriver)
    FATFS_LinkDriverEx                       0x0800066d   Thumb Code    60  ff_gen_drv.o(i.FATFS_LinkDriverEx)
    FATFS_UnLinkDriver                       0x080006ad   Thumb Code     6  ff_gen_drv.o(i.FATFS_UnLinkDriver)
    FATFS_UnLinkDriverEx                     0x080006b5   Thumb Code    48  ff_gen_drv.o(i.FATFS_UnLinkDriverEx)
    FLASH_Erase_Sector                       0x080006e9   Thumb Code    80  stm32f4xx_hal_flash_ex.o(i.FLASH_Erase_Sector)
    FLASH_FlushCaches                        0x0800073d   Thumb Code    80  stm32f4xx_hal_flash_ex.o(i.FLASH_FlushCaches)
    FLASH_If_EraseSectors                    0x08000791   Thumb Code    60  flash_if.o(i.FLASH_If_EraseSectors)
    FLASH_If_FlashUnlock                     0x080007d9   Thumb Code     4  flash_if.o(i.FLASH_If_FlashUnlock)
    FLASH_If_ReadOutProtectionStatus         0x08000959   Thumb Code    30  flash_if.o(i.FLASH_If_ReadOutProtectionStatus)
    FLASH_If_Write                           0x08000981   Thumb Code    28  flash_if.o(i.FLASH_If_Write)
    FLASH_WaitForLastOperation               0x08000aed   Thumb Code    72  stm32f4xx_hal_flash.o(i.FLASH_WaitForLastOperation)
    FW_UPGRADE_Process                       0x08000b3d   Thumb Code   236  iap_menu.o(i.FW_UPGRADE_Process)
    Fail_Handler                             0x08000c45   Thumb Code    14  iap_menu.o(i.Fail_Handler)
    FatFs_Fail_Handler                       0x08000c53   Thumb Code    14  iap_menu.o(i.FatFs_Fail_Handler)
    HAL_Delay                                0x08000c61   Thumb Code    32  stm32f4xx_hal.o(i.HAL_Delay)
    HAL_FLASHEx_Erase                        0x08000c85   Thumb Code   146  stm32f4xx_hal_flash_ex.o(i.HAL_FLASHEx_Erase)
    HAL_FLASHEx_OBGetConfig                  0x08000d21   Thumb Code    60  stm32f4xx_hal_flash_ex.o(i.HAL_FLASHEx_OBGetConfig)
    HAL_FLASH_Program                        0x08000d61   Thumb Code   116  stm32f4xx_hal_flash.o(i.HAL_FLASH_Program)
    HAL_FLASH_Unlock                         0x08000ddd   Thumb Code    32  stm32f4xx_hal_flash.o(i.HAL_FLASH_Unlock)
    HAL_GPIO_Init                            0x08000e09   Thumb Code   408  stm32f4xx_hal_gpio.o(i.HAL_GPIO_Init)
    HAL_GPIO_ReadPin                         0x08000fd5   Thumb Code    10  stm32f4xx_hal_gpio.o(i.HAL_GPIO_ReadPin)
    HAL_GPIO_TogglePin                       0x08000fdf   Thumb Code     8  stm32f4xx_hal_gpio.o(i.HAL_GPIO_TogglePin)
    HAL_GPIO_WritePin                        0x08000fe7   Thumb Code    10  stm32f4xx_hal_gpio.o(i.HAL_GPIO_WritePin)
    HAL_GetTick                              0x08000ff1   Thumb Code     6  stm32f4xx_hal.o(i.HAL_GetTick)
    HAL_HCD_Connect_Callback                 0x08000ffd   Thumb Code     8  usbh_conf.o(i.HAL_HCD_Connect_Callback)
    HAL_HCD_Disconnect_Callback              0x08001005   Thumb Code     8  usbh_conf.o(i.HAL_HCD_Disconnect_Callback)
    HAL_HCD_GetCurrentFrame                  0x0800100d   Thumb Code     6  stm32f4xx_hal_hcd.o(i.HAL_HCD_GetCurrentFrame)
    HAL_HCD_GetCurrentSpeed                  0x08001013   Thumb Code     6  stm32f4xx_hal_hcd.o(i.HAL_HCD_GetCurrentSpeed)
    HAL_HCD_HC_GetURBState                   0x08001019   Thumb Code    14  stm32f4xx_hal_hcd.o(i.HAL_HCD_HC_GetURBState)
    HAL_HCD_HC_GetXferCount                  0x08001027   Thumb Code    12  stm32f4xx_hal_hcd.o(i.HAL_HCD_HC_GetXferCount)
    HAL_HCD_HC_Halt                          0x08001033   Thumb Code    36  stm32f4xx_hal_hcd.o(i.HAL_HCD_HC_Halt)
    HAL_HCD_HC_Init                          0x08001057   Thumb Code    84  stm32f4xx_hal_hcd.o(i.HAL_HCD_HC_Init)
    HAL_HCD_HC_NotifyURBChange_Callback      0x080010ab   Thumb Code     2  usbh_conf.o(i.HAL_HCD_HC_NotifyURBChange_Callback)
    HAL_HCD_HC_SubmitRequest                 0x080010ad   Thumb Code   182  stm32f4xx_hal_hcd.o(i.HAL_HCD_HC_SubmitRequest)
    HAL_HCD_IRQHandler                       0x08001165   Thumb Code   302  stm32f4xx_hal_hcd.o(i.HAL_HCD_IRQHandler)
    HAL_HCD_Init                             0x08001293   Thumb Code    90  stm32f4xx_hal_hcd.o(i.HAL_HCD_Init)
    HAL_HCD_MspInit                          0x080012ed   Thumb Code   164  usbh_conf.o(i.HAL_HCD_MspInit)
    HAL_HCD_ResetPort                        0x0800139d   Thumb Code     6  stm32f4xx_hal_hcd.o(i.HAL_HCD_ResetPort)
    HAL_HCD_SOF_Callback                     0x080013a3   Thumb Code     8  usbh_conf.o(i.HAL_HCD_SOF_Callback)
    HAL_HCD_Start                            0x080013ab   Thumb Code    44  stm32f4xx_hal_hcd.o(i.HAL_HCD_Start)
    HAL_HCD_Stop                             0x080013d7   Thumb Code    36  stm32f4xx_hal_hcd.o(i.HAL_HCD_Stop)
    HAL_IncTick                              0x080013fd   Thumb Code    12  stm32f4xx_hal.o(i.HAL_IncTick)
    HAL_Init                                 0x0800140d   Thumb Code    48  stm32f4xx_hal.o(i.HAL_Init)
    HAL_InitTick                             0x08001441   Thumb Code    54  stm32f4xx_hal.o(i.HAL_InitTick)
    HAL_MspInit                              0x08001481   Thumb Code     2  stm32f4xx_hal.o(i.HAL_MspInit)
    HAL_NVIC_EnableIRQ                       0x08001483   Thumb Code    26  stm32f4xx_hal_cortex.o(i.HAL_NVIC_EnableIRQ)
    HAL_NVIC_SetPriority                     0x0800149d   Thumb Code    60  stm32f4xx_hal_cortex.o(i.HAL_NVIC_SetPriority)
    HAL_NVIC_SetPriorityGrouping             0x080014dd   Thumb Code    26  stm32f4xx_hal_cortex.o(i.HAL_NVIC_SetPriorityGrouping)
    HAL_RCC_ClockConfig                      0x08001501   Thumb Code   286  stm32f4xx_hal_rcc.o(i.HAL_RCC_ClockConfig)
    HAL_RCC_GetSysClockFreq                  0x08001631   Thumb Code    88  stm32f4xx_hal_rcc.o(i.HAL_RCC_GetSysClockFreq)
    HAL_RCC_OscConfig                        0x08001691   Thumb Code   770  stm32f4xx_hal_rcc.o(i.HAL_RCC_OscConfig)
    HAL_SYSTICK_Config                       0x080019ad   Thumb Code    40  stm32f4xx_hal_cortex.o(i.HAL_SYSTICK_Config)
    HardFault_Handler                        0x08001f39   Thumb Code     2  stm32f4xx_it.o(i.HardFault_Handler)
    MemManage_Handler                        0x08001f3b   Thumb Code     2  stm32f4xx_it.o(i.MemManage_Handler)
    NMI_Handler                              0x08001f3d   Thumb Code     2  stm32f4xx_it.o(i.NMI_Handler)
    OTG_HS_IRQHandler                        0x08001f41   Thumb Code     6  stm32f4xx_it.o(i.OTG_HS_IRQHandler)
    PendSV_Handler                           0x08001f4d   Thumb Code     2  stm32f4xx_it.o(i.PendSV_Handler)
    SVC_Handler                              0x08001f4f   Thumb Code     2  stm32f4xx_it.o(i.SVC_Handler)
    SysTick_Handler                          0x08001f51   Thumb Code     4  stm32f4xx_it.o(i.SysTick_Handler)
    SystemInit                               0x08001f55   Thumb Code    66  system_stm32f4xx.o(i.SystemInit)
    USBH_AllocPipe                           0x08001fa9   Thumb Code    52  usbh_pipes.o(i.USBH_AllocPipe)
    USBH_BulkReceiveData                     0x08001fdd   Thumb Code    32  usbh_ioreq.o(i.USBH_BulkReceiveData)
    USBH_BulkSendData                        0x08001ffd   Thumb Code    40  usbh_ioreq.o(i.USBH_BulkSendData)
    USBH_ClosePipe                           0x08002025   Thumb Code    10  usbh_pipes.o(i.USBH_ClosePipe)
    USBH_ClrFeature                          0x0800202f   Thumb Code    30  usbh_ctlreq.o(i.USBH_ClrFeature)
    USBH_CtlReceiveData                      0x0800204d   Thumb Code    30  usbh_ioreq.o(i.USBH_CtlReceiveData)
    USBH_CtlReq                              0x0800206b   Thumb Code    54  usbh_ctlreq.o(i.USBH_CtlReq)
    USBH_CtlSendData                         0x080020a1   Thumb Code    40  usbh_ioreq.o(i.USBH_CtlSendData)
    USBH_CtlSendSetup                        0x080020c9   Thumb Code    30  usbh_ioreq.o(i.USBH_CtlSendSetup)
    USBH_Delay                               0x080020e7   Thumb Code     4  usbh_conf.o(i.USBH_Delay)
    USBH_FindInterface                       0x080020eb   Thumb Code    68  usbh_core.o(i.USBH_FindInterface)
    USBH_FreePipe                            0x0800212f   Thumb Code    24  usbh_pipes.o(i.USBH_FreePipe)
    USBH_GetDescriptor                       0x08002147   Thumb Code    52  usbh_ctlreq.o(i.USBH_GetDescriptor)
    USBH_GetNextDesc                         0x0800217b   Thumb Code    14  usbh_ctlreq.o(i.USBH_GetNextDesc)
    USBH_Get_CfgDesc                         0x08002189   Thumb Code    44  usbh_ctlreq.o(i.USBH_Get_CfgDesc)
    USBH_Get_DevDesc                         0x080021b5   Thumb Code   128  usbh_ctlreq.o(i.USBH_Get_DevDesc)
    USBH_Get_StringDesc                      0x08002235   Thumb Code    72  usbh_ctlreq.o(i.USBH_Get_StringDesc)
    USBH_Init                                0x080024ed   Thumb Code    48  usbh_core.o(i.USBH_Init)
    USBH_LL_ClosePipe                        0x0800251d   Thumb Code    14  usbh_conf.o(i.USBH_LL_ClosePipe)
    USBH_LL_Connect                          0x0800252b   Thumb Code    40  usbh_core.o(i.USBH_LL_Connect)
    USBH_LL_Disconnect                       0x08002553   Thumb Code    56  usbh_core.o(i.USBH_LL_Disconnect)
    USBH_LL_DriverVBUS                       0x0800258d   Thumb Code    28  usbh_conf.o(i.USBH_LL_DriverVBUS)
    USBH_LL_GetLastXferSize                  0x080025ad   Thumb Code     8  usbh_conf.o(i.USBH_LL_GetLastXferSize)
    USBH_LL_GetSpeed                         0x080025b5   Thumb Code    32  usbh_conf.o(i.USBH_LL_GetSpeed)
    USBH_LL_GetToggle                        0x080025d5   Thumb Code    28  usbh_conf.o(i.USBH_LL_GetToggle)
    USBH_LL_GetURBState                      0x080025f5   Thumb Code     8  usbh_conf.o(i.USBH_LL_GetURBState)
    USBH_LL_IncTimer                         0x080025fd   Thumb Code    30  usbh_core.o(i.USBH_LL_IncTimer)
    USBH_LL_Init                             0x0800261d   Thumb Code    68  usbh_conf.o(i.USBH_LL_Init)
    USBH_LL_OpenPipe                         0x08002669   Thumb Code    24  usbh_conf.o(i.USBH_LL_OpenPipe)
    USBH_LL_ResetPort                        0x08002681   Thumb Code    14  usbh_conf.o(i.USBH_LL_ResetPort)
    USBH_LL_SetTimer                         0x0800268f   Thumb Code     6  usbh_core.o(i.USBH_LL_SetTimer)
    USBH_LL_SetToggle                        0x08002695   Thumb Code    30  usbh_conf.o(i.USBH_LL_SetToggle)
    USBH_LL_Start                            0x080026b9   Thumb Code    14  usbh_conf.o(i.USBH_LL_Start)
    USBH_LL_Stop                             0x080026c7   Thumb Code    14  usbh_conf.o(i.USBH_LL_Stop)
    USBH_LL_SubmitURB                        0x080026d5   Thumb Code    32  usbh_conf.o(i.USBH_LL_SubmitURB)
    USBH_MSC_BOT_Init                        0x08002715   Thumb Code    26  usbh_msc_bot.o(i.USBH_MSC_BOT_Init)
    USBH_MSC_BOT_Process                     0x08002739   Thumb Code   470  usbh_msc_bot.o(i.USBH_MSC_BOT_Process)
    USBH_MSC_BOT_REQ_GetMaxLUN               0x08002915   Thumb Code    22  usbh_msc_bot.o(i.USBH_MSC_BOT_REQ_GetMaxLUN)
    USBH_MSC_BOT_REQ_Reset                   0x0800292b   Thumb Code    22  usbh_msc_bot.o(i.USBH_MSC_BOT_REQ_Reset)
    USBH_MSC_GetLUNInfo                      0x080029ad   Thumb Code    46  usbh_msc.o(i.USBH_MSC_GetLUNInfo)
    USBH_MSC_IsReady                         0x08002b71   Thumb Code    22  usbh_msc.o(i.USBH_MSC_IsReady)
    USBH_MSC_Read                            0x08002ea7   Thumb Code   138  usbh_msc.o(i.USBH_MSC_Read)
    USBH_MSC_SCSI_Inquiry                    0x08002f31   Thumb Code   192  usbh_msc_scsi.o(i.USBH_MSC_SCSI_Inquiry)
    USBH_MSC_SCSI_Read                       0x08002ff1   Thumb Code   124  usbh_msc_scsi.o(i.USBH_MSC_SCSI_Read)
    USBH_MSC_SCSI_ReadCapacity               0x0800306d   Thumb Code   122  usbh_msc_scsi.o(i.USBH_MSC_SCSI_ReadCapacity)
    USBH_MSC_SCSI_RequestSense               0x080030e7   Thumb Code   146  usbh_msc_scsi.o(i.USBH_MSC_SCSI_RequestSense)
    USBH_MSC_SCSI_TestUnitReady              0x08003179   Thumb Code    76  usbh_msc_scsi.o(i.USBH_MSC_SCSI_TestUnitReady)
    USBH_MSC_SCSI_Write                      0x080031c5   Thumb Code   124  usbh_msc_scsi.o(i.USBH_MSC_SCSI_Write)
    USBH_MSC_UnitIsReady                     0x08003245   Thumb Code    38  usbh_msc.o(i.USBH_MSC_UnitIsReady)
    USBH_MSC_Write                           0x0800326b   Thumb Code   138  usbh_msc.o(i.USBH_MSC_Write)
    USBH_OpenPipe                            0x080032f5   Thumb Code    20  usbh_pipes.o(i.USBH_OpenPipe)
    USBH_Process                             0x080033f1   Thumb Code   360  usbh_core.o(i.USBH_Process)
    USBH_RegisterClass                       0x08003559   Thumb Code    28  usbh_core.o(i.USBH_RegisterClass)
    USBH_SelectInterface                     0x08003575   Thumb Code    22  usbh_core.o(i.USBH_SelectInterface)
    USBH_SetAddress                          0x0800358b   Thumb Code    28  usbh_ctlreq.o(i.USBH_SetAddress)
    USBH_SetCfg                              0x080035a7   Thumb Code    28  usbh_ctlreq.o(i.USBH_SetCfg)
    USBH_Start                               0x080035c3   Thumb Code    20  usbh_core.o(i.USBH_Start)
    USBH_initialize                          0x08003629   Thumb Code     4  usbh_diskio_dma.o(i.USBH_initialize)
    USBH_ioctl                               0x0800362d   Thumb Code    96  usbh_diskio_dma.o(i.USBH_ioctl)
    USBH_read                                0x08003691   Thumb Code   124  usbh_diskio_dma.o(i.USBH_read)
    USBH_status                              0x08003715   Thumb Code    20  usbh_diskio_dma.o(i.USBH_status)
    USBH_write                               0x0800372d   Thumb Code   134  usbh_diskio_dma.o(i.USBH_write)
    USB_CoreInit                             0x080037bd   Thumb Code   104  stm32f4xx_ll_usb.o(i.USB_CoreInit)
    USB_DisableGlobalInt                     0x08003861   Thumb Code    12  stm32f4xx_ll_usb.o(i.USB_DisableGlobalInt)
    USB_DoPing                               0x0800386d   Thumb Code    60  stm32f4xx_ll_usb.o(i.USB_DoPing)
    USB_DriveVbus                            0x080038ad   Thumb Code    44  stm32f4xx_ll_usb.o(i.USB_DriveVbus)
    USB_EnableGlobalInt                      0x080038d9   Thumb Code    12  stm32f4xx_ll_usb.o(i.USB_EnableGlobalInt)
    USB_FlushRxFifo                          0x080038e5   Thumb Code    28  stm32f4xx_ll_usb.o(i.USB_FlushRxFifo)
    USB_FlushTxFifo                          0x08003905   Thumb Code    32  stm32f4xx_ll_usb.o(i.USB_FlushTxFifo)
    USB_GetCurrentFrame                      0x08003929   Thumb Code     8  stm32f4xx_ll_usb.o(i.USB_GetCurrentFrame)
    USB_GetHostSpeed                         0x08003931   Thumb Code    14  stm32f4xx_ll_usb.o(i.USB_GetHostSpeed)
    USB_GetMode                              0x0800393f   Thumb Code     8  stm32f4xx_ll_usb.o(i.USB_GetMode)
    USB_HC_Halt                              0x08003947   Thumb Code   328  stm32f4xx_ll_usb.o(i.USB_HC_Halt)
    USB_HC_Init                              0x08003a91   Thumb Code   234  stm32f4xx_ll_usb.o(i.USB_HC_Init)
    USB_HC_ReadInterrupt                     0x08003b7b   Thumb Code    12  stm32f4xx_ll_usb.o(i.USB_HC_ReadInterrupt)
    USB_HC_StartXfer                         0x08003b89   Thumb Code   386  stm32f4xx_ll_usb.o(i.USB_HC_StartXfer)
    USB_HostInit                             0x08003d11   Thumb Code   192  stm32f4xx_ll_usb.o(i.USB_HostInit)
    USB_InitFSLSPClkSel                      0x08003de5   Thumb Code    54  stm32f4xx_ll_usb.o(i.USB_InitFSLSPClkSel)
    USB_ReadInterrupts                       0x08003e1b   Thumb Code     8  stm32f4xx_ll_usb.o(i.USB_ReadInterrupts)
    USB_ReadPacket                           0x08003e23   Thumb Code    32  stm32f4xx_ll_usb.o(i.USB_ReadPacket)
    USB_ResetPort                            0x08003e43   Thumb Code    44  stm32f4xx_ll_usb.o(i.USB_ResetPort)
    USB_SetCurrentMode                       0x08003e6f   Thumb Code    44  stm32f4xx_ll_usb.o(i.USB_SetCurrentMode)
    USB_StopHost                             0x08003e9b   Thumb Code   178  stm32f4xx_ll_usb.o(i.USB_StopHost)
    USB_WritePacket                          0x08003f4d   Thumb Code    40  stm32f4xx_ll_usb.o(i.USB_WritePacket)
    UsageFault_Handler                       0x08003f75   Thumb Code     2  stm32f4xx_it.o(i.UsageFault_Handler)
    __scatterload_copy                       0x08003f97   Thumb Code    14  handlers.o(i.__scatterload_copy)
    __scatterload_null                       0x08003fa5   Thumb Code     2  handlers.o(i.__scatterload_null)
    __scatterload_zeroinit                   0x08003fa7   Thumb Code    14  handlers.o(i.__scatterload_zeroinit)
    disk_initialize                          0x08004531   Thumb Code    36  diskio.o(i.disk_initialize)
    disk_ioctl                               0x08004559   Thumb Code    24  diskio.o(i.disk_ioctl)
    disk_read                                0x08004575   Thumb Code    24  diskio.o(i.disk_read)
    disk_status                              0x08004591   Thumb Code    18  diskio.o(i.disk_status)
    disk_write                               0x080045a9   Thumb Code    24  diskio.o(i.disk_write)
    f_close                                  0x080045c5   Thumb Code    40  ff.o(i.f_close)
    f_mount                                  0x080045ed   Thumb Code    84  ff.o(i.f_mount)
    f_open                                   0x08004645   Thumb Code   520  ff.o(i.f_open)
    f_read                                   0x08004851   Thumb Code   338  ff.o(i.f_read)
    f_sync                                   0x080049a3   Thumb Code   142  ff.o(i.f_sync)
    f_unlink                                 0x08004a31   Thumb Code   158  ff.o(i.f_unlink)
    f_write                                  0x08004acf   Thumb Code   398  ff.o(i.f_write)
    free                                     0x08004f25   Thumb Code    76  malloc.o(i.free)
    get_fattime                              0x08005033   Thumb Code     4  diskio.o(i.get_fattime)
    main                                     0x0800513d   Thumb Code   178  main.o(i.main)
    malloc                                   0x08005205   Thumb Code    92  malloc.o(i.malloc)
    BUTTON_IRQn                              0x0800560c   Data           1  stm32f429i_discovery.o(.constdata)
    BUTTON_PIN                               0x0800560e   Data           2  stm32f429i_discovery.o(.constdata)
    GPIO_PIN                                 0x08005610   Data           4  stm32f429i_discovery.o(.constdata)
    AHBPrescTable                            0x08005614   Data          16  system_stm32f4xx.o(.constdata)
    USBH_Driver                              0x08005624   Data          20  usbh_diskio_dma.o(.constdata)
    Region$$Table$$Base                      0x0800563c   Number         0  anon$$obj.o(Region$$Table)
    Region$$Table$$Limit                     0x0800565c   Number         0  anon$$obj.o(Region$$Table)
    uwTickFreq                               0x20000000   Data           1  stm32f4xx_hal.o(.data)
    uwTickPrio                               0x20000004   Data           4  stm32f4xx_hal.o(.data)
    uwTick                                   0x20000008   Data           4  stm32f4xx_hal.o(.data)
    BUTTON_PORT                              0x2000001c   Data           4  stm32f429i_discovery.o(.data)
    I2cxTimeout                              0x20000020   Data           4  stm32f429i_discovery.o(.data)
    SpixTimeout                              0x20000024   Data           4  stm32f429i_discovery.o(.data)
    GPIO_PORT                                0x20000028   Data           8  stm32f429i_discovery.o(.data)
    SystemCoreClock                          0x20000030   Data           4  system_stm32f4xx.o(.data)
    FirstSector                              0x20000040   Data           4  flash_if.o(.data)
    NbOfSectors                              0x20000044   Data           4  flash_if.o(.data)
    SectorError                              0x20000048   Data           4  flash_if.o(.data)
    OB_RDP_LEVEL                             0x2000004c   Data           4  flash_if.o(.data)
    Appli_state                              0x20000050   Data           1  main.o(.data)
    USBDISKPath                              0x20000051   Data           4  main.o(.data)
    JumpAddress                              0x20000058   Data           4  main.o(.data)
    Jump_To_Application                      0x2000005c   Data           4  main.o(.data)
    UploadCondition                          0x20000064   Data           4  iap_menu.o(.data)
    USBH_msc                                 0x20000068   Data          32  usbh_msc.o(.data)
    __microlib_freelist                      0x20000088   Data           4  mvars.o(.data)
    __microlib_freelist_initialised          0x2000008c   Data           4  mvars.o(.data)
    pFlash                                   0x20000090   Data          32  stm32f4xx_hal_flash.o(.bss)
    disk                                     0x200000b0   Data          16  ff_gen_drv.o(.bss)
    MyFile                                   0x200080e0   Data         560  command.o(.bss)
    MyFileR                                  0x20008310   Data         560  command.o(.bss)
    USBH_fatfs                               0x20008540   Data         560  command.o(.bss)
    hUSBHost                                 0x200087a0   Data         712  main.o(.bss)
    hhcd                                     0x20008a68   Data         664  usbh_conf.o(.bss)
    __heap_base                              0x20008f00   Data           0  startup_stm32f429xx.o(HEAP)
    __heap_limit                             0x2000cf00   Data           0  startup_stm32f429xx.o(HEAP)
    __initial_sp                             0x2000ef00   Data           0  startup_stm32f429xx.o(STACK)



==============================================================================

Memory Map of the image

  Image Entry point : 0x080001ad

  Load Region LR_IROM1 (Base: 0x08000000, Size: 0x000056ec, Max: 0x00200000, ABSOLUTE)

    Execution Region ER_IROM1 (Exec base: 0x08000000, Load base: 0x08000000, Size: 0x0000565c, Max: 0x00200000, ABSOLUTE)

    Exec Addr    Load Addr    Size         Type   Attr      Idx    E Section Name        Object

    0x08000000   0x08000000   0x000001ac   Data   RO         3393    RESET               startup_stm32f429xx.o
    0x080001ac   0x080001ac   0x00000000   Code   RO         4099  * .ARM.Collect$$$$00000000  mc_w.l(entry.o)
    0x080001ac   0x080001ac   0x00000004   Code   RO         4138    .ARM.Collect$$$$00000001  mc_w.l(entry2.o)
    0x080001b0   0x080001b0   0x00000004   Code   RO         4141    .ARM.Collect$$$$00000004  mc_w.l(entry5.o)
    0x080001b4   0x080001b4   0x00000000   Code   RO         4143    .ARM.Collect$$$$00000008  mc_w.l(entry7b.o)
    0x080001b4   0x080001b4   0x00000000   Code   RO         4145    .ARM.Collect$$$$0000000A  mc_w.l(entry8b.o)
    0x080001b4   0x080001b4   0x00000008   Code   RO         4146    .ARM.Collect$$$$0000000B  mc_w.l(entry9a.o)
    0x080001bc   0x080001bc   0x00000000   Code   RO         4148    .ARM.Collect$$$$0000000D  mc_w.l(entry10a.o)
    0x080001bc   0x080001bc   0x00000000   Code   RO         4150    .ARM.Collect$$$$0000000F  mc_w.l(entry11a.o)
    0x080001bc   0x080001bc   0x00000004   Code   RO         4139    .ARM.Collect$$$$00002712  mc_w.l(entry2.o)
    0x080001c0   0x080001c0   0x00000024   Code   RO         3394    .text               startup_stm32f429xx.o
    0x080001e4   0x080001e4   0x00000062   Code   RO         4102    .text               mc_w.l(uldiv.o)
    0x08000246   0x08000246   0x00000024   Code   RO         4104    .text               mc_w.l(memcpya.o)
    0x0800026a   0x0800026a   0x00000024   Code   RO         4106    .text               mc_w.l(memseta.o)
    0x0800028e   0x0800028e   0x0000001e   Code   RO         4152    .text               mc_w.l(llshl.o)
    0x080002ac   0x080002ac   0x00000020   Code   RO         4154    .text               mc_w.l(llushr.o)
    0x080002cc   0x080002cc   0x00000024   Code   RO         4158    .text               mc_w.l(init.o)
    0x080002f0   0x080002f0   0x0000005c   Code   RO         2541    i.BSP_LED_Init      stm32f429i_discovery.o
    0x0800034c   0x0800034c   0x0000001c   Code   RO         2542    i.BSP_LED_Off       stm32f429i_discovery.o
    0x08000368   0x08000368   0x0000001c   Code   RO         2543    i.BSP_LED_On        stm32f429i_discovery.o
    0x08000384   0x08000384   0x00000018   Code   RO         2544    i.BSP_LED_Toggle    stm32f429i_discovery.o
    0x0800039c   0x0800039c   0x00000018   Code   RO         2545    i.BSP_PB_GetState   stm32f429i_discovery.o
    0x080003b4   0x080003b4   0x00000080   Code   RO         2546    i.BSP_PB_Init       stm32f429i_discovery.o
    0x08000434   0x08000434   0x00000002   Code   RO         3777    i.BusFault_Handler  stm32f4xx_it.o
    0x08000436   0x08000436   0x00000002   PAD
    0x08000438   0x08000438   0x00000070   Code   RO         3401    i.COMMAND_Download  command.o
    0x080004a8   0x080004a8   0x00000024   Code   RO         3402    i.COMMAND_Jump      command.o
    0x080004cc   0x080004cc   0x0000006c   Code   RO         3403    i.COMMAND_ProgramFlashMemory  command.o
    0x08000538   0x08000538   0x000000d8   Code   RO         3404    i.COMMAND_Upload    command.o
    0x08000610   0x08000610   0x00000046   Code   RO         3205    i.DeInitStateMachine  usbh_core.o
    0x08000656   0x08000656   0x00000002   Code   RO         3778    i.DebugMon_Handler  stm32f4xx_it.o
    0x08000658   0x08000658   0x0000000e   Code   RO         3859    i.Erase_Fail_Handler  iap_menu.o
    0x08000666   0x08000666   0x00000006   Code   RO         2159    i.FATFS_LinkDriver  ff_gen_drv.o
    0x0800066c   0x0800066c   0x00000040   Code   RO         2160    i.FATFS_LinkDriverEx  ff_gen_drv.o
    0x080006ac   0x080006ac   0x00000006   Code   RO         2161    i.FATFS_UnLinkDriver  ff_gen_drv.o
    0x080006b2   0x080006b2   0x00000002   PAD
    0x080006b4   0x080006b4   0x00000034   Code   RO         2162    i.FATFS_UnLinkDriverEx  ff_gen_drv.o
    0x080006e8   0x080006e8   0x00000054   Code   RO          822    i.FLASH_Erase_Sector  stm32f4xx_hal_flash_ex.o
    0x0800073c   0x0800073c   0x00000054   Code   RO          823    i.FLASH_FlushCaches  stm32f4xx_hal_flash_ex.o
    0x08000790   0x08000790   0x00000048   Code   RO         3479    i.FLASH_If_EraseSectors  flash_if.o
    0x080007d8   0x080007d8   0x00000004   Code   RO         3480    i.FLASH_If_FlashUnlock  flash_if.o
    0x080007dc   0x080007dc   0x0000017c   Code   RO         3481    i.FLASH_If_GetSectorNumber  flash_if.o
    0x08000958   0x08000958   0x00000028   Code   RO         3482    i.FLASH_If_ReadOutProtectionStatus  flash_if.o
    0x08000980   0x08000980   0x00000020   Code   RO         3483    i.FLASH_If_Write    flash_if.o
    0x080009a0   0x080009a0   0x00000040   Code   RO          824    i.FLASH_MassErase   stm32f4xx_hal_flash_ex.o
    0x080009e0   0x080009e0   0x00000020   Code   RO          234    i.FLASH_Program_Byte  stm32f4xx_hal_flash.o
    0x08000a00   0x08000a00   0x00000028   Code   RO          235    i.FLASH_Program_DoubleWord  stm32f4xx_hal_flash.o
    0x08000a28   0x08000a28   0x00000024   Code   RO          236    i.FLASH_Program_HalfWord  stm32f4xx_hal_flash.o
    0x08000a4c   0x08000a4c   0x00000024   Code   RO          237    i.FLASH_Program_Word  stm32f4xx_hal_flash.o
    0x08000a70   0x08000a70   0x0000007c   Code   RO          238    i.FLASH_SetErrorCode  stm32f4xx_hal_flash.o
    0x08000aec   0x08000aec   0x00000050   Code   RO          239    i.FLASH_WaitForLastOperation  stm32f4xx_hal_flash.o
    0x08000b3c   0x08000b3c   0x00000108   Code   RO         3860    i.FW_UPGRADE_Process  iap_menu.o
    0x08000c44   0x08000c44   0x0000000e   Code   RO         3861    i.Fail_Handler      iap_menu.o
    0x08000c52   0x08000c52   0x0000000e   Code   RO         3862    i.FatFs_Fail_Handler  iap_menu.o
    0x08000c60   0x08000c60   0x00000024   Code   RO          646    i.HAL_Delay         stm32f4xx_hal.o
    0x08000c84   0x08000c84   0x0000009c   Code   RO          829    i.HAL_FLASHEx_Erase  stm32f4xx_hal_flash_ex.o
    0x08000d20   0x08000d20   0x00000040   Code   RO          831    i.HAL_FLASHEx_OBGetConfig  stm32f4xx_hal_flash_ex.o
    0x08000d60   0x08000d60   0x0000007c   Code   RO          248    i.HAL_FLASH_Program  stm32f4xx_hal_flash.o
    0x08000ddc   0x08000ddc   0x0000002c   Code   RO          250    i.HAL_FLASH_Unlock  stm32f4xx_hal_flash.o
    0x08000e08   0x08000e08   0x000001cc   Code   RO         1934    i.HAL_GPIO_Init     stm32f4xx_hal_gpio.o
    0x08000fd4   0x08000fd4   0x0000000a   Code   RO         1936    i.HAL_GPIO_ReadPin  stm32f4xx_hal_gpio.o
    0x08000fde   0x08000fde   0x00000008   Code   RO         1937    i.HAL_GPIO_TogglePin  stm32f4xx_hal_gpio.o
    0x08000fe6   0x08000fe6   0x0000000a   Code   RO         1938    i.HAL_GPIO_WritePin  stm32f4xx_hal_gpio.o
    0x08000ff0   0x08000ff0   0x0000000c   Code   RO          654    i.HAL_GetTick       stm32f4xx_hal.o
    0x08000ffc   0x08000ffc   0x00000008   Code   RO         3574    i.HAL_HCD_Connect_Callback  usbh_conf.o
    0x08001004   0x08001004   0x00000008   Code   RO         3575    i.HAL_HCD_Disconnect_Callback  usbh_conf.o
    0x0800100c   0x0800100c   0x00000006   Code   RO         2000    i.HAL_HCD_GetCurrentFrame  stm32f4xx_hal_hcd.o
    0x08001012   0x08001012   0x00000006   Code   RO         2001    i.HAL_HCD_GetCurrentSpeed  stm32f4xx_hal_hcd.o
    0x08001018   0x08001018   0x0000000e   Code   RO         2004    i.HAL_HCD_HC_GetURBState  stm32f4xx_hal_hcd.o
    0x08001026   0x08001026   0x0000000c   Code   RO         2005    i.HAL_HCD_HC_GetXferCount  stm32f4xx_hal_hcd.o
    0x08001032   0x08001032   0x00000024   Code   RO         2006    i.HAL_HCD_HC_Halt   stm32f4xx_hal_hcd.o
    0x08001056   0x08001056   0x00000054   Code   RO         2007    i.HAL_HCD_HC_Init   stm32f4xx_hal_hcd.o
    0x080010aa   0x080010aa   0x00000002   Code   RO         3576    i.HAL_HCD_HC_NotifyURBChange_Callback  usbh_conf.o
    0x080010ac   0x080010ac   0x000000b6   Code   RO         2009    i.HAL_HCD_HC_SubmitRequest  stm32f4xx_hal_hcd.o
    0x08001162   0x08001162   0x00000002   PAD
    0x08001164   0x08001164   0x0000012e   Code   RO         2010    i.HAL_HCD_IRQHandler  stm32f4xx_hal_hcd.o
    0x08001292   0x08001292   0x0000005a   Code   RO         2011    i.HAL_HCD_Init      stm32f4xx_hal_hcd.o
    0x080012ec   0x080012ec   0x000000b0   Code   RO         3578    i.HAL_HCD_MspInit   usbh_conf.o
    0x0800139c   0x0800139c   0x00000006   Code   RO         2014    i.HAL_HCD_ResetPort  stm32f4xx_hal_hcd.o
    0x080013a2   0x080013a2   0x00000008   Code   RO         3579    i.HAL_HCD_SOF_Callback  usbh_conf.o
    0x080013aa   0x080013aa   0x0000002c   Code   RO         2016    i.HAL_HCD_Start     stm32f4xx_hal_hcd.o
    0x080013d6   0x080013d6   0x00000024   Code   RO         2017    i.HAL_HCD_Stop      stm32f4xx_hal_hcd.o
    0x080013fa   0x080013fa   0x00000002   PAD
    0x080013fc   0x080013fc   0x00000010   Code   RO          658    i.HAL_IncTick       stm32f4xx_hal.o
    0x0800140c   0x0800140c   0x00000034   Code   RO          659    i.HAL_Init          stm32f4xx_hal.o
    0x08001440   0x08001440   0x00000040   Code   RO          660    i.HAL_InitTick      stm32f4xx_hal.o
    0x08001480   0x08001480   0x00000002   Code   RO          662    i.HAL_MspInit       stm32f4xx_hal.o
    0x08001482   0x08001482   0x0000001a   Code   RO            9    i.HAL_NVIC_EnableIRQ  stm32f4xx_hal_cortex.o
    0x0800149c   0x0800149c   0x00000040   Code   RO           15    i.HAL_NVIC_SetPriority  stm32f4xx_hal_cortex.o
    0x080014dc   0x080014dc   0x00000024   Code   RO           16    i.HAL_NVIC_SetPriorityGrouping  stm32f4xx_hal_cortex.o
    0x08001500   0x08001500   0x00000130   Code   RO         1830    i.HAL_RCC_ClockConfig  stm32f4xx_hal_rcc.o
    0x08001630   0x08001630   0x00000060   Code   RO         1839    i.HAL_RCC_GetSysClockFreq  stm32f4xx_hal_rcc.o
    0x08001690   0x08001690   0x0000031c   Code   RO         1842    i.HAL_RCC_OscConfig  stm32f4xx_hal_rcc.o
    0x080019ac   0x080019ac   0x00000028   Code   RO           20    i.HAL_SYSTICK_Config  stm32f4xx_hal_cortex.o
    0x080019d4   0x080019d4   0x00000232   Code   RO         2018    i.HCD_HC_IN_IRQHandler  stm32f4xx_hal_hcd.o
    0x08001c06   0x08001c06   0x00000216   Code   RO         2019    i.HCD_HC_OUT_IRQHandler  stm32f4xx_hal_hcd.o
    0x08001e1c   0x08001e1c   0x000000ac   Code   RO         2020    i.HCD_Port_IRQHandler  stm32f4xx_hal_hcd.o
    0x08001ec8   0x08001ec8   0x00000070   Code   RO         2021    i.HCD_RXQLVL_IRQHandler  stm32f4xx_hal_hcd.o
    0x08001f38   0x08001f38   0x00000002   Code   RO         3779    i.HardFault_Handler  stm32f4xx_it.o
    0x08001f3a   0x08001f3a   0x00000002   Code   RO         3780    i.MemManage_Handler  stm32f4xx_it.o
    0x08001f3c   0x08001f3c   0x00000002   Code   RO         3781    i.NMI_Handler       stm32f4xx_it.o
    0x08001f3e   0x08001f3e   0x00000002   PAD
    0x08001f40   0x08001f40   0x0000000c   Code   RO         3782    i.OTG_HS_IRQHandler  stm32f4xx_it.o
    0x08001f4c   0x08001f4c   0x00000002   Code   RO         3783    i.PendSV_Handler    stm32f4xx_it.o
    0x08001f4e   0x08001f4e   0x00000002   Code   RO         3784    i.SVC_Handler       stm32f4xx_it.o
    0x08001f50   0x08001f50   0x00000004   Code   RO         3785    i.SysTick_Handler   stm32f4xx_it.o
    0x08001f54   0x08001f54   0x00000054   Code   RO         3013    i.SystemInit        system_stm32f4xx.o
    0x08001fa8   0x08001fa8   0x00000034   Code   RO         3163    i.USBH_AllocPipe    usbh_pipes.o
    0x08001fdc   0x08001fdc   0x00000020   Code   RO         3322    i.USBH_BulkReceiveData  usbh_ioreq.o
    0x08001ffc   0x08001ffc   0x00000028   Code   RO         3323    i.USBH_BulkSendData  usbh_ioreq.o
    0x08002024   0x08002024   0x0000000a   Code   RO         3164    i.USBH_ClosePipe    usbh_pipes.o
    0x0800202e   0x0800202e   0x0000001e   Code   RO         3050    i.USBH_ClrFeature   usbh_ctlreq.o
    0x0800204c   0x0800204c   0x0000001e   Code   RO         3324    i.USBH_CtlReceiveData  usbh_ioreq.o
    0x0800206a   0x0800206a   0x00000036   Code   RO         3051    i.USBH_CtlReq       usbh_ctlreq.o
    0x080020a0   0x080020a0   0x00000028   Code   RO         3325    i.USBH_CtlSendData  usbh_ioreq.o
    0x080020c8   0x080020c8   0x0000001e   Code   RO         3326    i.USBH_CtlSendSetup  usbh_ioreq.o
    0x080020e6   0x080020e6   0x00000004   Code   RO         3580    i.USBH_Delay        usbh_conf.o
    0x080020ea   0x080020ea   0x00000044   Code   RO         3207    i.USBH_FindInterface  usbh_core.o
    0x0800212e   0x0800212e   0x00000018   Code   RO         3165    i.USBH_FreePipe     usbh_pipes.o
    0x08002146   0x08002146   0x00000034   Code   RO         3052    i.USBH_GetDescriptor  usbh_ctlreq.o
    0x0800217a   0x0800217a   0x0000000e   Code   RO         3053    i.USBH_GetNextDesc  usbh_ctlreq.o
    0x08002188   0x08002188   0x0000002c   Code   RO         3054    i.USBH_Get_CfgDesc  usbh_ctlreq.o
    0x080021b4   0x080021b4   0x00000080   Code   RO         3055    i.USBH_Get_DevDesc  usbh_ctlreq.o
    0x08002234   0x08002234   0x00000048   Code   RO         3056    i.USBH_Get_StringDesc  usbh_ctlreq.o
    0x0800227c   0x0800227c   0x0000017e   Code   RO         3057    i.USBH_HandleControl  usbh_ctlreq.o
    0x080023fa   0x080023fa   0x000000f2   Code   RO         3210    i.USBH_HandleEnum   usbh_core.o
    0x080024ec   0x080024ec   0x00000030   Code   RO         3211    i.USBH_Init         usbh_core.o
    0x0800251c   0x0800251c   0x0000000e   Code   RO         3581    i.USBH_LL_ClosePipe  usbh_conf.o
    0x0800252a   0x0800252a   0x00000028   Code   RO         3212    i.USBH_LL_Connect   usbh_core.o
    0x08002552   0x08002552   0x00000038   Code   RO         3213    i.USBH_LL_Disconnect  usbh_core.o
    0x0800258a   0x0800258a   0x00000002   PAD
    0x0800258c   0x0800258c   0x00000020   Code   RO         3583    i.USBH_LL_DriverVBUS  usbh_conf.o
    0x080025ac   0x080025ac   0x00000008   Code   RO         3584    i.USBH_LL_GetLastXferSize  usbh_conf.o
    0x080025b4   0x080025b4   0x00000020   Code   RO         3585    i.USBH_LL_GetSpeed  usbh_conf.o
    0x080025d4   0x080025d4   0x00000020   Code   RO         3586    i.USBH_LL_GetToggle  usbh_conf.o
    0x080025f4   0x080025f4   0x00000008   Code   RO         3587    i.USBH_LL_GetURBState  usbh_conf.o
    0x080025fc   0x080025fc   0x0000001e   Code   RO         3214    i.USBH_LL_IncTimer  usbh_core.o
    0x0800261a   0x0800261a   0x00000002   PAD
    0x0800261c   0x0800261c   0x0000004c   Code   RO         3588    i.USBH_LL_Init      usbh_conf.o
    0x08002668   0x08002668   0x00000018   Code   RO         3589    i.USBH_LL_OpenPipe  usbh_conf.o
    0x08002680   0x08002680   0x0000000e   Code   RO         3590    i.USBH_LL_ResetPort  usbh_conf.o
    0x0800268e   0x0800268e   0x00000006   Code   RO         3215    i.USBH_LL_SetTimer  usbh_core.o
    0x08002694   0x08002694   0x00000024   Code   RO         3591    i.USBH_LL_SetToggle  usbh_conf.o
    0x080026b8   0x080026b8   0x0000000e   Code   RO         3592    i.USBH_LL_Start     usbh_conf.o
    0x080026c6   0x080026c6   0x0000000e   Code   RO         3593    i.USBH_LL_Stop      usbh_conf.o
    0x080026d4   0x080026d4   0x00000020   Code   RO         3594    i.USBH_LL_SubmitURB  usbh_conf.o
    0x080026f4   0x080026f4   0x0000001e   Code   RO         3964    i.USBH_MSC_BOT_Abort  usbh_msc_bot.o
    0x08002712   0x08002712   0x00000002   PAD
    0x08002714   0x08002714   0x00000024   Code   RO         3965    i.USBH_MSC_BOT_Init  usbh_msc_bot.o
    0x08002738   0x08002738   0x000001dc   Code   RO         3966    i.USBH_MSC_BOT_Process  usbh_msc_bot.o
    0x08002914   0x08002914   0x00000016   Code   RO         3967    i.USBH_MSC_BOT_REQ_GetMaxLUN  usbh_msc_bot.o
    0x0800292a   0x0800292a   0x00000016   Code   RO         3968    i.USBH_MSC_BOT_REQ_Reset  usbh_msc_bot.o
    0x08002940   0x08002940   0x0000006c   Code   RO         4011    i.USBH_MSC_ClassRequest  usbh_msc.o
    0x080029ac   0x080029ac   0x0000002e   Code   RO         4012    i.USBH_MSC_GetLUNInfo  usbh_msc.o
    0x080029da   0x080029da   0x0000004a   Code   RO         4014    i.USBH_MSC_InterfaceDeInit  usbh_msc.o
    0x08002a24   0x08002a24   0x0000014c   Code   RO         4015    i.USBH_MSC_InterfaceInit  usbh_msc.o
    0x08002b70   0x08002b70   0x00000016   Code   RO         4016    i.USBH_MSC_IsReady  usbh_msc.o
    0x08002b86   0x08002b86   0x00000290   Code   RO         4017    i.USBH_MSC_Process  usbh_msc.o
    0x08002e16   0x08002e16   0x00000002   PAD
    0x08002e18   0x08002e18   0x0000008e   Code   RO         4018    i.USBH_MSC_RdWrProcess  usbh_msc.o
    0x08002ea6   0x08002ea6   0x0000008a   Code   RO         4019    i.USBH_MSC_Read     usbh_msc.o
    0x08002f30   0x08002f30   0x000000c0   Code   RO         3910    i.USBH_MSC_SCSI_Inquiry  usbh_msc_scsi.o
    0x08002ff0   0x08002ff0   0x0000007c   Code   RO         3911    i.USBH_MSC_SCSI_Read  usbh_msc_scsi.o
    0x0800306c   0x0800306c   0x0000007a   Code   RO         3912    i.USBH_MSC_SCSI_ReadCapacity  usbh_msc_scsi.o
    0x080030e6   0x080030e6   0x00000092   Code   RO         3913    i.USBH_MSC_SCSI_RequestSense  usbh_msc_scsi.o
    0x08003178   0x08003178   0x0000004c   Code   RO         3914    i.USBH_MSC_SCSI_TestUnitReady  usbh_msc_scsi.o
    0x080031c4   0x080031c4   0x0000007c   Code   RO         3915    i.USBH_MSC_SCSI_Write  usbh_msc_scsi.o
    0x08003240   0x08003240   0x00000004   Code   RO         4020    i.USBH_MSC_SOFProcess  usbh_msc.o
    0x08003244   0x08003244   0x00000026   Code   RO         4021    i.USBH_MSC_UnitIsReady  usbh_msc.o
    0x0800326a   0x0800326a   0x0000008a   Code   RO         4022    i.USBH_MSC_Write    usbh_msc.o
    0x080032f4   0x080032f4   0x00000014   Code   RO         3166    i.USBH_OpenPipe     usbh_pipes.o
    0x08003308   0x08003308   0x000000e8   Code   RO         3058    i.USBH_ParseCfgDesc  usbh_ctlreq.o
    0x080033f0   0x080033f0   0x00000168   Code   RO         3216    i.USBH_Process      usbh_core.o
    0x08003558   0x08003558   0x0000001c   Code   RO         3218    i.USBH_RegisterClass  usbh_core.o
    0x08003574   0x08003574   0x00000016   Code   RO         3219    i.USBH_SelectInterface  usbh_core.o
    0x0800358a   0x0800358a   0x0000001c   Code   RO         3059    i.USBH_SetAddress   usbh_ctlreq.o
    0x080035a6   0x080035a6   0x0000001c   Code   RO         3060    i.USBH_SetCfg       usbh_ctlreq.o
    0x080035c2   0x080035c2   0x00000014   Code   RO         3220    i.USBH_Start        usbh_core.o
    0x080035d6   0x080035d6   0x00000002   PAD
    0x080035d8   0x080035d8   0x00000050   Code   RO         3534    i.USBH_UserProcess  main.o
    0x08003628   0x08003628   0x00000004   Code   RO         3721    i.USBH_initialize   usbh_diskio_dma.o
    0x0800362c   0x0800362c   0x00000064   Code   RO         3722    i.USBH_ioctl        usbh_diskio_dma.o
    0x08003690   0x08003690   0x00000084   Code   RO         3723    i.USBH_read         usbh_diskio_dma.o
    0x08003714   0x08003714   0x00000018   Code   RO         3724    i.USBH_status       usbh_diskio_dma.o
    0x0800372c   0x0800372c   0x00000090   Code   RO         3725    i.USBH_write        usbh_diskio_dma.o
    0x080037bc   0x080037bc   0x0000006c   Code   RO          360    i.USB_CoreInit      stm32f4xx_ll_usb.o
    0x08003828   0x08003828   0x00000038   Code   RO          361    i.USB_CoreReset     stm32f4xx_ll_usb.o
    0x08003860   0x08003860   0x0000000c   Code   RO          367    i.USB_DisableGlobalInt  stm32f4xx_ll_usb.o
    0x0800386c   0x0800386c   0x00000040   Code   RO          368    i.USB_DoPing        stm32f4xx_ll_usb.o
    0x080038ac   0x080038ac   0x0000002c   Code   RO          369    i.USB_DriveVbus     stm32f4xx_ll_usb.o
    0x080038d8   0x080038d8   0x0000000c   Code   RO          375    i.USB_EnableGlobalInt  stm32f4xx_ll_usb.o
    0x080038e4   0x080038e4   0x00000020   Code   RO          376    i.USB_FlushRxFifo   stm32f4xx_ll_usb.o
    0x08003904   0x08003904   0x00000024   Code   RO          377    i.USB_FlushTxFifo   stm32f4xx_ll_usb.o
    0x08003928   0x08003928   0x00000008   Code   RO          378    i.USB_GetCurrentFrame  stm32f4xx_ll_usb.o
    0x08003930   0x08003930   0x0000000e   Code   RO          380    i.USB_GetHostSpeed  stm32f4xx_ll_usb.o
    0x0800393e   0x0800393e   0x00000008   Code   RO          381    i.USB_GetMode       stm32f4xx_ll_usb.o
    0x08003946   0x08003946   0x00000148   Code   RO          382    i.USB_HC_Halt       stm32f4xx_ll_usb.o
    0x08003a8e   0x08003a8e   0x00000002   PAD
    0x08003a90   0x08003a90   0x000000ea   Code   RO          383    i.USB_HC_Init       stm32f4xx_ll_usb.o
    0x08003b7a   0x08003b7a   0x0000000c   Code   RO          384    i.USB_HC_ReadInterrupt  stm32f4xx_ll_usb.o
    0x08003b86   0x08003b86   0x00000002   PAD
    0x08003b88   0x08003b88   0x00000188   Code   RO          385    i.USB_HC_StartXfer  stm32f4xx_ll_usb.o
    0x08003d10   0x08003d10   0x000000d4   Code   RO          386    i.USB_HostInit      stm32f4xx_ll_usb.o
    0x08003de4   0x08003de4   0x00000036   Code   RO          387    i.USB_InitFSLSPClkSel  stm32f4xx_ll_usb.o
    0x08003e1a   0x08003e1a   0x00000008   Code   RO          392    i.USB_ReadInterrupts  stm32f4xx_ll_usb.o
    0x08003e22   0x08003e22   0x00000020   Code   RO          393    i.USB_ReadPacket    stm32f4xx_ll_usb.o
    0x08003e42   0x08003e42   0x0000002c   Code   RO          394    i.USB_ResetPort     stm32f4xx_ll_usb.o
    0x08003e6e   0x08003e6e   0x0000002c   Code   RO          395    i.USB_SetCurrentMode  stm32f4xx_ll_usb.o
    0x08003e9a   0x08003e9a   0x000000b2   Code   RO          399    i.USB_StopHost      stm32f4xx_ll_usb.o
    0x08003f4c   0x08003f4c   0x00000028   Code   RO          400    i.USB_WritePacket   stm32f4xx_ll_usb.o
    0x08003f74   0x08003f74   0x00000002   Code   RO         3786    i.UsageFault_Handler  stm32f4xx_it.o
    0x08003f76   0x08003f76   0x00000020   Code   RO           22    i.__NVIC_SetPriority  stm32f4xx_hal_cortex.o
    0x08003f96   0x08003f96   0x0000000e   Code   RO         4162    i.__scatterload_copy  mc_w.l(handlers.o)
    0x08003fa4   0x08003fa4   0x00000002   Code   RO         4163    i.__scatterload_null  mc_w.l(handlers.o)
    0x08003fa6   0x08003fa6   0x0000000e   Code   RO         4164    i.__scatterload_zeroinit  mc_w.l(handlers.o)
    0x08003fb4   0x08003fb4   0x00000070   Code   RO         2212    i.check_fs          ff.o
    0x08004024   0x08004024   0x0000005c   Code   RO         2213    i.chk_lock          ff.o
    0x08004080   0x08004080   0x00000020   Code   RO         2214    i.clear_lock        ff.o
    0x080040a0   0x080040a0   0x00000024   Code   RO         2215    i.clmt_clust        ff.o
    0x080040c4   0x080040c4   0x00000018   Code   RO         2216    i.clust2sect        ff.o
    0x080040dc   0x080040dc   0x000000a4   Code   RO         2217    i.create_chain      ff.o
    0x08004180   0x08004180   0x000000bc   Code   RO         2218    i.create_name       ff.o
    0x0800423c   0x0800423c   0x00000034   Code   RO         2219    i.dec_lock          ff.o
    0x08004270   0x08004270   0x00000064   Code   RO         2220    i.dir_find          ff.o
    0x080042d4   0x080042d4   0x000000f4   Code   RO         2221    i.dir_next          ff.o
    0x080043c8   0x080043c8   0x00000060   Code   RO         2222    i.dir_read          ff.o
    0x08004428   0x08004428   0x00000066   Code   RO         2223    i.dir_register      ff.o
    0x0800448e   0x0800448e   0x0000001e   Code   RO         2224    i.dir_remove        ff.o
    0x080044ac   0x080044ac   0x00000082   Code   RO         2225    i.dir_sdi           ff.o
    0x0800452e   0x0800452e   0x00000002   PAD
    0x08004530   0x08004530   0x00000028   Code   RO         2494    i.disk_initialize   diskio.o
    0x08004558   0x08004558   0x0000001c   Code   RO         2495    i.disk_ioctl        diskio.o
    0x08004574   0x08004574   0x0000001c   Code   RO         2496    i.disk_read         diskio.o
    0x08004590   0x08004590   0x00000018   Code   RO         2497    i.disk_status       diskio.o
    0x080045a8   0x080045a8   0x0000001c   Code   RO         2498    i.disk_write        diskio.o
    0x080045c4   0x080045c4   0x00000028   Code   RO         2226    i.f_close           ff.o
    0x080045ec   0x080045ec   0x00000058   Code   RO         2232    i.f_mount           ff.o
    0x08004644   0x08004644   0x0000020c   Code   RO         2233    i.f_open            ff.o
    0x08004850   0x08004850   0x00000152   Code   RO         2235    i.f_read            ff.o
    0x080049a2   0x080049a2   0x0000008e   Code   RO         2239    i.f_sync            ff.o
    0x08004a30   0x08004a30   0x0000009e   Code   RO         2241    i.f_unlink          ff.o
    0x08004ace   0x08004ace   0x0000018e   Code   RO         2242    i.f_write           ff.o
    0x08004c5c   0x08004c5c   0x00000254   Code   RO         2243    i.find_volume       ff.o
    0x08004eb0   0x08004eb0   0x00000074   Code   RO         2244    i.follow_path       ff.o
    0x08004f24   0x08004f24   0x00000050   Code   RO         4110    i.free              mc_w.l(malloc.o)
    0x08004f74   0x08004f74   0x000000be   Code   RO         2245    i.get_fat           ff.o
    0x08005032   0x08005032   0x00000004   Code   RO         2499    i.get_fattime       diskio.o
    0x08005036   0x08005036   0x0000003c   Code   RO         2247    i.get_ldnumber      ff.o
    0x08005072   0x08005072   0x00000002   PAD
    0x08005074   0x08005074   0x00000080   Code   RO         2248    i.inc_lock          ff.o
    0x080050f4   0x080050f4   0x00000026   Code   RO         2249    i.ld_clust          ff.o
    0x0800511a   0x0800511a   0x00000016   Code   RO         2250    i.ld_dword          ff.o
    0x08005130   0x08005130   0x0000000a   Code   RO         2251    i.ld_word           ff.o
    0x0800513a   0x0800513a   0x00000002   PAD
    0x0800513c   0x0800513c   0x000000c8   Code   RO         3535    i.main              main.o
    0x08005204   0x08005204   0x0000006c   Code   RO         4111    i.malloc            mc_w.l(malloc.o)
    0x08005270   0x08005270   0x00000012   Code   RO         2252    i.mem_cpy           ff.o
    0x08005282   0x08005282   0x00000002   PAD
    0x08005284   0x08005284   0x0000000e   Code   RO         2253    i.mem_set           ff.o
    0x08005292   0x08005292   0x00000032   Code   RO         2254    i.move_window       ff.o
    0x080052c4   0x080052c4   0x000000ea   Code   RO         2255    i.put_fat           ff.o
    0x080053ae   0x080053ae   0x00000074   Code   RO         2256    i.remove_chain      ff.o
    0x08005422   0x08005422   0x00000028   Code   RO         2257    i.st_clust          ff.o
    0x0800544a   0x0800544a   0x00000010   Code   RO         2258    i.st_dword          ff.o
    0x0800545a   0x0800545a   0x00000008   Code   RO         2259    i.st_word           ff.o
    0x08005462   0x08005462   0x00000002   PAD
    0x08005464   0x08005464   0x00000088   Code   RO         2260    i.sync_fs           ff.o
    0x080054ec   0x080054ec   0x00000052   Code   RO         2261    i.sync_window       ff.o
    0x0800553e   0x0800553e   0x00000032   Code   RO         2262    i.validate          ff.o
    0x08005570   0x08005570   0x0000009c   Data   RO         2264    .constdata          ff.o
    0x0800560c   0x0800560c   0x00000008   Data   RO         2570    .constdata          stm32f429i_discovery.o
    0x08005614   0x08005614   0x00000010   Data   RO         3014    .constdata          system_stm32f4xx.o
    0x08005624   0x08005624   0x00000014   Data   RO         3727    .constdata          usbh_diskio_dma.o
    0x08005638   0x08005638   0x00000004   Data   RO         4023    .conststring        usbh_msc.o
    0x0800563c   0x0800563c   0x00000020   Data   RO         4160    Region$$Table       anon$$obj.o


    Execution Region RW_IRAM1 (Exec base: 0x20000000, Load base: 0x0800565c, Size: 0x0000ef00, Max: 0x00030000, ABSOLUTE)

    Exec Addr    Load Addr    Size         Type   Attr      Idx    E Section Name        Object

    0x20000000   0x0800565c   0x0000000c   Data   RW          666    .data               stm32f4xx_hal.o
    0x2000000c   0x08005668   0x0000000c   Data   RW         2265    .data               ff.o
    0x20000018   0x08005674   0x00000018   Data   RW         2571    .data               stm32f429i_discovery.o
    0x20000030   0x0800568c   0x00000004   Data   RW         3016    .data               system_stm32f4xx.o
    0x20000034   0x08005690   0x0000000c   Data   RW         3407    .data               command.o
    0x20000040   0x0800569c   0x00000010   Data   RW         3485    .data               flash_if.o
    0x20000050   0x080056ac   0x00000010   Data   RW         3537    .data               main.o
    0x20000060   0x080056bc   0x00000008   Data   RW         3865    .data               iap_menu.o
    0x20000068   0x080056c4   0x00000020   Data   RW         4024    .data               usbh_msc.o
    0x20000088   0x080056e4   0x00000004   Data   RW         4156    .data               mc_w.l(mvars.o)
    0x2000008c   0x080056e8   0x00000004   Data   RW         4157    .data               mc_w.l(mvars.o)
    0x20000090        -       0x00000020   Zero   RW          251    .bss                stm32f4xx_hal_flash.o
    0x200000b0        -       0x00000010   Zero   RW         2163    .bss                ff_gen_drv.o
    0x200000c0        -       0x00000020   Zero   RW         2263    .bss                ff.o
    0x200000e0        -       0x00008460   Zero   RW         3405    .bss                command.o
    0x20008540        -       0x00000230   Zero   RW         3406    .bss                command.o
    0x20008770        -       0x00000030   Zero   RW         3484    .bss                flash_if.o
    0x200087a0        -       0x000002c8   Zero   RW         3536    .bss                main.o
    0x20008a68        -       0x00000298   Zero   RW         3595    .bss                usbh_conf.o
    0x20008d00        -       0x00000200   Zero   RW         3726    .bss                usbh_diskio_dma.o
    0x20008f00        -       0x00004000   Zero   RW         3392    HEAP                startup_stm32f429xx.o
    0x2000cf00        -       0x00002000   Zero   RW         3391    STACK               startup_stm32f429xx.o


==============================================================================

Image component sizes


      Code (inc. data)   RO Data    RW Data    ZI Data      Debug   Object Name

       472         88          0         12      34448      43291   command.o
       152         22          0          0          0       5011   diskio.o
      5014         80        156         12         32      46005   ff.o
       128          8          0          0         16       8235   ff_gen_drv.o
       528        112          0         16         48       3918   flash_if.o
       306         28          0          8          0       3296   iap_menu.o
       280         32          0         16        712       8463   main.o
        36          8        428          0      24576        880   startup_stm32f429xx.o
       324         66          8         24          0      11865   stm32f429i_discovery.o
       182         28          0         12          0       5911   stm32f4xx_hal.o
       198         14          0          0          0     770587   stm32f4xx_hal_cortex.o
       516         60          0          0         32       7093   stm32f4xx_hal_flash.o
       452         28          0          0          0       5816   stm32f4xx_hal_flash_ex.o
       488         52          0          0          0       4256   stm32f4xx_hal_gpio.o
      2198          4          0          0          0      15161   stm32f4xx_hal_hcd.o
      1196         52          0          0          0       4394   stm32f4xx_hal_rcc.o
        32          6          0          0          0       5286   stm32f4xx_it.o
      1972         48          0          0          0      19719   stm32f4xx_ll_usb.o
        84         18         16          4          0       1703   system_stm32f4xx.o
       542         34          0          0        664      13053   usbh_conf.o
       990         20          0          0          0      11020   usbh_core.o
      1064         12          0          0          0      19008   usbh_ctlreq.o
       404         26         20          0        512       5011   usbh_diskio_dma.o
       172          0          0          0          0       5000   usbh_ioreq.o
      1698         10          4         32          0      12856   usbh_msc.o
       586         28          0          0          0       5465   usbh_msc_bot.o
       784          0          0          0          0       7007   usbh_msc_scsi.o
       106          0          0          0          0       3894   usbh_pipes.o

    ----------------------------------------------------------------------
     20938        884        664        136      61040    1053204   Object Totals
         0          0         32          0          0          0   (incl. Generated)
        34          0          0          0          0          0   (incl. Padding)

    ----------------------------------------------------------------------

      Code (inc. data)   RO Data    RW Data    ZI Data      Debug   Library Member Name

         0          0          0          0          0          0   entry.o
         0          0          0          0          0          0   entry10a.o
         0          0          0          0          0          0   entry11a.o
         8          4          0          0          0          0   entry2.o
         4          0          0          0          0          0   entry5.o
         0          0          0          0          0          0   entry7b.o
         0          0          0          0          0          0   entry8b.o
         8          4          0          0          0          0   entry9a.o
        30          0          0          0          0          0   handlers.o
        36          8          0          0          0         68   init.o
        30          0          0          0          0         68   llshl.o
        32          0          0          0          0         68   llushr.o
       188         20          0          0          0        160   malloc.o
        36          0          0          0          0         68   memcpya.o
        36          0          0          0          0        108   memseta.o
         0          0          0          8          0          0   mvars.o
        98          0          0          0          0         92   uldiv.o

    ----------------------------------------------------------------------
       506         36          0          8          0        632   Library Totals
         0          0          0          0          0          0   (incl. Padding)

    ----------------------------------------------------------------------

      Code (inc. data)   RO Data    RW Data    ZI Data      Debug   Library Name

       506         36          0          8          0        632   mc_w.l

    ----------------------------------------------------------------------
       506         36          0          8          0        632   Library Totals

    ----------------------------------------------------------------------

==============================================================================


      Code (inc. data)   RO Data    RW Data    ZI Data      Debug   

     21444        920        664        144      61040    1031680   Grand Totals
     21444        920        664        144      61040    1031680   ELF Image Totals
     21444        920        664        144          0          0   ROM Totals

==============================================================================

    Total RO  Size (Code + RO Data)                22108 (  21.59kB)
    Total RW  Size (RW Data + ZI Data)             61184 (  59.75kB)
    Total ROM Size (Code + RO Data + RW Data)      22252 (  21.73kB)

==============================================================================

