15:52:16 **** Build of configuration Debug for project STM32F429I-DISCO ****
make all 
Building file: /Users/ateammac/Documents/work/STM32Cube_FW_F4_V1.21.0/Middlewares/ST/STM32_USB_Host_Library/Core/Src/usbh_core.c
Invoking: MCU GCC Compiler
/Users/ateammac/Documents/work/STM32Cube_FW_F4_V1.21.0/Projects/STM32F429I-Discovery/Applications/USB_Host/FWupgrade_Standalone/SW4STM32/STM32F429I-DISCO/Debug
arm-none-eabi-gcc -mcpu=cortex-m4 -mthumb -mfloat-abi=hard -mfpu=fpv4-sp-d16 -DUSE_HAL_DRIVER -DSTM32F429xx -DUSE_STM32F429I_DISCO -I"/Users/ateammac/Documents/work/STM32Cube_FW_F4_V1.21.0/Projects/STM32F429I-Discovery/Applications/USB_Host/FWupgrade_Standalone/Inc" -I"/Users/ateammac/Documents/work/STM32Cube_FW_F4_V1.21.0/Drivers/CMSIS/Device/ST/STM32F4xx/Include" -I"/Users/ateammac/Documents/work/STM32Cube_FW_F4_V1.21.0/Drivers/STM32F4xx_HAL_Driver/Inc" -I"/Users/ateammac/Documents/work/STM32Cube_FW_F4_V1.21.0/Drivers/BSP/STM32F429I-Discovery" -I"/Users/ateammac/Documents/work/STM32Cube_FW_F4_V1.21.0/Middlewares/ST/STM32_USB_Host_Library/Core/Inc" -I"/Users/ateammac/Documents/work/STM32Cube_FW_F4_V1.21.0/Middlewares/ST/STM32_USB_Host_Library/Class/MSC/Inc" -I"/Users/ateammac/Documents/work/STM32Cube_FW_F4_V1.21.0/Middlewares/Third_Party/FatFs/src" -I"/Users/ateammac/Documents/work/STM32Cube_FW_F4_V1.21.0/Drivers/CMSIS/Include"  -Os -g3 -Wall -fmessage-length=0 -ffunction-sections -c -fmessage-length=0 -MMD -MP -MF"Middlewares/STM32_USBH_Library/Core/usbh_core.d" -MT"Middlewares/STM32_USBH_Library/Core/usbh_core.o" -o "Middlewares/STM32_USBH_Library/Core/usbh_core.o" "/Users/ateammac/Documents/work/STM32Cube_FW_F4_V1.21.0/Middlewares/ST/STM32_USB_Host_Library/Core/Src/usbh_core.c"
Finished building: /Users/ateammac/Documents/work/STM32Cube_FW_F4_V1.21.0/Middlewares/ST/STM32_USB_Host_Library/Core/Src/usbh_core.c
 
Building file: /Users/ateammac/Documents/work/STM32Cube_FW_F4_V1.21.0/Middlewares/ST/STM32_USB_Host_Library/Core/Src/usbh_ctlreq.c
Invoking: MCU GCC Compiler
/Users/ateammac/Documents/work/STM32Cube_FW_F4_V1.21.0/Projects/STM32F429I-Discovery/Applications/USB_Host/FWupgrade_Standalone/SW4STM32/STM32F429I-DISCO/Debug
arm-none-eabi-gcc -mcpu=cortex-m4 -mthumb -mfloat-abi=hard -mfpu=fpv4-sp-d16 -DUSE_HAL_DRIVER -DSTM32F429xx -DUSE_STM32F429I_DISCO -I"/Users/ateammac/Documents/work/STM32Cube_FW_F4_V1.21.0/Projects/STM32F429I-Discovery/Applications/USB_Host/FWupgrade_Standalone/Inc" -I"/Users/ateammac/Documents/work/STM32Cube_FW_F4_V1.21.0/Drivers/CMSIS/Device/ST/STM32F4xx/Include" -I"/Users/ateammac/Documents/work/STM32Cube_FW_F4_V1.21.0/Drivers/STM32F4xx_HAL_Driver/Inc" -I"/Users/ateammac/Documents/work/STM32Cube_FW_F4_V1.21.0/Drivers/BSP/STM32F429I-Discovery" -I"/Users/ateammac/Documents/work/STM32Cube_FW_F4_V1.21.0/Middlewares/ST/STM32_USB_Host_Library/Core/Inc" -I"/Users/ateammac/Documents/work/STM32Cube_FW_F4_V1.21.0/Middlewares/ST/STM32_USB_Host_Library/Class/MSC/Inc" -I"/Users/ateammac/Documents/work/STM32Cube_FW_F4_V1.21.0/Middlewares/Third_Party/FatFs/src" -I"/Users/ateammac/Documents/work/STM32Cube_FW_F4_V1.21.0/Drivers/CMSIS/Include"  -Os -g3 -Wall -fmessage-length=0 -ffunction-sections -c -fmessage-length=0 -MMD -MP -MF"Middlewares/STM32_USBH_Library/Core/usbh_ctlreq.d" -MT"Middlewares/STM32_USBH_Library/Core/usbh_ctlreq.o" -o "Middlewares/STM32_USBH_Library/Core/usbh_ctlreq.o" "/Users/ateammac/Documents/work/STM32Cube_FW_F4_V1.21.0/Middlewares/ST/STM32_USB_Host_Library/Core/Src/usbh_ctlreq.c"
Finished building: /Users/ateammac/Documents/work/STM32Cube_FW_F4_V1.21.0/Middlewares/ST/STM32_USB_Host_Library/Core/Src/usbh_ctlreq.c
 
Building file: /Users/ateammac/Documents/work/STM32Cube_FW_F4_V1.21.0/Middlewares/ST/STM32_USB_Host_Library/Core/Src/usbh_ioreq.c
Invoking: MCU GCC Compiler
/Users/ateammac/Documents/work/STM32Cube_FW_F4_V1.21.0/Projects/STM32F429I-Discovery/Applications/USB_Host/FWupgrade_Standalone/SW4STM32/STM32F429I-DISCO/Debug
arm-none-eabi-gcc -mcpu=cortex-m4 -mthumb -mfloat-abi=hard -mfpu=fpv4-sp-d16 -DUSE_HAL_DRIVER -DSTM32F429xx -DUSE_STM32F429I_DISCO -I"/Users/ateammac/Documents/work/STM32Cube_FW_F4_V1.21.0/Projects/STM32F429I-Discovery/Applications/USB_Host/FWupgrade_Standalone/Inc" -I"/Users/ateammac/Documents/work/STM32Cube_FW_F4_V1.21.0/Drivers/CMSIS/Device/ST/STM32F4xx/Include" -I"/Users/ateammac/Documents/work/STM32Cube_FW_F4_V1.21.0/Drivers/STM32F4xx_HAL_Driver/Inc" -I"/Users/ateammac/Documents/work/STM32Cube_FW_F4_V1.21.0/Drivers/BSP/STM32F429I-Discovery" -I"/Users/ateammac/Documents/work/STM32Cube_FW_F4_V1.21.0/Middlewares/ST/STM32_USB_Host_Library/Core/Inc" -I"/Users/ateammac/Documents/work/STM32Cube_FW_F4_V1.21.0/Middlewares/ST/STM32_USB_Host_Library/Class/MSC/Inc" -I"/Users/ateammac/Documents/work/STM32Cube_FW_F4_V1.21.0/Middlewares/Third_Party/FatFs/src" -I"/Users/ateammac/Documents/work/STM32Cube_FW_F4_V1.21.0/Drivers/CMSIS/Include"  -Os -g3 -Wall -fmessage-length=0 -ffunction-sections -c -fmessage-length=0 -MMD -MP -MF"Middlewares/STM32_USBH_Library/Core/usbh_ioreq.d" -MT"Middlewares/STM32_USBH_Library/Core/usbh_ioreq.o" -o "Middlewares/STM32_USBH_Library/Core/usbh_ioreq.o" "/Users/ateammac/Documents/work/STM32Cube_FW_F4_V1.21.0/Middlewares/ST/STM32_USB_Host_Library/Core/Src/usbh_ioreq.c"
Finished building: /Users/ateammac/Documents/work/STM32Cube_FW_F4_V1.21.0/Middlewares/ST/STM32_USB_Host_Library/Core/Src/usbh_ioreq.c
 
Building file: /Users/ateammac/Documents/work/STM32Cube_FW_F4_V1.21.0/Middlewares/ST/STM32_USB_Host_Library/Core/Src/usbh_pipes.c
Invoking: MCU GCC Compiler
/Users/ateammac/Documents/work/STM32Cube_FW_F4_V1.21.0/Projects/STM32F429I-Discovery/Applications/USB_Host/FWupgrade_Standalone/SW4STM32/STM32F429I-DISCO/Debug
arm-none-eabi-gcc -mcpu=cortex-m4 -mthumb -mfloat-abi=hard -mfpu=fpv4-sp-d16 -DUSE_HAL_DRIVER -DSTM32F429xx -DUSE_STM32F429I_DISCO -I"/Users/ateammac/Documents/work/STM32Cube_FW_F4_V1.21.0/Projects/STM32F429I-Discovery/Applications/USB_Host/FWupgrade_Standalone/Inc" -I"/Users/ateammac/Documents/work/STM32Cube_FW_F4_V1.21.0/Drivers/CMSIS/Device/ST/STM32F4xx/Include" -I"/Users/ateammac/Documents/work/STM32Cube_FW_F4_V1.21.0/Drivers/STM32F4xx_HAL_Driver/Inc" -I"/Users/ateammac/Documents/work/STM32Cube_FW_F4_V1.21.0/Drivers/BSP/STM32F429I-Discovery" -I"/Users/ateammac/Documents/work/STM32Cube_FW_F4_V1.21.0/Middlewares/ST/STM32_USB_Host_Library/Core/Inc" -I"/Users/ateammac/Documents/work/STM32Cube_FW_F4_V1.21.0/Middlewares/ST/STM32_USB_Host_Library/Class/MSC/Inc" -I"/Users/ateammac/Documents/work/STM32Cube_FW_F4_V1.21.0/Middlewares/Third_Party/FatFs/src" -I"/Users/ateammac/Documents/work/STM32Cube_FW_F4_V1.21.0/Drivers/CMSIS/Include"  -Os -g3 -Wall -fmessage-length=0 -ffunction-sections -c -fmessage-length=0 -MMD -MP -MF"Middlewares/STM32_USBH_Library/Core/usbh_pipes.d" -MT"Middlewares/STM32_USBH_Library/Core/usbh_pipes.o" -o "Middlewares/STM32_USBH_Library/Core/usbh_pipes.o" "/Users/ateammac/Documents/work/STM32Cube_FW_F4_V1.21.0/Middlewares/ST/STM32_USB_Host_Library/Core/Src/usbh_pipes.c"
Finished building: /Users/ateammac/Documents/work/STM32Cube_FW_F4_V1.21.0/Middlewares/ST/STM32_USB_Host_Library/Core/Src/usbh_pipes.c
 
Building file: /Users/ateammac/Documents/work/STM32Cube_FW_F4_V1.21.0/Middlewares/ST/STM32_USB_Host_Library/Class/MSC/Src/usbh_msc.c
Invoking: MCU GCC Compiler
/Users/ateammac/Documents/work/STM32Cube_FW_F4_V1.21.0/Projects/STM32F429I-Discovery/Applications/USB_Host/FWupgrade_Standalone/SW4STM32/STM32F429I-DISCO/Debug
arm-none-eabi-gcc -mcpu=cortex-m4 -mthumb -mfloat-abi=hard -mfpu=fpv4-sp-d16 -DUSE_HAL_DRIVER -DSTM32F429xx -DUSE_STM32F429I_DISCO -I"/Users/ateammac/Documents/work/STM32Cube_FW_F4_V1.21.0/Projects/STM32F429I-Discovery/Applications/USB_Host/FWupgrade_Standalone/Inc" -I"/Users/ateammac/Documents/work/STM32Cube_FW_F4_V1.21.0/Drivers/CMSIS/Device/ST/STM32F4xx/Include" -I"/Users/ateammac/Documents/work/STM32Cube_FW_F4_V1.21.0/Drivers/STM32F4xx_HAL_Driver/Inc" -I"/Users/ateammac/Documents/work/STM32Cube_FW_F4_V1.21.0/Drivers/BSP/STM32F429I-Discovery" -I"/Users/ateammac/Documents/work/STM32Cube_FW_F4_V1.21.0/Middlewares/ST/STM32_USB_Host_Library/Core/Inc" -I"/Users/ateammac/Documents/work/STM32Cube_FW_F4_V1.21.0/Middlewares/ST/STM32_USB_Host_Library/Class/MSC/Inc" -I"/Users/ateammac/Documents/work/STM32Cube_FW_F4_V1.21.0/Middlewares/Third_Party/FatFs/src" -I"/Users/ateammac/Documents/work/STM32Cube_FW_F4_V1.21.0/Drivers/CMSIS/Include"  -Os -g3 -Wall -fmessage-length=0 -ffunction-sections -c -fmessage-length=0 -MMD -MP -MF"Middlewares/STM32_USBH_Library/Class/MSC/usbh_msc.d" -MT"Middlewares/STM32_USBH_Library/Class/MSC/usbh_msc.o" -o "Middlewares/STM32_USBH_Library/Class/MSC/usbh_msc.o" "/Users/ateammac/Documents/work/STM32Cube_FW_F4_V1.21.0/Middlewares/ST/STM32_USB_Host_Library/Class/MSC/Src/usbh_msc.c"
Finished building: /Users/ateammac/Documents/work/STM32Cube_FW_F4_V1.21.0/Middlewares/ST/STM32_USB_Host_Library/Class/MSC/Src/usbh_msc.c
 
Building file: /Users/ateammac/Documents/work/STM32Cube_FW_F4_V1.21.0/Middlewares/ST/STM32_USB_Host_Library/Class/MSC/Src/usbh_msc_bot.c
Invoking: MCU GCC Compiler
/Users/ateammac/Documents/work/STM32Cube_FW_F4_V1.21.0/Projects/STM32F429I-Discovery/Applications/USB_Host/FWupgrade_Standalone/SW4STM32/STM32F429I-DISCO/Debug
arm-none-eabi-gcc -mcpu=cortex-m4 -mthumb -mfloat-abi=hard -mfpu=fpv4-sp-d16 -DUSE_HAL_DRIVER -DSTM32F429xx -DUSE_STM32F429I_DISCO -I"/Users/ateammac/Documents/work/STM32Cube_FW_F4_V1.21.0/Projects/STM32F429I-Discovery/Applications/USB_Host/FWupgrade_Standalone/Inc" -I"/Users/ateammac/Documents/work/STM32Cube_FW_F4_V1.21.0/Drivers/CMSIS/Device/ST/STM32F4xx/Include" -I"/Users/ateammac/Documents/work/STM32Cube_FW_F4_V1.21.0/Drivers/STM32F4xx_HAL_Driver/Inc" -I"/Users/ateammac/Documents/work/STM32Cube_FW_F4_V1.21.0/Drivers/BSP/STM32F429I-Discovery" -I"/Users/ateammac/Documents/work/STM32Cube_FW_F4_V1.21.0/Middlewares/ST/STM32_USB_Host_Library/Core/Inc" -I"/Users/ateammac/Documents/work/STM32Cube_FW_F4_V1.21.0/Middlewares/ST/STM32_USB_Host_Library/Class/MSC/Inc" -I"/Users/ateammac/Documents/work/STM32Cube_FW_F4_V1.21.0/Middlewares/Third_Party/FatFs/src" -I"/Users/ateammac/Documents/work/STM32Cube_FW_F4_V1.21.0/Drivers/CMSIS/Include"  -Os -g3 -Wall -fmessage-length=0 -ffunction-sections -c -fmessage-length=0 -MMD -MP -MF"Middlewares/STM32_USBH_Library/Class/MSC/usbh_msc_bot.d" -MT"Middlewares/STM32_USBH_Library/Class/MSC/usbh_msc_bot.o" -o "Middlewares/STM32_USBH_Library/Class/MSC/usbh_msc_bot.o" "/Users/ateammac/Documents/work/STM32Cube_FW_F4_V1.21.0/Middlewares/ST/STM32_USB_Host_Library/Class/MSC/Src/usbh_msc_bot.c"
Finished building: /Users/ateammac/Documents/work/STM32Cube_FW_F4_V1.21.0/Middlewares/ST/STM32_USB_Host_Library/Class/MSC/Src/usbh_msc_bot.c
 
Building file: /Users/ateammac/Documents/work/STM32Cube_FW_F4_V1.21.0/Middlewares/ST/STM32_USB_Host_Library/Class/MSC/Src/usbh_msc_scsi.c
Invoking: MCU GCC Compiler
/Users/ateammac/Documents/work/STM32Cube_FW_F4_V1.21.0/Projects/STM32F429I-Discovery/Applications/USB_Host/FWupgrade_Standalone/SW4STM32/STM32F429I-DISCO/Debug
arm-none-eabi-gcc -mcpu=cortex-m4 -mthumb -mfloat-abi=hard -mfpu=fpv4-sp-d16 -DUSE_HAL_DRIVER -DSTM32F429xx -DUSE_STM32F429I_DISCO -I"/Users/ateammac/Documents/work/STM32Cube_FW_F4_V1.21.0/Projects/STM32F429I-Discovery/Applications/USB_Host/FWupgrade_Standalone/Inc" -I"/Users/ateammac/Documents/work/STM32Cube_FW_F4_V1.21.0/Drivers/CMSIS/Device/ST/STM32F4xx/Include" -I"/Users/ateammac/Documents/work/STM32Cube_FW_F4_V1.21.0/Drivers/STM32F4xx_HAL_Driver/Inc" -I"/Users/ateammac/Documents/work/STM32Cube_FW_F4_V1.21.0/Drivers/BSP/STM32F429I-Discovery" -I"/Users/ateammac/Documents/work/STM32Cube_FW_F4_V1.21.0/Middlewares/ST/STM32_USB_Host_Library/Core/Inc" -I"/Users/ateammac/Documents/work/STM32Cube_FW_F4_V1.21.0/Middlewares/ST/STM32_USB_Host_Library/Class/MSC/Inc" -I"/Users/ateammac/Documents/work/STM32Cube_FW_F4_V1.21.0/Middlewares/Third_Party/FatFs/src" -I"/Users/ateammac/Documents/work/STM32Cube_FW_F4_V1.21.0/Drivers/CMSIS/Include"  -Os -g3 -Wall -fmessage-length=0 -ffunction-sections -c -fmessage-length=0 -MMD -MP -MF"Middlewares/STM32_USBH_Library/Class/MSC/usbh_msc_scsi.d" -MT"Middlewares/STM32_USBH_Library/Class/MSC/usbh_msc_scsi.o" -o "Middlewares/STM32_USBH_Library/Class/MSC/usbh_msc_scsi.o" "/Users/ateammac/Documents/work/STM32Cube_FW_F4_V1.21.0/Middlewares/ST/STM32_USB_Host_Library/Class/MSC/Src/usbh_msc_scsi.c"
Finished building: /Users/ateammac/Documents/work/STM32Cube_FW_F4_V1.21.0/Middlewares/ST/STM32_USB_Host_Library/Class/MSC/Src/usbh_msc_scsi.c
 
Building file: /Users/ateammac/Documents/work/STM32Cube_FW_F4_V1.21.0/Middlewares/Third_Party/FatFs/src/diskio.c
Invoking: MCU GCC Compiler
/Users/ateammac/Documents/work/STM32Cube_FW_F4_V1.21.0/Projects/STM32F429I-Discovery/Applications/USB_Host/FWupgrade_Standalone/SW4STM32/STM32F429I-DISCO/Debug
arm-none-eabi-gcc -mcpu=cortex-m4 -mthumb -mfloat-abi=hard -mfpu=fpv4-sp-d16 -DUSE_HAL_DRIVER -DSTM32F429xx -DUSE_STM32F429I_DISCO -I"/Users/ateammac/Documents/work/STM32Cube_FW_F4_V1.21.0/Projects/STM32F429I-Discovery/Applications/USB_Host/FWupgrade_Standalone/Inc" -I"/Users/ateammac/Documents/work/STM32Cube_FW_F4_V1.21.0/Drivers/CMSIS/Device/ST/STM32F4xx/Include" -I"/Users/ateammac/Documents/work/STM32Cube_FW_F4_V1.21.0/Drivers/STM32F4xx_HAL_Driver/Inc" -I"/Users/ateammac/Documents/work/STM32Cube_FW_F4_V1.21.0/Drivers/BSP/STM32F429I-Discovery" -I"/Users/ateammac/Documents/work/STM32Cube_FW_F4_V1.21.0/Middlewares/ST/STM32_USB_Host_Library/Core/Inc" -I"/Users/ateammac/Documents/work/STM32Cube_FW_F4_V1.21.0/Middlewares/ST/STM32_USB_Host_Library/Class/MSC/Inc" -I"/Users/ateammac/Documents/work/STM32Cube_FW_F4_V1.21.0/Middlewares/Third_Party/FatFs/src" -I"/Users/ateammac/Documents/work/STM32Cube_FW_F4_V1.21.0/Drivers/CMSIS/Include"  -Os -g3 -Wall -fmessage-length=0 -ffunction-sections -c -fmessage-length=0 -MMD -MP -MF"Middlewares/FatFs/Core/diskio.d" -MT"Middlewares/FatFs/Core/diskio.o" -o "Middlewares/FatFs/Core/diskio.o" "/Users/ateammac/Documents/work/STM32Cube_FW_F4_V1.21.0/Middlewares/Third_Party/FatFs/src/diskio.c"
Finished building: /Users/ateammac/Documents/work/STM32Cube_FW_F4_V1.21.0/Middlewares/Third_Party/FatFs/src/diskio.c
 
Building file: /Users/ateammac/Documents/work/STM32Cube_FW_F4_V1.21.0/Middlewares/Third_Party/FatFs/src/ff.c
Invoking: MCU GCC Compiler
/Users/ateammac/Documents/work/STM32Cube_FW_F4_V1.21.0/Projects/STM32F429I-Discovery/Applications/USB_Host/FWupgrade_Standalone/SW4STM32/STM32F429I-DISCO/Debug
arm-none-eabi-gcc -mcpu=cortex-m4 -mthumb -mfloat-abi=hard -mfpu=fpv4-sp-d16 -DUSE_HAL_DRIVER -DSTM32F429xx -DUSE_STM32F429I_DISCO -I"/Users/ateammac/Documents/work/STM32Cube_FW_F4_V1.21.0/Projects/STM32F429I-Discovery/Applications/USB_Host/FWupgrade_Standalone/Inc" -I"/Users/ateammac/Documents/work/STM32Cube_FW_F4_V1.21.0/Drivers/CMSIS/Device/ST/STM32F4xx/Include" -I"/Users/ateammac/Documents/work/STM32Cube_FW_F4_V1.21.0/Drivers/STM32F4xx_HAL_Driver/Inc" -I"/Users/ateammac/Documents/work/STM32Cube_FW_F4_V1.21.0/Drivers/BSP/STM32F429I-Discovery" -I"/Users/ateammac/Documents/work/STM32Cube_FW_F4_V1.21.0/Middlewares/ST/STM32_USB_Host_Library/Core/Inc" -I"/Users/ateammac/Documents/work/STM32Cube_FW_F4_V1.21.0/Middlewares/ST/STM32_USB_Host_Library/Class/MSC/Inc" -I"/Users/ateammac/Documents/work/STM32Cube_FW_F4_V1.21.0/Middlewares/Third_Party/FatFs/src" -I"/Users/ateammac/Documents/work/STM32Cube_FW_F4_V1.21.0/Drivers/CMSIS/Include"  -Os -g3 -Wall -fmessage-length=0 -ffunction-sections -c -fmessage-length=0 -MMD -MP -MF"Middlewares/FatFs/Core/ff.d" -MT"Middlewares/FatFs/Core/ff.o" -o "Middlewares/FatFs/Core/ff.o" "/Users/ateammac/Documents/work/STM32Cube_FW_F4_V1.21.0/Middlewares/Third_Party/FatFs/src/ff.c"
Finished building: /Users/ateammac/Documents/work/STM32Cube_FW_F4_V1.21.0/Middlewares/Third_Party/FatFs/src/ff.c
 
Building file: /Users/ateammac/Documents/work/STM32Cube_FW_F4_V1.21.0/Middlewares/Third_Party/FatFs/src/ff_gen_drv.c
Invoking: MCU GCC Compiler
/Users/ateammac/Documents/work/STM32Cube_FW_F4_V1.21.0/Projects/STM32F429I-Discovery/Applications/USB_Host/FWupgrade_Standalone/SW4STM32/STM32F429I-DISCO/Debug
arm-none-eabi-gcc -mcpu=cortex-m4 -mthumb -mfloat-abi=hard -mfpu=fpv4-sp-d16 -DUSE_HAL_DRIVER -DSTM32F429xx -DUSE_STM32F429I_DISCO -I"/Users/ateammac/Documents/work/STM32Cube_FW_F4_V1.21.0/Projects/STM32F429I-Discovery/Applications/USB_Host/FWupgrade_Standalone/Inc" -I"/Users/ateammac/Documents/work/STM32Cube_FW_F4_V1.21.0/Drivers/CMSIS/Device/ST/STM32F4xx/Include" -I"/Users/ateammac/Documents/work/STM32Cube_FW_F4_V1.21.0/Drivers/STM32F4xx_HAL_Driver/Inc" -I"/Users/ateammac/Documents/work/STM32Cube_FW_F4_V1.21.0/Drivers/BSP/STM32F429I-Discovery" -I"/Users/ateammac/Documents/work/STM32Cube_FW_F4_V1.21.0/Middlewares/ST/STM32_USB_Host_Library/Core/Inc" -I"/Users/ateammac/Documents/work/STM32Cube_FW_F4_V1.21.0/Middlewares/ST/STM32_USB_Host_Library/Class/MSC/Inc" -I"/Users/ateammac/Documents/work/STM32Cube_FW_F4_V1.21.0/Middlewares/Third_Party/FatFs/src" -I"/Users/ateammac/Documents/work/STM32Cube_FW_F4_V1.21.0/Drivers/CMSIS/Include"  -Os -g3 -Wall -fmessage-length=0 -ffunction-sections -c -fmessage-length=0 -MMD -MP -MF"Middlewares/FatFs/Core/ff_gen_drv.d" -MT"Middlewares/FatFs/Core/ff_gen_drv.o" -o "Middlewares/FatFs/Core/ff_gen_drv.o" "/Users/ateammac/Documents/work/STM32Cube_FW_F4_V1.21.0/Middlewares/Third_Party/FatFs/src/ff_gen_drv.c"
Finished building: /Users/ateammac/Documents/work/STM32Cube_FW_F4_V1.21.0/Middlewares/Third_Party/FatFs/src/ff_gen_drv.c
 
Building file: /Users/ateammac/Documents/work/STM32Cube_FW_F4_V1.21.0/Drivers/STM32F4xx_HAL_Driver/Src/stm32f4xx_hal.c
Invoking: MCU GCC Compiler
/Users/ateammac/Documents/work/STM32Cube_FW_F4_V1.21.0/Projects/STM32F429I-Discovery/Applications/USB_Host/FWupgrade_Standalone/SW4STM32/STM32F429I-DISCO/Debug
arm-none-eabi-gcc -mcpu=cortex-m4 -mthumb -mfloat-abi=hard -mfpu=fpv4-sp-d16 -DUSE_HAL_DRIVER -DSTM32F429xx -DUSE_STM32F429I_DISCO -I"/Users/ateammac/Documents/work/STM32Cube_FW_F4_V1.21.0/Projects/STM32F429I-Discovery/Applications/USB_Host/FWupgrade_Standalone/Inc" -I"/Users/ateammac/Documents/work/STM32Cube_FW_F4_V1.21.0/Drivers/CMSIS/Device/ST/STM32F4xx/Include" -I"/Users/ateammac/Documents/work/STM32Cube_FW_F4_V1.21.0/Drivers/STM32F4xx_HAL_Driver/Inc" -I"/Users/ateammac/Documents/work/STM32Cube_FW_F4_V1.21.0/Drivers/BSP/STM32F429I-Discovery" -I"/Users/ateammac/Documents/work/STM32Cube_FW_F4_V1.21.0/Middlewares/ST/STM32_USB_Host_Library/Core/Inc" -I"/Users/ateammac/Documents/work/STM32Cube_FW_F4_V1.21.0/Middlewares/ST/STM32_USB_Host_Library/Class/MSC/Inc" -I"/Users/ateammac/Documents/work/STM32Cube_FW_F4_V1.21.0/Middlewares/Third_Party/FatFs/src" -I"/Users/ateammac/Documents/work/STM32Cube_FW_F4_V1.21.0/Drivers/CMSIS/Include"  -Os -g3 -Wall -fmessage-length=0 -ffunction-sections -c -fmessage-length=0 -MMD -MP -MF"Drivers/STM32F4xx_HAL_Drivers/stm32f4xx_hal.d" -MT"Drivers/STM32F4xx_HAL_Drivers/stm32f4xx_hal.o" -o "Drivers/STM32F4xx_HAL_Drivers/stm32f4xx_hal.o" "/Users/ateammac/Documents/work/STM32Cube_FW_F4_V1.21.0/Drivers/STM32F4xx_HAL_Driver/Src/stm32f4xx_hal.c"
Finished building: /Users/ateammac/Documents/work/STM32Cube_FW_F4_V1.21.0/Drivers/STM32F4xx_HAL_Driver/Src/stm32f4xx_hal.c
 
Building file: /Users/ateammac/Documents/work/STM32Cube_FW_F4_V1.21.0/Drivers/STM32F4xx_HAL_Driver/Src/stm32f4xx_hal_cortex.c
Invoking: MCU GCC Compiler
/Users/ateammac/Documents/work/STM32Cube_FW_F4_V1.21.0/Projects/STM32F429I-Discovery/Applications/USB_Host/FWupgrade_Standalone/SW4STM32/STM32F429I-DISCO/Debug
arm-none-eabi-gcc -mcpu=cortex-m4 -mthumb -mfloat-abi=hard -mfpu=fpv4-sp-d16 -DUSE_HAL_DRIVER -DSTM32F429xx -DUSE_STM32F429I_DISCO -I"/Users/ateammac/Documents/work/STM32Cube_FW_F4_V1.21.0/Projects/STM32F429I-Discovery/Applications/USB_Host/FWupgrade_Standalone/Inc" -I"/Users/ateammac/Documents/work/STM32Cube_FW_F4_V1.21.0/Drivers/CMSIS/Device/ST/STM32F4xx/Include" -I"/Users/ateammac/Documents/work/STM32Cube_FW_F4_V1.21.0/Drivers/STM32F4xx_HAL_Driver/Inc" -I"/Users/ateammac/Documents/work/STM32Cube_FW_F4_V1.21.0/Drivers/BSP/STM32F429I-Discovery" -I"/Users/ateammac/Documents/work/STM32Cube_FW_F4_V1.21.0/Middlewares/ST/STM32_USB_Host_Library/Core/Inc" -I"/Users/ateammac/Documents/work/STM32Cube_FW_F4_V1.21.0/Middlewares/ST/STM32_USB_Host_Library/Class/MSC/Inc" -I"/Users/ateammac/Documents/work/STM32Cube_FW_F4_V1.21.0/Middlewares/Third_Party/FatFs/src" -I"/Users/ateammac/Documents/work/STM32Cube_FW_F4_V1.21.0/Drivers/CMSIS/Include"  -Os -g3 -Wall -fmessage-length=0 -ffunction-sections -c -fmessage-length=0 -MMD -MP -MF"Drivers/STM32F4xx_HAL_Drivers/stm32f4xx_hal_cortex.d" -MT"Drivers/STM32F4xx_HAL_Drivers/stm32f4xx_hal_cortex.o" -o "Drivers/STM32F4xx_HAL_Drivers/stm32f4xx_hal_cortex.o" "/Users/ateammac/Documents/work/STM32Cube_FW_F4_V1.21.0/Drivers/STM32F4xx_HAL_Driver/Src/stm32f4xx_hal_cortex.c"
Finished building: /Users/ateammac/Documents/work/STM32Cube_FW_F4_V1.21.0/Drivers/STM32F4xx_HAL_Driver/Src/stm32f4xx_hal_cortex.c
 
Building file: /Users/ateammac/Documents/work/STM32Cube_FW_F4_V1.21.0/Drivers/STM32F4xx_HAL_Driver/Src/stm32f4xx_hal_dma.c
Invoking: MCU GCC Compiler
/Users/ateammac/Documents/work/STM32Cube_FW_F4_V1.21.0/Projects/STM32F429I-Discovery/Applications/USB_Host/FWupgrade_Standalone/SW4STM32/STM32F429I-DISCO/Debug
arm-none-eabi-gcc -mcpu=cortex-m4 -mthumb -mfloat-abi=hard -mfpu=fpv4-sp-d16 -DUSE_HAL_DRIVER -DSTM32F429xx -DUSE_STM32F429I_DISCO -I"/Users/ateammac/Documents/work/STM32Cube_FW_F4_V1.21.0/Projects/STM32F429I-Discovery/Applications/USB_Host/FWupgrade_Standalone/Inc" -I"/Users/ateammac/Documents/work/STM32Cube_FW_F4_V1.21.0/Drivers/CMSIS/Device/ST/STM32F4xx/Include" -I"/Users/ateammac/Documents/work/STM32Cube_FW_F4_V1.21.0/Drivers/STM32F4xx_HAL_Driver/Inc" -I"/Users/ateammac/Documents/work/STM32Cube_FW_F4_V1.21.0/Drivers/BSP/STM32F429I-Discovery" -I"/Users/ateammac/Documents/work/STM32Cube_FW_F4_V1.21.0/Middlewares/ST/STM32_USB_Host_Library/Core/Inc" -I"/Users/ateammac/Documents/work/STM32Cube_FW_F4_V1.21.0/Middlewares/ST/STM32_USB_Host_Library/Class/MSC/Inc" -I"/Users/ateammac/Documents/work/STM32Cube_FW_F4_V1.21.0/Middlewares/Third_Party/FatFs/src" -I"/Users/ateammac/Documents/work/STM32Cube_FW_F4_V1.21.0/Drivers/CMSIS/Include"  -Os -g3 -Wall -fmessage-length=0 -ffunction-sections -c -fmessage-length=0 -MMD -MP -MF"Drivers/STM32F4xx_HAL_Drivers/stm32f4xx_hal_dma.d" -MT"Drivers/STM32F4xx_HAL_Drivers/stm32f4xx_hal_dma.o" -o "Drivers/STM32F4xx_HAL_Drivers/stm32f4xx_hal_dma.o" "/Users/ateammac/Documents/work/STM32Cube_FW_F4_V1.21.0/Drivers/STM32F4xx_HAL_Driver/Src/stm32f4xx_hal_dma.c"
Finished building: /Users/ateammac/Documents/work/STM32Cube_FW_F4_V1.21.0/Drivers/STM32F4xx_HAL_Driver/Src/stm32f4xx_hal_dma.c
 
Building file: /Users/ateammac/Documents/work/STM32Cube_FW_F4_V1.21.0/Drivers/STM32F4xx_HAL_Driver/Src/stm32f4xx_hal_flash.c
Invoking: MCU GCC Compiler
/Users/ateammac/Documents/work/STM32Cube_FW_F4_V1.21.0/Projects/STM32F429I-Discovery/Applications/USB_Host/FWupgrade_Standalone/SW4STM32/STM32F429I-DISCO/Debug
arm-none-eabi-gcc -mcpu=cortex-m4 -mthumb -mfloat-abi=hard -mfpu=fpv4-sp-d16 -DUSE_HAL_DRIVER -DSTM32F429xx -DUSE_STM32F429I_DISCO -I"/Users/ateammac/Documents/work/STM32Cube_FW_F4_V1.21.0/Projects/STM32F429I-Discovery/Applications/USB_Host/FWupgrade_Standalone/Inc" -I"/Users/ateammac/Documents/work/STM32Cube_FW_F4_V1.21.0/Drivers/CMSIS/Device/ST/STM32F4xx/Include" -I"/Users/ateammac/Documents/work/STM32Cube_FW_F4_V1.21.0/Drivers/STM32F4xx_HAL_Driver/Inc" -I"/Users/ateammac/Documents/work/STM32Cube_FW_F4_V1.21.0/Drivers/BSP/STM32F429I-Discovery" -I"/Users/ateammac/Documents/work/STM32Cube_FW_F4_V1.21.0/Middlewares/ST/STM32_USB_Host_Library/Core/Inc" -I"/Users/ateammac/Documents/work/STM32Cube_FW_F4_V1.21.0/Middlewares/ST/STM32_USB_Host_Library/Class/MSC/Inc" -I"/Users/ateammac/Documents/work/STM32Cube_FW_F4_V1.21.0/Middlewares/Third_Party/FatFs/src" -I"/Users/ateammac/Documents/work/STM32Cube_FW_F4_V1.21.0/Drivers/CMSIS/Include"  -Os -g3 -Wall -fmessage-length=0 -ffunction-sections -c -fmessage-length=0 -MMD -MP -MF"Drivers/STM32F4xx_HAL_Drivers/stm32f4xx_hal_flash.d" -MT"Drivers/STM32F4xx_HAL_Drivers/stm32f4xx_hal_flash.o" -o "Drivers/STM32F4xx_HAL_Drivers/stm32f4xx_hal_flash.o" "/Users/ateammac/Documents/work/STM32Cube_FW_F4_V1.21.0/Drivers/STM32F4xx_HAL_Driver/Src/stm32f4xx_hal_flash.c"
Finished building: /Users/ateammac/Documents/work/STM32Cube_FW_F4_V1.21.0/Drivers/STM32F4xx_HAL_Driver/Src/stm32f4xx_hal_flash.c
 
Building file: /Users/ateammac/Documents/work/STM32Cube_FW_F4_V1.21.0/Drivers/STM32F4xx_HAL_Driver/Src/stm32f4xx_hal_flash_ex.c
Invoking: MCU GCC Compiler
/Users/ateammac/Documents/work/STM32Cube_FW_F4_V1.21.0/Projects/STM32F429I-Discovery/Applications/USB_Host/FWupgrade_Standalone/SW4STM32/STM32F429I-DISCO/Debug
arm-none-eabi-gcc -mcpu=cortex-m4 -mthumb -mfloat-abi=hard -mfpu=fpv4-sp-d16 -DUSE_HAL_DRIVER -DSTM32F429xx -DUSE_STM32F429I_DISCO -I"/Users/ateammac/Documents/work/STM32Cube_FW_F4_V1.21.0/Projects/STM32F429I-Discovery/Applications/USB_Host/FWupgrade_Standalone/Inc" -I"/Users/ateammac/Documents/work/STM32Cube_FW_F4_V1.21.0/Drivers/CMSIS/Device/ST/STM32F4xx/Include" -I"/Users/ateammac/Documents/work/STM32Cube_FW_F4_V1.21.0/Drivers/STM32F4xx_HAL_Driver/Inc" -I"/Users/ateammac/Documents/work/STM32Cube_FW_F4_V1.21.0/Drivers/BSP/STM32F429I-Discovery" -I"/Users/ateammac/Documents/work/STM32Cube_FW_F4_V1.21.0/Middlewares/ST/STM32_USB_Host_Library/Core/Inc" -I"/Users/ateammac/Documents/work/STM32Cube_FW_F4_V1.21.0/Middlewares/ST/STM32_USB_Host_Library/Class/MSC/Inc" -I"/Users/ateammac/Documents/work/STM32Cube_FW_F4_V1.21.0/Middlewares/Third_Party/FatFs/src" -I"/Users/ateammac/Documents/work/STM32Cube_FW_F4_V1.21.0/Drivers/CMSIS/Include"  -Os -g3 -Wall -fmessage-length=0 -ffunction-sections -c -fmessage-length=0 -MMD -MP -MF"Drivers/STM32F4xx_HAL_Drivers/stm32f4xx_hal_flash_ex.d" -MT"Drivers/STM32F4xx_HAL_Drivers/stm32f4xx_hal_flash_ex.o" -o "Drivers/STM32F4xx_HAL_Drivers/stm32f4xx_hal_flash_ex.o" "/Users/ateammac/Documents/work/STM32Cube_FW_F4_V1.21.0/Drivers/STM32F4xx_HAL_Driver/Src/stm32f4xx_hal_flash_ex.c"
Finished building: /Users/ateammac/Documents/work/STM32Cube_FW_F4_V1.21.0/Drivers/STM32F4xx_HAL_Driver/Src/stm32f4xx_hal_flash_ex.c
 
Building file: /Users/ateammac/Documents/work/STM32Cube_FW_F4_V1.21.0/Drivers/STM32F4xx_HAL_Driver/Src/stm32f4xx_hal_gpio.c
Invoking: MCU GCC Compiler
/Users/ateammac/Documents/work/STM32Cube_FW_F4_V1.21.0/Projects/STM32F429I-Discovery/Applications/USB_Host/FWupgrade_Standalone/SW4STM32/STM32F429I-DISCO/Debug
arm-none-eabi-gcc -mcpu=cortex-m4 -mthumb -mfloat-abi=hard -mfpu=fpv4-sp-d16 -DUSE_HAL_DRIVER -DSTM32F429xx -DUSE_STM32F429I_DISCO -I"/Users/ateammac/Documents/work/STM32Cube_FW_F4_V1.21.0/Projects/STM32F429I-Discovery/Applications/USB_Host/FWupgrade_Standalone/Inc" -I"/Users/ateammac/Documents/work/STM32Cube_FW_F4_V1.21.0/Drivers/CMSIS/Device/ST/STM32F4xx/Include" -I"/Users/ateammac/Documents/work/STM32Cube_FW_F4_V1.21.0/Drivers/STM32F4xx_HAL_Driver/Inc" -I"/Users/ateammac/Documents/work/STM32Cube_FW_F4_V1.21.0/Drivers/BSP/STM32F429I-Discovery" -I"/Users/ateammac/Documents/work/STM32Cube_FW_F4_V1.21.0/Middlewares/ST/STM32_USB_Host_Library/Core/Inc" -I"/Users/ateammac/Documents/work/STM32Cube_FW_F4_V1.21.0/Middlewares/ST/STM32_USB_Host_Library/Class/MSC/Inc" -I"/Users/ateammac/Documents/work/STM32Cube_FW_F4_V1.21.0/Middlewares/Third_Party/FatFs/src" -I"/Users/ateammac/Documents/work/STM32Cube_FW_F4_V1.21.0/Drivers/CMSIS/Include"  -Os -g3 -Wall -fmessage-length=0 -ffunction-sections -c -fmessage-length=0 -MMD -MP -MF"Drivers/STM32F4xx_HAL_Drivers/stm32f4xx_hal_gpio.d" -MT"Drivers/STM32F4xx_HAL_Drivers/stm32f4xx_hal_gpio.o" -o "Drivers/STM32F4xx_HAL_Drivers/stm32f4xx_hal_gpio.o" "/Users/ateammac/Documents/work/STM32Cube_FW_F4_V1.21.0/Drivers/STM32F4xx_HAL_Driver/Src/stm32f4xx_hal_gpio.c"
Finished building: /Users/ateammac/Documents/work/STM32Cube_FW_F4_V1.21.0/Drivers/STM32F4xx_HAL_Driver/Src/stm32f4xx_hal_gpio.c
 
Building file: /Users/ateammac/Documents/work/STM32Cube_FW_F4_V1.21.0/Drivers/STM32F4xx_HAL_Driver/Src/stm32f4xx_hal_hcd.c
Invoking: MCU GCC Compiler
/Users/ateammac/Documents/work/STM32Cube_FW_F4_V1.21.0/Projects/STM32F429I-Discovery/Applications/USB_Host/FWupgrade_Standalone/SW4STM32/STM32F429I-DISCO/Debug
arm-none-eabi-gcc -mcpu=cortex-m4 -mthumb -mfloat-abi=hard -mfpu=fpv4-sp-d16 -DUSE_HAL_DRIVER -DSTM32F429xx -DUSE_STM32F429I_DISCO -I"/Users/ateammac/Documents/work/STM32Cube_FW_F4_V1.21.0/Projects/STM32F429I-Discovery/Applications/USB_Host/FWupgrade_Standalone/Inc" -I"/Users/ateammac/Documents/work/STM32Cube_FW_F4_V1.21.0/Drivers/CMSIS/Device/ST/STM32F4xx/Include" -I"/Users/ateammac/Documents/work/STM32Cube_FW_F4_V1.21.0/Drivers/STM32F4xx_HAL_Driver/Inc" -I"/Users/ateammac/Documents/work/STM32Cube_FW_F4_V1.21.0/Drivers/BSP/STM32F429I-Discovery" -I"/Users/ateammac/Documents/work/STM32Cube_FW_F4_V1.21.0/Middlewares/ST/STM32_USB_Host_Library/Core/Inc" -I"/Users/ateammac/Documents/work/STM32Cube_FW_F4_V1.21.0/Middlewares/ST/STM32_USB_Host_Library/Class/MSC/Inc" -I"/Users/ateammac/Documents/work/STM32Cube_FW_F4_V1.21.0/Middlewares/Third_Party/FatFs/src" -I"/Users/ateammac/Documents/work/STM32Cube_FW_F4_V1.21.0/Drivers/CMSIS/Include"  -Os -g3 -Wall -fmessage-length=0 -ffunction-sections -c -fmessage-length=0 -MMD -MP -MF"Drivers/STM32F4xx_HAL_Drivers/stm32f4xx_hal_hcd.d" -MT"Drivers/STM32F4xx_HAL_Drivers/stm32f4xx_hal_hcd.o" -o "Drivers/STM32F4xx_HAL_Drivers/stm32f4xx_hal_hcd.o" "/Users/ateammac/Documents/work/STM32Cube_FW_F4_V1.21.0/Drivers/STM32F4xx_HAL_Driver/Src/stm32f4xx_hal_hcd.c"
Finished building: /Users/ateammac/Documents/work/STM32Cube_FW_F4_V1.21.0/Drivers/STM32F4xx_HAL_Driver/Src/stm32f4xx_hal_hcd.c
 
Building file: /Users/ateammac/Documents/work/STM32Cube_FW_F4_V1.21.0/Drivers/STM32F4xx_HAL_Driver/Src/stm32f4xx_hal_i2c.c
Invoking: MCU GCC Compiler
/Users/ateammac/Documents/work/STM32Cube_FW_F4_V1.21.0/Projects/STM32F429I-Discovery/Applications/USB_Host/FWupgrade_Standalone/SW4STM32/STM32F429I-DISCO/Debug
arm-none-eabi-gcc -mcpu=cortex-m4 -mthumb -mfloat-abi=hard -mfpu=fpv4-sp-d16 -DUSE_HAL_DRIVER -DSTM32F429xx -DUSE_STM32F429I_DISCO -I"/Users/ateammac/Documents/work/STM32Cube_FW_F4_V1.21.0/Projects/STM32F429I-Discovery/Applications/USB_Host/FWupgrade_Standalone/Inc" -I"/Users/ateammac/Documents/work/STM32Cube_FW_F4_V1.21.0/Drivers/CMSIS/Device/ST/STM32F4xx/Include" -I"/Users/ateammac/Documents/work/STM32Cube_FW_F4_V1.21.0/Drivers/STM32F4xx_HAL_Driver/Inc" -I"/Users/ateammac/Documents/work/STM32Cube_FW_F4_V1.21.0/Drivers/BSP/STM32F429I-Discovery" -I"/Users/ateammac/Documents/work/STM32Cube_FW_F4_V1.21.0/Middlewares/ST/STM32_USB_Host_Library/Core/Inc" -I"/Users/ateammac/Documents/work/STM32Cube_FW_F4_V1.21.0/Middlewares/ST/STM32_USB_Host_Library/Class/MSC/Inc" -I"/Users/ateammac/Documents/work/STM32Cube_FW_F4_V1.21.0/Middlewares/Third_Party/FatFs/src" -I"/Users/ateammac/Documents/work/STM32Cube_FW_F4_V1.21.0/Drivers/CMSIS/Include"  -Os -g3 -Wall -fmessage-length=0 -ffunction-sections -c -fmessage-length=0 -MMD -MP -MF"Drivers/STM32F4xx_HAL_Drivers/stm32f4xx_hal_i2c.d" -MT"Drivers/STM32F4xx_HAL_Drivers/stm32f4xx_hal_i2c.o" -o "Drivers/STM32F4xx_HAL_Drivers/stm32f4xx_hal_i2c.o" "/Users/ateammac/Documents/work/STM32Cube_FW_F4_V1.21.0/Drivers/STM32F4xx_HAL_Driver/Src/stm32f4xx_hal_i2c.c"
Finished building: /Users/ateammac/Documents/work/STM32Cube_FW_F4_V1.21.0/Drivers/STM32F4xx_HAL_Driver/Src/stm32f4xx_hal_i2c.c
 
Building file: /Users/ateammac/Documents/work/STM32Cube_FW_F4_V1.21.0/Drivers/STM32F4xx_HAL_Driver/Src/stm32f4xx_hal_rcc.c
Invoking: MCU GCC Compiler
/Users/ateammac/Documents/work/STM32Cube_FW_F4_V1.21.0/Projects/STM32F429I-Discovery/Applications/USB_Host/FWupgrade_Standalone/SW4STM32/STM32F429I-DISCO/Debug
arm-none-eabi-gcc -mcpu=cortex-m4 -mthumb -mfloat-abi=hard -mfpu=fpv4-sp-d16 -DUSE_HAL_DRIVER -DSTM32F429xx -DUSE_STM32F429I_DISCO -I"/Users/ateammac/Documents/work/STM32Cube_FW_F4_V1.21.0/Projects/STM32F429I-Discovery/Applications/USB_Host/FWupgrade_Standalone/Inc" -I"/Users/ateammac/Documents/work/STM32Cube_FW_F4_V1.21.0/Drivers/CMSIS/Device/ST/STM32F4xx/Include" -I"/Users/ateammac/Documents/work/STM32Cube_FW_F4_V1.21.0/Drivers/STM32F4xx_HAL_Driver/Inc" -I"/Users/ateammac/Documents/work/STM32Cube_FW_F4_V1.21.0/Drivers/BSP/STM32F429I-Discovery" -I"/Users/ateammac/Documents/work/STM32Cube_FW_F4_V1.21.0/Middlewares/ST/STM32_USB_Host_Library/Core/Inc" -I"/Users/ateammac/Documents/work/STM32Cube_FW_F4_V1.21.0/Middlewares/ST/STM32_USB_Host_Library/Class/MSC/Inc" -I"/Users/ateammac/Documents/work/STM32Cube_FW_F4_V1.21.0/Middlewares/Third_Party/FatFs/src" -I"/Users/ateammac/Documents/work/STM32Cube_FW_F4_V1.21.0/Drivers/CMSIS/Include"  -Os -g3 -Wall -fmessage-length=0 -ffunction-sections -c -fmessage-length=0 -MMD -MP -MF"Drivers/STM32F4xx_HAL_Drivers/stm32f4xx_hal_rcc.d" -MT"Drivers/STM32F4xx_HAL_Drivers/stm32f4xx_hal_rcc.o" -o "Drivers/STM32F4xx_HAL_Drivers/stm32f4xx_hal_rcc.o" "/Users/ateammac/Documents/work/STM32Cube_FW_F4_V1.21.0/Drivers/STM32F4xx_HAL_Driver/Src/stm32f4xx_hal_rcc.c"
Finished building: /Users/ateammac/Documents/work/STM32Cube_FW_F4_V1.21.0/Drivers/STM32F4xx_HAL_Driver/Src/stm32f4xx_hal_rcc.c
 
Building file: /Users/ateammac/Documents/work/STM32Cube_FW_F4_V1.21.0/Drivers/STM32F4xx_HAL_Driver/Src/stm32f4xx_hal_rcc_ex.c
Invoking: MCU GCC Compiler
/Users/ateammac/Documents/work/STM32Cube_FW_F4_V1.21.0/Projects/STM32F429I-Discovery/Applications/USB_Host/FWupgrade_Standalone/SW4STM32/STM32F429I-DISCO/Debug
arm-none-eabi-gcc -mcpu=cortex-m4 -mthumb -mfloat-abi=hard -mfpu=fpv4-sp-d16 -DUSE_HAL_DRIVER -DSTM32F429xx -DUSE_STM32F429I_DISCO -I"/Users/ateammac/Documents/work/STM32Cube_FW_F4_V1.21.0/Projects/STM32F429I-Discovery/Applications/USB_Host/FWupgrade_Standalone/Inc" -I"/Users/ateammac/Documents/work/STM32Cube_FW_F4_V1.21.0/Drivers/CMSIS/Device/ST/STM32F4xx/Include" -I"/Users/ateammac/Documents/work/STM32Cube_FW_F4_V1.21.0/Drivers/STM32F4xx_HAL_Driver/Inc" -I"/Users/ateammac/Documents/work/STM32Cube_FW_F4_V1.21.0/Drivers/BSP/STM32F429I-Discovery" -I"/Users/ateammac/Documents/work/STM32Cube_FW_F4_V1.21.0/Middlewares/ST/STM32_USB_Host_Library/Core/Inc" -I"/Users/ateammac/Documents/work/STM32Cube_FW_F4_V1.21.0/Middlewares/ST/STM32_USB_Host_Library/Class/MSC/Inc" -I"/Users/ateammac/Documents/work/STM32Cube_FW_F4_V1.21.0/Middlewares/Third_Party/FatFs/src" -I"/Users/ateammac/Documents/work/STM32Cube_FW_F4_V1.21.0/Drivers/CMSIS/Include"  -Os -g3 -Wall -fmessage-length=0 -ffunction-sections -c -fmessage-length=0 -MMD -MP -MF"Drivers/STM32F4xx_HAL_Drivers/stm32f4xx_hal_rcc_ex.d" -MT"Drivers/STM32F4xx_HAL_Drivers/stm32f4xx_hal_rcc_ex.o" -o "Drivers/STM32F4xx_HAL_Drivers/stm32f4xx_hal_rcc_ex.o" "/Users/ateammac/Documents/work/STM32Cube_FW_F4_V1.21.0/Drivers/STM32F4xx_HAL_Driver/Src/stm32f4xx_hal_rcc_ex.c"
Finished building: /Users/ateammac/Documents/work/STM32Cube_FW_F4_V1.21.0/Drivers/STM32F4xx_HAL_Driver/Src/stm32f4xx_hal_rcc_ex.c
 
Building file: /Users/ateammac/Documents/work/STM32Cube_FW_F4_V1.21.0/Drivers/STM32F4xx_HAL_Driver/Src/stm32f4xx_hal_spi.c
Invoking: MCU GCC Compiler
/Users/ateammac/Documents/work/STM32Cube_FW_F4_V1.21.0/Projects/STM32F429I-Discovery/Applications/USB_Host/FWupgrade_Standalone/SW4STM32/STM32F429I-DISCO/Debug
arm-none-eabi-gcc -mcpu=cortex-m4 -mthumb -mfloat-abi=hard -mfpu=fpv4-sp-d16 -DUSE_HAL_DRIVER -DSTM32F429xx -DUSE_STM32F429I_DISCO -I"/Users/ateammac/Documents/work/STM32Cube_FW_F4_V1.21.0/Projects/STM32F429I-Discovery/Applications/USB_Host/FWupgrade_Standalone/Inc" -I"/Users/ateammac/Documents/work/STM32Cube_FW_F4_V1.21.0/Drivers/CMSIS/Device/ST/STM32F4xx/Include" -I"/Users/ateammac/Documents/work/STM32Cube_FW_F4_V1.21.0/Drivers/STM32F4xx_HAL_Driver/Inc" -I"/Users/ateammac/Documents/work/STM32Cube_FW_F4_V1.21.0/Drivers/BSP/STM32F429I-Discovery" -I"/Users/ateammac/Documents/work/STM32Cube_FW_F4_V1.21.0/Middlewares/ST/STM32_USB_Host_Library/Core/Inc" -I"/Users/ateammac/Documents/work/STM32Cube_FW_F4_V1.21.0/Middlewares/ST/STM32_USB_Host_Library/Class/MSC/Inc" -I"/Users/ateammac/Documents/work/STM32Cube_FW_F4_V1.21.0/Middlewares/Third_Party/FatFs/src" -I"/Users/ateammac/Documents/work/STM32Cube_FW_F4_V1.21.0/Drivers/CMSIS/Include"  -Os -g3 -Wall -fmessage-length=0 -ffunction-sections -c -fmessage-length=0 -MMD -MP -MF"Drivers/STM32F4xx_HAL_Drivers/stm32f4xx_hal_spi.d" -MT"Drivers/STM32F4xx_HAL_Drivers/stm32f4xx_hal_spi.o" -o "Drivers/STM32F4xx_HAL_Drivers/stm32f4xx_hal_spi.o" "/Users/ateammac/Documents/work/STM32Cube_FW_F4_V1.21.0/Drivers/STM32F4xx_HAL_Driver/Src/stm32f4xx_hal_spi.c"
Finished building: /Users/ateammac/Documents/work/STM32Cube_FW_F4_V1.21.0/Drivers/STM32F4xx_HAL_Driver/Src/stm32f4xx_hal_spi.c
 
Building file: /Users/ateammac/Documents/work/STM32Cube_FW_F4_V1.21.0/Drivers/STM32F4xx_HAL_Driver/Src/stm32f4xx_ll_usb.c
Invoking: MCU GCC Compiler
/Users/ateammac/Documents/work/STM32Cube_FW_F4_V1.21.0/Projects/STM32F429I-Discovery/Applications/USB_Host/FWupgrade_Standalone/SW4STM32/STM32F429I-DISCO/Debug
arm-none-eabi-gcc -mcpu=cortex-m4 -mthumb -mfloat-abi=hard -mfpu=fpv4-sp-d16 -DUSE_HAL_DRIVER -DSTM32F429xx -DUSE_STM32F429I_DISCO -I"/Users/ateammac/Documents/work/STM32Cube_FW_F4_V1.21.0/Projects/STM32F429I-Discovery/Applications/USB_Host/FWupgrade_Standalone/Inc" -I"/Users/ateammac/Documents/work/STM32Cube_FW_F4_V1.21.0/Drivers/CMSIS/Device/ST/STM32F4xx/Include" -I"/Users/ateammac/Documents/work/STM32Cube_FW_F4_V1.21.0/Drivers/STM32F4xx_HAL_Driver/Inc" -I"/Users/ateammac/Documents/work/STM32Cube_FW_F4_V1.21.0/Drivers/BSP/STM32F429I-Discovery" -I"/Users/ateammac/Documents/work/STM32Cube_FW_F4_V1.21.0/Middlewares/ST/STM32_USB_Host_Library/Core/Inc" -I"/Users/ateammac/Documents/work/STM32Cube_FW_F4_V1.21.0/Middlewares/ST/STM32_USB_Host_Library/Class/MSC/Inc" -I"/Users/ateammac/Documents/work/STM32Cube_FW_F4_V1.21.0/Middlewares/Third_Party/FatFs/src" -I"/Users/ateammac/Documents/work/STM32Cube_FW_F4_V1.21.0/Drivers/CMSIS/Include"  -Os -g3 -Wall -fmessage-length=0 -ffunction-sections -c -fmessage-length=0 -MMD -MP -MF"Drivers/STM32F4xx_HAL_Drivers/stm32f4xx_ll_usb.d" -MT"Drivers/STM32F4xx_HAL_Drivers/stm32f4xx_ll_usb.o" -o "Drivers/STM32F4xx_HAL_Drivers/stm32f4xx_ll_usb.o" "/Users/ateammac/Documents/work/STM32Cube_FW_F4_V1.21.0/Drivers/STM32F4xx_HAL_Driver/Src/stm32f4xx_ll_usb.c"
Finished building: /Users/ateammac/Documents/work/STM32Cube_FW_F4_V1.21.0/Drivers/STM32F4xx_HAL_Driver/Src/stm32f4xx_ll_usb.c
 
Building file: /Users/ateammac/Documents/work/STM32Cube_FW_F4_V1.21.0/Drivers/CMSIS/Device/ST/STM32F4xx/Source/Templates/system_stm32f4xx.c
Invoking: MCU GCC Compiler
/Users/ateammac/Documents/work/STM32Cube_FW_F4_V1.21.0/Projects/STM32F429I-Discovery/Applications/USB_Host/FWupgrade_Standalone/SW4STM32/STM32F429I-DISCO/Debug
arm-none-eabi-gcc -mcpu=cortex-m4 -mthumb -mfloat-abi=hard -mfpu=fpv4-sp-d16 -DUSE_HAL_DRIVER -DSTM32F429xx -DUSE_STM32F429I_DISCO -I"/Users/ateammac/Documents/work/STM32Cube_FW_F4_V1.21.0/Projects/STM32F429I-Discovery/Applications/USB_Host/FWupgrade_Standalone/Inc" -I"/Users/ateammac/Documents/work/STM32Cube_FW_F4_V1.21.0/Drivers/CMSIS/Device/ST/STM32F4xx/Include" -I"/Users/ateammac/Documents/work/STM32Cube_FW_F4_V1.21.0/Drivers/STM32F4xx_HAL_Driver/Inc" -I"/Users/ateammac/Documents/work/STM32Cube_FW_F4_V1.21.0/Drivers/BSP/STM32F429I-Discovery" -I"/Users/ateammac/Documents/work/STM32Cube_FW_F4_V1.21.0/Middlewares/ST/STM32_USB_Host_Library/Core/Inc" -I"/Users/ateammac/Documents/work/STM32Cube_FW_F4_V1.21.0/Middlewares/ST/STM32_USB_Host_Library/Class/MSC/Inc" -I"/Users/ateammac/Documents/work/STM32Cube_FW_F4_V1.21.0/Middlewares/Third_Party/FatFs/src" -I"/Users/ateammac/Documents/work/STM32Cube_FW_F4_V1.21.0/Drivers/CMSIS/Include"  -Os -g3 -Wall -fmessage-length=0 -ffunction-sections -c -fmessage-length=0 -MMD -MP -MF"Drivers/CMSIS/system_stm32f4xx.d" -MT"Drivers/CMSIS/system_stm32f4xx.o" -o "Drivers/CMSIS/system_stm32f4xx.o" "/Users/ateammac/Documents/work/STM32Cube_FW_F4_V1.21.0/Drivers/CMSIS/Device/ST/STM32F4xx/Source/Templates/system_stm32f4xx.c"
Finished building: /Users/ateammac/Documents/work/STM32Cube_FW_F4_V1.21.0/Drivers/CMSIS/Device/ST/STM32F4xx/Source/Templates/system_stm32f4xx.c
 
Building file: /Users/ateammac/Documents/work/STM32Cube_FW_F4_V1.21.0/Drivers/BSP/STM32F429I-Discovery/stm32f429i_discovery.c
Invoking: MCU GCC Compiler
/Users/ateammac/Documents/work/STM32Cube_FW_F4_V1.21.0/Projects/STM32F429I-Discovery/Applications/USB_Host/FWupgrade_Standalone/SW4STM32/STM32F429I-DISCO/Debug
arm-none-eabi-gcc -mcpu=cortex-m4 -mthumb -mfloat-abi=hard -mfpu=fpv4-sp-d16 -DUSE_HAL_DRIVER -DSTM32F429xx -DUSE_STM32F429I_DISCO -I"/Users/ateammac/Documents/work/STM32Cube_FW_F4_V1.21.0/Projects/STM32F429I-Discovery/Applications/USB_Host/FWupgrade_Standalone/Inc" -I"/Users/ateammac/Documents/work/STM32Cube_FW_F4_V1.21.0/Drivers/CMSIS/Device/ST/STM32F4xx/Include" -I"/Users/ateammac/Documents/work/STM32Cube_FW_F4_V1.21.0/Drivers/STM32F4xx_HAL_Driver/Inc" -I"/Users/ateammac/Documents/work/STM32Cube_FW_F4_V1.21.0/Drivers/BSP/STM32F429I-Discovery" -I"/Users/ateammac/Documents/work/STM32Cube_FW_F4_V1.21.0/Middlewares/ST/STM32_USB_Host_Library/Core/Inc" -I"/Users/ateammac/Documents/work/STM32Cube_FW_F4_V1.21.0/Middlewares/ST/STM32_USB_Host_Library/Class/MSC/Inc" -I"/Users/ateammac/Documents/work/STM32Cube_FW_F4_V1.21.0/Middlewares/Third_Party/FatFs/src" -I"/Users/ateammac/Documents/work/STM32Cube_FW_F4_V1.21.0/Drivers/CMSIS/Include"  -Os -g3 -Wall -fmessage-length=0 -ffunction-sections -c -fmessage-length=0 -MMD -MP -MF"Drivers/BSP/STM32F429I_DISCO/stm32f429i_discovery.d" -MT"Drivers/BSP/STM32F429I_DISCO/stm32f429i_discovery.o" -o "Drivers/BSP/STM32F429I_DISCO/stm32f429i_discovery.o" "/Users/ateammac/Documents/work/STM32Cube_FW_F4_V1.21.0/Drivers/BSP/STM32F429I-Discovery/stm32f429i_discovery.c"
Finished building: /Users/ateammac/Documents/work/STM32Cube_FW_F4_V1.21.0/Drivers/BSP/STM32F429I-Discovery/stm32f429i_discovery.c
 
Building file: /Users/ateammac/Documents/work/STM32Cube_FW_F4_V1.21.0/Drivers/BSP/Components/ili9341/ili9341.c
Invoking: MCU GCC Compiler
/Users/ateammac/Documents/work/STM32Cube_FW_F4_V1.21.0/Projects/STM32F429I-Discovery/Applications/USB_Host/FWupgrade_Standalone/SW4STM32/STM32F429I-DISCO/Debug
arm-none-eabi-gcc -mcpu=cortex-m4 -mthumb -mfloat-abi=hard -mfpu=fpv4-sp-d16 -DUSE_HAL_DRIVER -DSTM32F429xx -DUSE_STM32F429I_DISCO -I"/Users/ateammac/Documents/work/STM32Cube_FW_F4_V1.21.0/Projects/STM32F429I-Discovery/Applications/USB_Host/FWupgrade_Standalone/Inc" -I"/Users/ateammac/Documents/work/STM32Cube_FW_F4_V1.21.0/Drivers/CMSIS/Device/ST/STM32F4xx/Include" -I"/Users/ateammac/Documents/work/STM32Cube_FW_F4_V1.21.0/Drivers/STM32F4xx_HAL_Driver/Inc" -I"/Users/ateammac/Documents/work/STM32Cube_FW_F4_V1.21.0/Drivers/BSP/STM32F429I-Discovery" -I"/Users/ateammac/Documents/work/STM32Cube_FW_F4_V1.21.0/Middlewares/ST/STM32_USB_Host_Library/Core/Inc" -I"/Users/ateammac/Documents/work/STM32Cube_FW_F4_V1.21.0/Middlewares/ST/STM32_USB_Host_Library/Class/MSC/Inc" -I"/Users/ateammac/Documents/work/STM32Cube_FW_F4_V1.21.0/Middlewares/Third_Party/FatFs/src" -I"/Users/ateammac/Documents/work/STM32Cube_FW_F4_V1.21.0/Drivers/CMSIS/Include"  -Os -g3 -Wall -fmessage-length=0 -ffunction-sections -c -fmessage-length=0 -MMD -MP -MF"Drivers/BSP/Components/ili9341.d" -MT"Drivers/BSP/Components/ili9341.o" -o "Drivers/BSP/Components/ili9341.o" "/Users/ateammac/Documents/work/STM32Cube_FW_F4_V1.21.0/Drivers/BSP/Components/ili9341/ili9341.c"
Finished building: /Users/ateammac/Documents/work/STM32Cube_FW_F4_V1.21.0/Drivers/BSP/Components/ili9341/ili9341.c
 
Building file: /Users/ateammac/Documents/work/STM32Cube_FW_F4_V1.21.0/Drivers/BSP/Components/stmpe811/stmpe811.c
Invoking: MCU GCC Compiler
/Users/ateammac/Documents/work/STM32Cube_FW_F4_V1.21.0/Projects/STM32F429I-Discovery/Applications/USB_Host/FWupgrade_Standalone/SW4STM32/STM32F429I-DISCO/Debug
arm-none-eabi-gcc -mcpu=cortex-m4 -mthumb -mfloat-abi=hard -mfpu=fpv4-sp-d16 -DUSE_HAL_DRIVER -DSTM32F429xx -DUSE_STM32F429I_DISCO -I"/Users/ateammac/Documents/work/STM32Cube_FW_F4_V1.21.0/Projects/STM32F429I-Discovery/Applications/USB_Host/FWupgrade_Standalone/Inc" -I"/Users/ateammac/Documents/work/STM32Cube_FW_F4_V1.21.0/Drivers/CMSIS/Device/ST/STM32F4xx/Include" -I"/Users/ateammac/Documents/work/STM32Cube_FW_F4_V1.21.0/Drivers/STM32F4xx_HAL_Driver/Inc" -I"/Users/ateammac/Documents/work/STM32Cube_FW_F4_V1.21.0/Drivers/BSP/STM32F429I-Discovery" -I"/Users/ateammac/Documents/work/STM32Cube_FW_F4_V1.21.0/Middlewares/ST/STM32_USB_Host_Library/Core/Inc" -I"/Users/ateammac/Documents/work/STM32Cube_FW_F4_V1.21.0/Middlewares/ST/STM32_USB_Host_Library/Class/MSC/Inc" -I"/Users/ateammac/Documents/work/STM32Cube_FW_F4_V1.21.0/Middlewares/Third_Party/FatFs/src" -I"/Users/ateammac/Documents/work/STM32Cube_FW_F4_V1.21.0/Drivers/CMSIS/Include"  -Os -g3 -Wall -fmessage-length=0 -ffunction-sections -c -fmessage-length=0 -MMD -MP -MF"Drivers/BSP/Components/stmpe811.d" -MT"Drivers/BSP/Components/stmpe811.o" -o "Drivers/BSP/Components/stmpe811.o" "/Users/ateammac/Documents/work/STM32Cube_FW_F4_V1.21.0/Drivers/BSP/Components/stmpe811/stmpe811.c"
Finished building: /Users/ateammac/Documents/work/STM32Cube_FW_F4_V1.21.0/Drivers/BSP/Components/stmpe811/stmpe811.c
 
Building file: /Users/ateammac/Documents/work/STM32Cube_FW_F4_V1.21.0/Projects/STM32F429I-Discovery/Applications/USB_Host/FWupgrade_Standalone/Src/command.c
Invoking: MCU GCC Compiler
/Users/ateammac/Documents/work/STM32Cube_FW_F4_V1.21.0/Projects/STM32F429I-Discovery/Applications/USB_Host/FWupgrade_Standalone/SW4STM32/STM32F429I-DISCO/Debug
arm-none-eabi-gcc -mcpu=cortex-m4 -mthumb -mfloat-abi=hard -mfpu=fpv4-sp-d16 -DUSE_HAL_DRIVER -DSTM32F429xx -DUSE_STM32F429I_DISCO -I"/Users/ateammac/Documents/work/STM32Cube_FW_F4_V1.21.0/Projects/STM32F429I-Discovery/Applications/USB_Host/FWupgrade_Standalone/Inc" -I"/Users/ateammac/Documents/work/STM32Cube_FW_F4_V1.21.0/Drivers/CMSIS/Device/ST/STM32F4xx/Include" -I"/Users/ateammac/Documents/work/STM32Cube_FW_F4_V1.21.0/Drivers/STM32F4xx_HAL_Driver/Inc" -I"/Users/ateammac/Documents/work/STM32Cube_FW_F4_V1.21.0/Drivers/BSP/STM32F429I-Discovery" -I"/Users/ateammac/Documents/work/STM32Cube_FW_F4_V1.21.0/Middlewares/ST/STM32_USB_Host_Library/Core/Inc" -I"/Users/ateammac/Documents/work/STM32Cube_FW_F4_V1.21.0/Middlewares/ST/STM32_USB_Host_Library/Class/MSC/Inc" -I"/Users/ateammac/Documents/work/STM32Cube_FW_F4_V1.21.0/Middlewares/Third_Party/FatFs/src" -I"/Users/ateammac/Documents/work/STM32Cube_FW_F4_V1.21.0/Drivers/CMSIS/Include"  -Os -g3 -Wall -fmessage-length=0 -ffunction-sections -c -fmessage-length=0 -MMD -MP -MF"Application/User/command.d" -MT"Application/User/command.o" -o "Application/User/command.o" "/Users/ateammac/Documents/work/STM32Cube_FW_F4_V1.21.0/Projects/STM32F429I-Discovery/Applications/USB_Host/FWupgrade_Standalone/Src/command.c"
Finished building: /Users/ateammac/Documents/work/STM32Cube_FW_F4_V1.21.0/Projects/STM32F429I-Discovery/Applications/USB_Host/FWupgrade_Standalone/Src/command.c
 
Building file: /Users/ateammac/Documents/work/STM32Cube_FW_F4_V1.21.0/Projects/STM32F429I-Discovery/Applications/USB_Host/FWupgrade_Standalone/Src/flash_if.c
Invoking: MCU GCC Compiler
/Users/ateammac/Documents/work/STM32Cube_FW_F4_V1.21.0/Projects/STM32F429I-Discovery/Applications/USB_Host/FWupgrade_Standalone/SW4STM32/STM32F429I-DISCO/Debug
arm-none-eabi-gcc -mcpu=cortex-m4 -mthumb -mfloat-abi=hard -mfpu=fpv4-sp-d16 -DUSE_HAL_DRIVER -DSTM32F429xx -DUSE_STM32F429I_DISCO -I"/Users/ateammac/Documents/work/STM32Cube_FW_F4_V1.21.0/Projects/STM32F429I-Discovery/Applications/USB_Host/FWupgrade_Standalone/Inc" -I"/Users/ateammac/Documents/work/STM32Cube_FW_F4_V1.21.0/Drivers/CMSIS/Device/ST/STM32F4xx/Include" -I"/Users/ateammac/Documents/work/STM32Cube_FW_F4_V1.21.0/Drivers/STM32F4xx_HAL_Driver/Inc" -I"/Users/ateammac/Documents/work/STM32Cube_FW_F4_V1.21.0/Drivers/BSP/STM32F429I-Discovery" -I"/Users/ateammac/Documents/work/STM32Cube_FW_F4_V1.21.0/Middlewares/ST/STM32_USB_Host_Library/Core/Inc" -I"/Users/ateammac/Documents/work/STM32Cube_FW_F4_V1.21.0/Middlewares/ST/STM32_USB_Host_Library/Class/MSC/Inc" -I"/Users/ateammac/Documents/work/STM32Cube_FW_F4_V1.21.0/Middlewares/Third_Party/FatFs/src" -I"/Users/ateammac/Documents/work/STM32Cube_FW_F4_V1.21.0/Drivers/CMSIS/Include"  -Os -g3 -Wall -fmessage-length=0 -ffunction-sections -c -fmessage-length=0 -MMD -MP -MF"Application/User/flash_if.d" -MT"Application/User/flash_if.o" -o "Application/User/flash_if.o" "/Users/ateammac/Documents/work/STM32Cube_FW_F4_V1.21.0/Projects/STM32F429I-Discovery/Applications/USB_Host/FWupgrade_Standalone/Src/flash_if.c"
Finished building: /Users/ateammac/Documents/work/STM32Cube_FW_F4_V1.21.0/Projects/STM32F429I-Discovery/Applications/USB_Host/FWupgrade_Standalone/Src/flash_if.c
 
Building file: /Users/ateammac/Documents/work/STM32Cube_FW_F4_V1.21.0/Projects/STM32F429I-Discovery/Applications/USB_Host/FWupgrade_Standalone/Src/iap_menu.c
Invoking: MCU GCC Compiler
/Users/ateammac/Documents/work/STM32Cube_FW_F4_V1.21.0/Projects/STM32F429I-Discovery/Applications/USB_Host/FWupgrade_Standalone/SW4STM32/STM32F429I-DISCO/Debug
arm-none-eabi-gcc -mcpu=cortex-m4 -mthumb -mfloat-abi=hard -mfpu=fpv4-sp-d16 -DUSE_HAL_DRIVER -DSTM32F429xx -DUSE_STM32F429I_DISCO -I"/Users/ateammac/Documents/work/STM32Cube_FW_F4_V1.21.0/Projects/STM32F429I-Discovery/Applications/USB_Host/FWupgrade_Standalone/Inc" -I"/Users/ateammac/Documents/work/STM32Cube_FW_F4_V1.21.0/Drivers/CMSIS/Device/ST/STM32F4xx/Include" -I"/Users/ateammac/Documents/work/STM32Cube_FW_F4_V1.21.0/Drivers/STM32F4xx_HAL_Driver/Inc" -I"/Users/ateammac/Documents/work/STM32Cube_FW_F4_V1.21.0/Drivers/BSP/STM32F429I-Discovery" -I"/Users/ateammac/Documents/work/STM32Cube_FW_F4_V1.21.0/Middlewares/ST/STM32_USB_Host_Library/Core/Inc" -I"/Users/ateammac/Documents/work/STM32Cube_FW_F4_V1.21.0/Middlewares/ST/STM32_USB_Host_Library/Class/MSC/Inc" -I"/Users/ateammac/Documents/work/STM32Cube_FW_F4_V1.21.0/Middlewares/Third_Party/FatFs/src" -I"/Users/ateammac/Documents/work/STM32Cube_FW_F4_V1.21.0/Drivers/CMSIS/Include"  -Os -g3 -Wall -fmessage-length=0 -ffunction-sections -c -fmessage-length=0 -MMD -MP -MF"Application/User/iap_menu.d" -MT"Application/User/iap_menu.o" -o "Application/User/iap_menu.o" "/Users/ateammac/Documents/work/STM32Cube_FW_F4_V1.21.0/Projects/STM32F429I-Discovery/Applications/USB_Host/FWupgrade_Standalone/Src/iap_menu.c"
Finished building: /Users/ateammac/Documents/work/STM32Cube_FW_F4_V1.21.0/Projects/STM32F429I-Discovery/Applications/USB_Host/FWupgrade_Standalone/Src/iap_menu.c
 
Building file: /Users/ateammac/Documents/work/STM32Cube_FW_F4_V1.21.0/Projects/STM32F429I-Discovery/Applications/USB_Host/FWupgrade_Standalone/Src/main.c
Invoking: MCU GCC Compiler
/Users/ateammac/Documents/work/STM32Cube_FW_F4_V1.21.0/Projects/STM32F429I-Discovery/Applications/USB_Host/FWupgrade_Standalone/SW4STM32/STM32F429I-DISCO/Debug
arm-none-eabi-gcc -mcpu=cortex-m4 -mthumb -mfloat-abi=hard -mfpu=fpv4-sp-d16 -DUSE_HAL_DRIVER -DSTM32F429xx -DUSE_STM32F429I_DISCO -I"/Users/ateammac/Documents/work/STM32Cube_FW_F4_V1.21.0/Projects/STM32F429I-Discovery/Applications/USB_Host/FWupgrade_Standalone/Inc" -I"/Users/ateammac/Documents/work/STM32Cube_FW_F4_V1.21.0/Drivers/CMSIS/Device/ST/STM32F4xx/Include" -I"/Users/ateammac/Documents/work/STM32Cube_FW_F4_V1.21.0/Drivers/STM32F4xx_HAL_Driver/Inc" -I"/Users/ateammac/Documents/work/STM32Cube_FW_F4_V1.21.0/Drivers/BSP/STM32F429I-Discovery" -I"/Users/ateammac/Documents/work/STM32Cube_FW_F4_V1.21.0/Middlewares/ST/STM32_USB_Host_Library/Core/Inc" -I"/Users/ateammac/Documents/work/STM32Cube_FW_F4_V1.21.0/Middlewares/ST/STM32_USB_Host_Library/Class/MSC/Inc" -I"/Users/ateammac/Documents/work/STM32Cube_FW_F4_V1.21.0/Middlewares/Third_Party/FatFs/src" -I"/Users/ateammac/Documents/work/STM32Cube_FW_F4_V1.21.0/Drivers/CMSIS/Include"  -Os -g3 -Wall -fmessage-length=0 -ffunction-sections -c -fmessage-length=0 -MMD -MP -MF"Application/User/main.d" -MT"Application/User/main.o" -o "Application/User/main.o" "/Users/ateammac/Documents/work/STM32Cube_FW_F4_V1.21.0/Projects/STM32F429I-Discovery/Applications/USB_Host/FWupgrade_Standalone/Src/main.c"
Finished building: /Users/ateammac/Documents/work/STM32Cube_FW_F4_V1.21.0/Projects/STM32F429I-Discovery/Applications/USB_Host/FWupgrade_Standalone/Src/main.c
 
Building file: /Users/ateammac/Documents/work/STM32Cube_FW_F4_V1.21.0/Projects/STM32F429I-Discovery/Applications/USB_Host/FWupgrade_Standalone/Src/stm32f4xx_it.c
Invoking: MCU GCC Compiler
/Users/ateammac/Documents/work/STM32Cube_FW_F4_V1.21.0/Projects/STM32F429I-Discovery/Applications/USB_Host/FWupgrade_Standalone/SW4STM32/STM32F429I-DISCO/Debug
arm-none-eabi-gcc -mcpu=cortex-m4 -mthumb -mfloat-abi=hard -mfpu=fpv4-sp-d16 -DUSE_HAL_DRIVER -DSTM32F429xx -DUSE_STM32F429I_DISCO -I"/Users/ateammac/Documents/work/STM32Cube_FW_F4_V1.21.0/Projects/STM32F429I-Discovery/Applications/USB_Host/FWupgrade_Standalone/Inc" -I"/Users/ateammac/Documents/work/STM32Cube_FW_F4_V1.21.0/Drivers/CMSIS/Device/ST/STM32F4xx/Include" -I"/Users/ateammac/Documents/work/STM32Cube_FW_F4_V1.21.0/Drivers/STM32F4xx_HAL_Driver/Inc" -I"/Users/ateammac/Documents/work/STM32Cube_FW_F4_V1.21.0/Drivers/BSP/STM32F429I-Discovery" -I"/Users/ateammac/Documents/work/STM32Cube_FW_F4_V1.21.0/Middlewares/ST/STM32_USB_Host_Library/Core/Inc" -I"/Users/ateammac/Documents/work/STM32Cube_FW_F4_V1.21.0/Middlewares/ST/STM32_USB_Host_Library/Class/MSC/Inc" -I"/Users/ateammac/Documents/work/STM32Cube_FW_F4_V1.21.0/Middlewares/Third_Party/FatFs/src" -I"/Users/ateammac/Documents/work/STM32Cube_FW_F4_V1.21.0/Drivers/CMSIS/Include"  -Os -g3 -Wall -fmessage-length=0 -ffunction-sections -c -fmessage-length=0 -MMD -MP -MF"Application/User/stm32f4xx_it.d" -MT"Application/User/stm32f4xx_it.o" -o "Application/User/stm32f4xx_it.o" "/Users/ateammac/Documents/work/STM32Cube_FW_F4_V1.21.0/Projects/STM32F429I-Discovery/Applications/USB_Host/FWupgrade_Standalone/Src/stm32f4xx_it.c"
Finished building: /Users/ateammac/Documents/work/STM32Cube_FW_F4_V1.21.0/Projects/STM32F429I-Discovery/Applications/USB_Host/FWupgrade_Standalone/Src/stm32f4xx_it.c
 
Building file: /Users/ateammac/Documents/work/STM32Cube_FW_F4_V1.21.0/Projects/STM32F429I-Discovery/Applications/USB_Host/FWupgrade_Standalone/Src/usbh_conf.c
Invoking: MCU GCC Compiler
/Users/ateammac/Documents/work/STM32Cube_FW_F4_V1.21.0/Projects/STM32F429I-Discovery/Applications/USB_Host/FWupgrade_Standalone/SW4STM32/STM32F429I-DISCO/Debug
arm-none-eabi-gcc -mcpu=cortex-m4 -mthumb -mfloat-abi=hard -mfpu=fpv4-sp-d16 -DUSE_HAL_DRIVER -DSTM32F429xx -DUSE_STM32F429I_DISCO -I"/Users/ateammac/Documents/work/STM32Cube_FW_F4_V1.21.0/Projects/STM32F429I-Discovery/Applications/USB_Host/FWupgrade_Standalone/Inc" -I"/Users/ateammac/Documents/work/STM32Cube_FW_F4_V1.21.0/Drivers/CMSIS/Device/ST/STM32F4xx/Include" -I"/Users/ateammac/Documents/work/STM32Cube_FW_F4_V1.21.0/Drivers/STM32F4xx_HAL_Driver/Inc" -I"/Users/ateammac/Documents/work/STM32Cube_FW_F4_V1.21.0/Drivers/BSP/STM32F429I-Discovery" -I"/Users/ateammac/Documents/work/STM32Cube_FW_F4_V1.21.0/Middlewares/ST/STM32_USB_Host_Library/Core/Inc" -I"/Users/ateammac/Documents/work/STM32Cube_FW_F4_V1.21.0/Middlewares/ST/STM32_USB_Host_Library/Class/MSC/Inc" -I"/Users/ateammac/Documents/work/STM32Cube_FW_F4_V1.21.0/Middlewares/Third_Party/FatFs/src" -I"/Users/ateammac/Documents/work/STM32Cube_FW_F4_V1.21.0/Drivers/CMSIS/Include"  -Os -g3 -Wall -fmessage-length=0 -ffunction-sections -c -fmessage-length=0 -MMD -MP -MF"Application/User/usbh_conf.d" -MT"Application/User/usbh_conf.o" -o "Application/User/usbh_conf.o" "/Users/ateammac/Documents/work/STM32Cube_FW_F4_V1.21.0/Projects/STM32F429I-Discovery/Applications/USB_Host/FWupgrade_Standalone/Src/usbh_conf.c"
Finished building: /Users/ateammac/Documents/work/STM32Cube_FW_F4_V1.21.0/Projects/STM32F429I-Discovery/Applications/USB_Host/FWupgrade_Standalone/Src/usbh_conf.c
 
Building file: /Users/ateammac/Documents/work/STM32Cube_FW_F4_V1.21.0/Projects/STM32F429I-Discovery/Applications/USB_Host/FWupgrade_Standalone/Src/usbh_diskio_dma.c
Invoking: MCU GCC Compiler
/Users/ateammac/Documents/work/STM32Cube_FW_F4_V1.21.0/Projects/STM32F429I-Discovery/Applications/USB_Host/FWupgrade_Standalone/SW4STM32/STM32F429I-DISCO/Debug
arm-none-eabi-gcc -mcpu=cortex-m4 -mthumb -mfloat-abi=hard -mfpu=fpv4-sp-d16 -DUSE_HAL_DRIVER -DSTM32F429xx -DUSE_STM32F429I_DISCO -I"/Users/ateammac/Documents/work/STM32Cube_FW_F4_V1.21.0/Projects/STM32F429I-Discovery/Applications/USB_Host/FWupgrade_Standalone/Inc" -I"/Users/ateammac/Documents/work/STM32Cube_FW_F4_V1.21.0/Drivers/CMSIS/Device/ST/STM32F4xx/Include" -I"/Users/ateammac/Documents/work/STM32Cube_FW_F4_V1.21.0/Drivers/STM32F4xx_HAL_Driver/Inc" -I"/Users/ateammac/Documents/work/STM32Cube_FW_F4_V1.21.0/Drivers/BSP/STM32F429I-Discovery" -I"/Users/ateammac/Documents/work/STM32Cube_FW_F4_V1.21.0/Middlewares/ST/STM32_USB_Host_Library/Core/Inc" -I"/Users/ateammac/Documents/work/STM32Cube_FW_F4_V1.21.0/Middlewares/ST/STM32_USB_Host_Library/Class/MSC/Inc" -I"/Users/ateammac/Documents/work/STM32Cube_FW_F4_V1.21.0/Middlewares/Third_Party/FatFs/src" -I"/Users/ateammac/Documents/work/STM32Cube_FW_F4_V1.21.0/Drivers/CMSIS/Include"  -Os -g3 -Wall -fmessage-length=0 -ffunction-sections -c -fmessage-length=0 -MMD -MP -MF"Application/User/usbh_diskio_dma.d" -MT"Application/User/usbh_diskio_dma.o" -o "Application/User/usbh_diskio_dma.o" "/Users/ateammac/Documents/work/STM32Cube_FW_F4_V1.21.0/Projects/STM32F429I-Discovery/Applications/USB_Host/FWupgrade_Standalone/Src/usbh_diskio_dma.c"
Finished building: /Users/ateammac/Documents/work/STM32Cube_FW_F4_V1.21.0/Projects/STM32F429I-Discovery/Applications/USB_Host/FWupgrade_Standalone/Src/usbh_diskio_dma.c
 
Building file: /Users/ateammac/Documents/work/STM32Cube_FW_F4_V1.21.0/Projects/STM32F429I-Discovery/Applications/USB_Host/FWupgrade_Standalone/SW4STM32/startup_stm32f429xx.s
Invoking: MCU GCC Assembler
/Users/ateammac/Documents/work/STM32Cube_FW_F4_V1.21.0/Projects/STM32F429I-Discovery/Applications/USB_Host/FWupgrade_Standalone/SW4STM32/STM32F429I-DISCO/Debug
arm-none-eabi-as -mcpu=cortex-m4 -mthumb -mfloat-abi=hard -mfpu=fpv4-sp-d16 -g -o "Application/SW4STM32/startup_stm32f429xx.o" "/Users/ateammac/Documents/work/STM32Cube_FW_F4_V1.21.0/Projects/STM32F429I-Discovery/Applications/USB_Host/FWupgrade_Standalone/SW4STM32/startup_stm32f429xx.s"
Finished building: /Users/ateammac/Documents/work/STM32Cube_FW_F4_V1.21.0/Projects/STM32F429I-Discovery/Applications/USB_Host/FWupgrade_Standalone/SW4STM32/startup_stm32f429xx.s
 
Building file: ../.metadata/.plugins/org.eclipse.cdt.make.core/specs.c
Invoking: MCU GCC Compiler
/Users/ateammac/Documents/work/STM32Cube_FW_F4_V1.21.0/Projects/STM32F429I-Discovery/Applications/USB_Host/FWupgrade_Standalone/SW4STM32/STM32F429I-DISCO/Debug
arm-none-eabi-gcc -mcpu=cortex-m4 -mthumb -mfloat-abi=hard -mfpu=fpv4-sp-d16 -DUSE_HAL_DRIVER -DSTM32F429xx -DUSE_STM32F429I_DISCO -I"/Users/ateammac/Documents/work/STM32Cube_FW_F4_V1.21.0/Projects/STM32F429I-Discovery/Applications/USB_Host/FWupgrade_Standalone/Inc" -I"/Users/ateammac/Documents/work/STM32Cube_FW_F4_V1.21.0/Drivers/CMSIS/Device/ST/STM32F4xx/Include" -I"/Users/ateammac/Documents/work/STM32Cube_FW_F4_V1.21.0/Drivers/STM32F4xx_HAL_Driver/Inc" -I"/Users/ateammac/Documents/work/STM32Cube_FW_F4_V1.21.0/Drivers/BSP/STM32F429I-Discovery" -I"/Users/ateammac/Documents/work/STM32Cube_FW_F4_V1.21.0/Middlewares/ST/STM32_USB_Host_Library/Core/Inc" -I"/Users/ateammac/Documents/work/STM32Cube_FW_F4_V1.21.0/Middlewares/ST/STM32_USB_Host_Library/Class/MSC/Inc" -I"/Users/ateammac/Documents/work/STM32Cube_FW_F4_V1.21.0/Middlewares/Third_Party/FatFs/src" -I"/Users/ateammac/Documents/work/STM32Cube_FW_F4_V1.21.0/Drivers/CMSIS/Include"  -Os -g3 -Wall -fmessage-length=0 -ffunction-sections -c -fmessage-length=0 -MMD -MP -MF".metadata/.plugins/org.eclipse.cdt.make.core/specs.d" -MT".metadata/.plugins/org.eclipse.cdt.make.core/specs.o" -o ".metadata/.plugins/org.eclipse.cdt.make.core/specs.o" "../.metadata/.plugins/org.eclipse.cdt.make.core/specs.c"
Finished building: ../.metadata/.plugins/org.eclipse.cdt.make.core/specs.c
 
Building target: STM32F429I-DISCO.elf
Invoking: MCU GCC Linker
arm-none-eabi-gcc -mcpu=cortex-m4 -mthumb -mfloat-abi=hard -mfpu=fpv4-sp-d16 -specs=nosys.specs -specs=nano.specs -T"../STM32F429ZITx_FLASH.ld" -Wl,-Map=output.map -Wl,--gc-sections -o "STM32F429I-DISCO.elf" @"objects.list"   -lm
Finished building target: STM32F429I-DISCO.elf
 
/Library/Developer/CommandLineTools/usr/bin/make --no-print-directory post-build
Generating binary and Printing size information:
arm-none-eabi-objcopy -O binary "STM32F429I-DISCO.elf" "STM32F429I-DISCO.bin"
arm-none-eabi-size "STM32F429I-DISCO.elf"
   text	   data	    bss	    dec	    hex	filename
  23424	    180	  61148	  84752	  14b10	STM32F429I-DISCO.elf
 

15:52:28 Build Finished (took 12s.309ms)

